[H[J[1;1H[H[J[1;1H  Booting `oxide (multiboot2)'

MB2
L64
[XSTATE] xsave=on pre_osxsave=0 cpuid0d_eax=0000000000000007 xcr0=0000000000000007 area=832
[3.473] Kernel command line: BOOT_IMAGE=/boot/oxide-x86_64 root=/dev/oxide0 rw earlycon printk.time=1 sysctl.kernel.sysrq=1 crashkernel=512M console=ttyS0,115200 console=tty0 systemd.mask=firewalld.service systemd.mask=chronyd.service systemd.mask=ModemManager.service systemd.mask=plymouth-start.service systemd.mask=NetworkManager-wait-online.service systemd.debug_shell=ttyS0 oxide.bootargs=grub
cho SHELL""-OK
[4.478] [BOOT-DEV-NULL] type=8192 fs=devtmpfs
[4.558] systemd[1]: systemd 257.13-1.fc42 running in system mode (+PAM +AUDIT +SELINUX -APPARMOR +IMA +IPE +SMACK +SECCOMP -GCRYPT +GNUTLS +OPENSSL +ACL +BLKID +CURL +ELFUTILS +FIDO2 +IDN2 -IDN -IPTC +KMOD +LIBCRYPTSETUP +LIBCRYPTSETUP_PLUGINS +LIBFDISK +PCRE2 +PWQUALITY +P11KIT +QRENCODE +TPM2 +BZIP2 +LZ4 +XZ +ZLIB +ZSTD +BPF_FRAMEWORK +BTF +XKBCOMMON +UTMP +SYSVINIT +LIBARCHIVE)
[4.564] systemd[1]: Detected virtualization kvm.
[4.565] systemd[1]: Detected architecture x86-64.
[4.578] systemd[1]: bpf-restrict-fs: BPF LSM hook not enabled in the kernel, BPF LSM not supported.
[4.911] systemd[1]: Queued start job for default target graphical.target.
[4.914] systemd[1]: Created slice system-getty.slice - Slice /system/getty.
[4.915] systemd[1]: Created slice system-modprobe.slice - Slice /system/modprobe.
[4.915] systemd[1]: Created slice system-sshd\x2dkeygen.slice - Slice /system/sshd-keygen.
[4.916] systemd[1]: Created slice system-systemd\x2dzram\x2dsetup.slice - Slice /system/systemd-zram-setup.
[4.917] systemd[1]: Created slice user.slice - User and Session Slice.
[4.918] systemd[1]: Started systemd-ask-password-console.path - Dispatch Password Requests to Console Directory Watch.
[4.918] systemd[1]: Started systemd-ask-password-wall.path - Forward Password Requests to Wall Directory Watch.
[4.925] systemd[1]: Set up automount proc-sys-fs-binfmt_misc.automount - Arbitrary Executable File Formats File System Automount Point.
[4.926] systemd[1]: Expecting device dev-zram0.device - /dev/zram0...
[4.926] systemd[1]: Reached target cryptsetup.target - Local Encrypted Volumes.
[4.927] systemd[1]: Reached target integritysetup.target - Local Integrity Protected Volumes.
[4.927] systemd[1]: Reached target paths.target - Path Units.
[4.928] systemd[1]: Reached target remote-fs.target - Remote File Systems.
[4.928] systemd[1]: Reached target slices.target - Slice Units.
[4.929] systemd[1]: Reached target veritysetup.target - Local Verity Protected Volumes.
[4.939] systemd[1]: Listening on systemd-coredump.socket - Process Core Dump Socket.
[4.941] systemd[1]: Listening on systemd-creds.socket - Credential Encryption/Decryption.
[4.942] systemd[1]: Listening on systemd-initctl.socket - initctl Compatibility Named Pipe.
[4.943] systemd[1]: Listening on systemd-journald-audit.socket - Journal Audit Socket.
[4.945] systemd[1]: Listening on systemd-journald-dev-log.socket - Journal Socket (/dev/log).
[4.949] systemd[1]: Listening on systemd-journald.socket - Journal Sockets.
[4.953] systemd[1]: systemd-pcrextend.socket - TPM PCR Measurements skipped, unmet condition check ConditionSecurity=measured-uki
[4.954] systemd[1]: systemd-pcrlock.socket - Make TPM PCR Policy skipped, unmet condition check ConditionSecurity=measured-uki
[4.956] systemd[1]: Listening on systemd-udevd-control.socket - udev Control Socket.
[4.960] systemd[1]: Listening on systemd-udevd-kernel.socket - udev Kernel Socket.
[4.964] systemd[1]: Listening on systemd-userdbd.socket - User Database Manager Socket.
[4.972] systemd[1]: Mounting dev-hugepages.mount - Huge Pages File System...
[4.976] systemd[1]: Mounting dev-mqueue.mount - POSIX Message Queue File System...
[4.982] systemd[1]: sys-kernel-debug.mount: Directory /sys/kernel/debug to mount over is not empty, mounting anyway.
[4.987] systemd[1]: Mounting sys-kernel-debug.mount - Kernel Debug File System...
[4.991] systemd[1]: sys-kernel-tracing.mount: Directory /sys/kernel/tracing to mount over is not empty, mounting anyway.
[4.996] systemd[1]: Mounting sys-kernel-tracing.mount - Kernel Trace File System...
[5.001] systemd[1]: Started debug-shell.service - Early root shell on /dev/ttyS0 FOR DEBUGGING ONLY.
[5.007] systemd[1]: fips-crypto-policy-overlay.service - Bind-mount FIPS crypto-policy in FIPS mode skipped, unmet condition check ConditionKernelCommandLine=fips=1
[5.014] systemd[1]: kmod-static-nodes.service - Create List of Static Device Nodes skipped, unmet condition check ConditionFileNotEmpty=/lib/modules/6.19.0-oxide/modules.devname
[5.026] systemd[1]: Starting modprobe@configfs.service - Load Kernel Module configfs...
[5.031] systemd[1]: Starting modprobe@dm_mod.service - Load Kernel Module dm_mod...
[5.035] systemd[1]: Starting modprobe@drm.service - Load Kernel Module drm...
[5.040] systemd[1]: Starting modprobe@fuse.service - Load Kernel Module fuse...
[5.047] systemd[1]: Starting modprobe@loop.service - Load Kernel Module loop...
[5.051] systemd[1]: systemd-hibernate-clear.service - Clear Stale Hibernate Storage Info skipped, unmet condition check ConditionPathExists=/sys/firmware/efi/efivars/HibernateLocation-8cf2644b-4b0b-428f-9387-6d876050dc67
[5.067] systemd[1]: Starting systemd-journald.service - Journal Service...
[!p]104[?7h[6n[32766;32766H[6n[5.081] systemd[1]: Starting systemd-modules-load.service - Load Kernel Modules...
[5.085] systemd[1]: systemd-pcrmachine.service - TPM PCR Machine ID Measurement skipped, unmet condition check ConditionSecurity=measured-uki
[5.088] systemd[1]: Starting systemd-remount-fs.service - Remount Root and Kernel File Systems...
[5.093] systemd[1]: Starting systemd-tmpfiles-setup-dev-early.service - Create Static Device Nodes in /dev gracefully...
[5.097] systemd[1]: systemd-tpm2-setup-early.service - Early TPM SRK Setup skipped, unmet condition check ConditionSecurity=measured-uki
[5.099] systemd[1]: Starting systemd-udev-load-credentials.service - Load udev Rules from Credentials...
[5.104] systemd[1]: Starting systemd-udev-trigger.service - Coldplug All udev Devices...
[5.108] systemd[1]: Mounted dev-hugepages.mount - Huge Pages File System.
[5.112] systemd[1]: Mounted dev-mqueue.mount - POSIX Message Queue File System.
[5.144] systemd[1]: Mounted sys-kernel-tracing.mount - Kernel Trace File System.
[5.151] systemd[1]: modprobe@dm_mod.service: Deactivated successfully.
[5.153] systemd[1]: Finished modprobe@dm_mod.service - Load Kernel Module dm_mod.
[5.157] systemd[1]: modprobe@fuse.service: Deactivated successfully.
[5.159] systemd[1]: Finished modprobe@fuse.service - Load Kernel Module fuse.
[5.163] systemd[1]: modprobe@configfs.service: Deactivated successfully.
[5.165] systemd[1]: Finished modprobe@configfs.service - Load Kernel Module configfs.
[5.169] systemd[1]: sys-fs-fuse-connections.mount - FUSE Control File System skipped, unmet condition check ConditionPathExists=/sys/fs/fuse/connections
[5.173] systemd[1]: Mounting sys-kernel-config.mount - Kernel Configuration File System...
[5.178] systemd[1]: modprobe@loop.service: Deactivated successfully.
[5.180] systemd[1]: Finished modprobe@loop.service - Load Kernel Module loop.
[5.184] systemd[1]: Mounted sys-kernel-debug.mount - Kernel Debug File System.
[5.188] systemd[1]: Finished systemd-remount-fs.service - Remount Root and Kernel File Systems.
[5.198] systemd[1]: systemd-hwdb-update.service - Rebuild Hardware Database skipped, unmet condition check ConditionNeedsUpdate=/etc
[5.204] systemd[1]: Starting systemd-random-seed.service - Load/Save OS Random Seed...
[5.212] systemd[1]: systemd-repart.service - Repartition Root Disk skipped, no trigger condition checks were met.
[5.214] systemd[1]: systemd-tpm2-setup.service - TPM SRK Setup skipped, unmet condition check ConditionSecurity=measured-uki
[5.217] systemd[1]: modprobe@drm.service: Deactivated successfully.
[5.220] systemd[1]: Finished modprobe@drm.service - Load Kernel Module drm.
[5.228] systemd[1]: Mounted sys-kernel-config.mount - Kernel Configuration File System.
[5.243] systemd-journald[33]: Collecting audit messages is enabled.
[5.245] systemd[1]: Finished systemd-udev-load-credentials.service - Load udev Rules from Credentials.
[5.257] systemd[1]: Started systemd-journald.service - Journal Service.
[5.307] systemd-journald[33]: Received client request to flush runtime journal.
[!p]104[?7h[6n[32766;32766H[6n[?2004hsh-5.2# echo SHELL""-OK
[?2004lSHELL-OK
[?2004hsh-5.2# set -x; KV=$(ls /lib/modules | head -1); K=/lib/modules/$KV/vmlinuz; I=/bboot/initramfs-$KV.img; ls -l $K $I; echo KEXEC-PATHS""-OK
[?2004l++ ls /lib/modules
++ head -1
+ KV=6.19.14-108.fc42.x86_64
+ K=/lib/modules/6.19.14-108.fc42.x86_64/vmlinuz
+ I=/boot/initramfs-6.19.14-108.fc42.x86_64.img
+ ls -l /lib/modules/6.19.14-108.fc42.x86_64/vmlinuz /boot/initramfs-6.19.14-108.fc42.x86_64.img
-rw------- 1 root root 42904727 Aug  9 22:46 /boot/initramfs-6.19.14-108.fc42.x86_64.img
-rwxr-xr-x 1 root root 18233704 May 21 00:00 /lib/modules/6.19.14-108.fc42.x86_64/vmlinuz
+ echo KEXEC-PATHS-OK
KEXEC-PATHS-OK
[?2004hsh-5.2# kexec -l $K --initrd=$I --command-line="console=ttyS0,115200 console=ttyAAMA0,115200 panic=10 rdinit=/bin/sh"; echo KEXEC-LOAD""-RC=$?
[?2004l+ kexec -l /lib/modules/6.19.14-108.fc42.x86_64/vmlinuz --initrd=/boot/initramfs-6.19.14-108.fc42.x86_64.img '--command-line=console=ttyS0,115200 console=ttyAMA0,115200 panic=10 rdinit=/bin/sh'
+ echo KEXEC-LOAD-RC=0
KEXEC-LOAD-RC=0
[?2004hsh-5.2# kexec -e
[?2004l+ kexec -e
[10.213] driver_shutdown bus=virtio addr=virtio9 driver=virtio-gpu
[10.217] driver_shutdown bus=pci addr=0000:00:0c.0 driver=virtio-pci
[10.220] driver_shutdown bus=pci addr=0000:00:0b.0 driver=ahci
[10.223] driver_shutdown bus=pci addr=0000:00:0a.0 driver=nvme
[10.226] driver_shutdown bus=virtio addr=virtio8 driver=virtio-snd
[10.227] driver_shutdown bus=pci addr=0000:00:09.0 driver=virtio-pci
[10.229] driver_shutdown bus=virtio addr=virtio7 driver=virtio-vsock
[10.232] driver_shutdown bus=pci addr=0000:00:08.0 driver=virtio-pci
[10.234] driver_shutdown bus=virtio addr=virtio6 driver=virtio-rng
[10.236] driver_shutdown bus=pci addr=0000:00:07.0 driver=virtio-pci
[10.238] driver_shutdown bus=virtio addr=virtio5 driver=virtio-input
[10.239] driver_shutdown bus=pci addr=0000:00:06.0 driver=virtio-pci
[10.241] driver_shutdown bus=virtio addr=virtio4 driver=virtio-input
[10.242] driver_shutdown bus=pci addr=0000:00:05.0 driver=virtio-pci
[10.245] driver_shutdown bus=virtio addr=virtio3 driver=virtio-input
[10.246] driver_shutdown bus=pci addr=0000:00:04.0 driver=virtio-pci
[10.248] driver_shutdown bus=virtio addr=virtio2 driver=virtio-net
[10.251] driver_shutdown bus=pci addr=0000:00:03.0 driver=virtio-pci
[10.253] driver_shutdown bus=virtio addr=virtio1 driver=virtio-blk
[10.254] driver_shutdown bus=pci addr=0000:00:02.0 driver=virtio-pci
[10.256] driver_shutdown bus=virtio addr=virtio0 driver=virtio-blk
[10.258] driver_shutdown bus=pci addr=0000:00:01.0 driver=virtio-pci
[10.260] driver_shutdown bus=platform addr=i8042 driver=i8042-kbd
[10.261] driver_shutdown bus=platform addr=serial0 driver=8250-serial
kexec: stopping the machine
kexec: io-apic silent
kexec: stop requested
kexec: other cpus stopped
kexec: local apic in boot mode
kexec: starting new kernel
[    0.000000] Linux version 6.1