[2J[001;001H[=3h[2J[001;001H[2J[001;001H[8;042;160t[2J[001;001HBdsDxe: failed to load Boot0002 "UEFI Misc Device" from PciRoot(0x0)/Pci(0x1,0x0): Not Found
BdsDxe: failed to load Boot0003 "UEFI Misc Device 2" from PciRoot(0x0)/Pci(0x2,0x0): Not Found
BdsDxe: failed to load Boot0004 "UEFI QEMU NVMe Ctrl oxnvme 1" from PciRoot(0x0)/Pci(0xB,0x0)/NVMe(0x1,00-00-00-00-00-00-00-00): Not Found
BdsDxe: loading Boot0005 "UEFI Misc Device 3" from PciRoot(0x0)/Pci(0xD,0x0)
BdsDxe: starting Boot0005 "UEFI Misc Device 3" from PciRoot(0x0)/Pci(0xD,0x0)
  Booting `oxide (EFI-stub)'

A1BCDE[2.036] Kernel command line: BOOT_IMAGE=/boot/oxide-aarch64.Image root=/dev/oxide0 rw earlycon printk.time=1 systemd.mask=systemd-udev-trigger.service systemd.mask=auditd.service systemd.mask=systemd-hwdb-update.service console=ttyAMA0,115200 console=tty0 systemd.mask=firewalld.service systemd.mask=chronyd.service systemd.mask=ModemManager.service systemd.mask=plymouth-start.service systemd.mask=NetworkManager-wait-online.service systemd.debug_shell=ttyS0 oxide.bootargs=grub
[2.251] [BOOT-DEV-NULL] type=8192 fs=devtmpfs
[2.726] systemd[1]: System time advanced to built-in epoch: Fri 2026-03-13 00:00:00 UTC
[2.909] systemd[1]: systemd 257.13-1.fc42 running in system mode (+PAM +AUDIT +SELINUX -APPARMOR +IMA +IPE +SMACK +SECCOMP -GCRYPT +GNUTLS +OPENSSL +ACL +BLKID +CURL +ELFUTILS +FIDO2 +IDN2 -IDN -IPTC +KMOD +LIBCRYPTSETUP +LIBCRYPTSETUP_PLUGINS +LIBFDISK +PCRE2 +PWQUALITY +P11KIT +QRENCODE +TPM2 +BZIP2 +LZ4 +XZ +ZLIB +ZSTD +BPF_FRAMEWORK +BTF +XKBCOMMON +UTMP +SYSVINIT +LIBARCHIVE)
[2.913] systemd[1]: Detected architecture arm64.
[3.060] systemd[1]: bpf-restrict-fs: BPF LSM hook not enabled in the kernel, BPF LSM not supported.
echo SHELL""-OK
[7.137] systemd[1]: Queued start job for default target graphical.target.
[7.171] systemd[1]: Created slice system-getty.slice - Slice /system/getty.
[7.178] systemd[1]: Created slice system-modprobe.slice - Slice /system/modprobe.
[7.182] systemd[1]: Created slice system-sshd\x2dkeygen.slice - Slice /system/sshd-keygen.
[7.187] systemd[1]: Created slice system-systemd\x2dzram\x2dsetup.slice - Slice /system/systemd-zram-setup.
[7.192] systemd[1]: Created slice user.slice - User and Session Slice.
[7.196] systemd[1]: Started systemd-ask-password-console.path - Dispatch Password Requests to Console Directory Watch.
[7.199] systemd[1]: Started systemd-ask-password-wall.path - Forward Password Requests to Wall Directory Watch.
[7.209] systemd[1]: Set up automount proc-sys-fs-binfmt_misc.automount - Arbitrary Executable File Formats File System Automount Point.
[7.212] systemd[1]: Expecting device dev-zram0.device - /dev/zram0...
[7.214] systemd[1]: Reached target cryptsetup.target - Local Encrypted Volumes.
[7.216] systemd[1]: Reached target integritysetup.target - Local Integrity Protected Volumes.
[7.218] systemd[1]: Reached target paths.target - Path Units.
[7.220] systemd[1]: Reached target remote-fs.target - Remote File Systems.
[7.223] systemd[1]: Reached target slices.target - Slice Units.
[7.225] systemd[1]: Reached target veritysetup.target - Local Verity Protected Volumes.
[7.258] systemd[1]: Listening on systemd-coredump.socket - Process Core Dump Socket.
[7.277] systemd[1]: Listening on systemd-creds.socket - Credential Encryption/Decryption.
[7.281] systemd[1]: Listening on systemd-initctl.socket - initctl Compatibility Named Pipe.
[7.287] systemd[1]: Listening on systemd-journald-audit.socket - Journal Audit Socket.
[7.291] systemd[1]: Listening on systemd-journald-dev-log.socket - Journal Socket (/dev/log).
[7.322] systemd[1]: Listening on systemd-journald.socket - Journal Sockets.
[7.358] systemd[1]: systemd-pcrextend.socket - TPM PCR Measurements skipped, unmet condition check ConditionSecurity=measured-uki
[7.377] systemd[1]: systemd-pcrlock.socket - Make TPM PCR Policy skipped, unmet condition check ConditionSecurity=measured-uki
[7.394] systemd[1]: Listening on systemd-udevd-control.socket - udev Control Socket.
[7.431] systemd[1]: Listening on systemd-udevd-kernel.socket - udev Kernel Socket.
[7.463] systemd[1]: Listening on systemd-userdbd.socket - User Database Manager Socket.
[7.550] systemd[1]: Mounting dev-hugepages.mount - Huge Pages File System...
[7.665] systemd[1]: Mounting dev-mqueue.mount - POSIX Message Queue File System...
[7.700] systemd[1]: sys-kernel-debug.mount: Directory /sys/kernel/debug to mount over is not empty, mounting anyway.
[7.766] systemd[1]: Mounting sys-kernel-debug.mount - Kernel Debug File System...
[7.867] systemd[1]: sys-kernel-tracing.mount: Directory /sys/kernel/tracing to mount over is not empty, mounting anyway.
[7.907] systemd[1]: Mounting sys-kernel-tracing.mount - Kernel Trace File System...
[8.055] systemd[1]: Started debug-shell.service - Early root shell on /dev/ttyS0 FOR DEBUGGING ONLY.
[8.099] systemd[1]: fips-crypto-policy-overlay.service - Bind-mount FIPS crypto-policy in FIPS mode skipped, unmet condition check ConditionKernelCommandLine=fips=1
[!p]104[?7h[6n[32766;32766H[6n[8.123] systemd[1]: kmod-static-nodes.service - Create List of Static Device Nodes skipped, unmet condition check ConditionFileNotEmpty=/lib/modules/6.19.0-oxide/modules.devname
[8.157] systemd[1]: Starting modprobe@configfs.service - Load Kernel Module configfs...
[8.267] systemd[1]: Starting modprobe@dm_mod.service - Load Kernel Module dm_mod...
[8.407] systemd[1]: Starting modprobe@drm.service - Load Kernel Module drm...
[!p]104[?7h[6n[32766;32766H[6n[8.517] systemd[1]: Starting modprobe@fuse.service - Load Kernel Module fuse...
[8.567] systemd[1]: Starting modprobe@loop.service - Load Kernel Module loop...
[8.657] systemd[1]: systemd-hibernate-clear.service - Clear Stale Hibernate Storage Info skipped, unmet condition check ConditionPathExists=/sys/firmware/efi/efivars/HibernateLocation-8cf2644b-4b0b-428f-9387-6d876050dc67
[8.778] systemd[1]: Starting systemd-journald.service - Journal Service...
[8.928] systemd[1]: Starting systemd-modules-load.service - Load Kernel Modules...
[?2004hsh-5.2# [8.999] systemd[1]: systemd-pcrmachine.service - TPM PCR Machine ID Measurement skipped, unmet condition check ConditionSecurity=measured-uki
[9.107] systemd[1]: Starting systemd-remount-fs.service - Remount Root and Kernel File Systems...
[9.214] systemd-journald[33]: Collecting audit messages is enabled.
[9.327] systemd[1]: Starting systemd-tmpfiles-setup-dev-early.service - Create Static Device Nodes in /dev gracefully...
[9.368] systemd[1]: systemd-tpm2-setup-early.service - Early TPM SRK Setup skipped, unmet condition check ConditionSecurity=measured-uki
[9.458] systemd[1]: Starting systemd-udev-load-credentials.service - Load udev Rules from Credentials...
[9.750] systemd[1]: Started systemd-journald.service - Journal Service.
[10.508] systemd-journald[33]: Received client request to flush runtime journal.
echo SHELL""-OK
[?2004lSHELL-OK
[?2004hsh-5.2# set -x; KV=$(ls /lib/modules | head -1); K=/lib/modules/$KV/vmlinuz; I=/bboot/initramfs-$KV.img; ls -l $K $I; echo KEXEC-PATHS""-OK
[?2004l++ ls /lib/modules
++ head -1
+ KV=6.19.14-108.fc42.aarch64
+ K=/lib/modules/6.19.14-108.fc42.aarch64/vmlinuz
+ I=/boot/initramfs-6.19.14-108.fc42.aarch64.img
+ ls -l /lib/modules/6.19.14-108.fc42.aarch64/vmlinuz /boot/initramfs-6.19.14-108.fc42.aarch64.img
-rw------- 1 root root 38335185 Aug  9  2026 /boot/initramfs-6.19.14-108.fc42.aarch64.img
-rwxr-xr-x 1 root root 16636264 May 21  2026 /lib/modules/6.19.14-108.fc42.aarch64/vmlinuz
+ echo KEXEC-PATHS-OK
KEXEC-PATHS-OK
kexec -l $K --initrd=$I --command-line="console=ttyS0,115200 panic=10 rdinit=/bin/sh"; echo KEXEC-LOAD""-RC=$?
[?2004hsh-5.2# kexec -l $K --initrd=$I --command-line="console=ttyS0,115200 panic=10 rdiinit=/bin/sh"; echo KEXEC-LOAD""-RC=$?
[?2004l+ kexec -l /lib/modules/6.19.14-108.fc42.aarch64/vmlinuz --initrd=/boot/initramfs-6.19.14-108.fc42.aarch64.img '--command-line=console=ttyS0,115200 panic=10 rdinit=/bin/sh'
Can't open (/proc/kcore).
Can't get the symbol of _text to calculate page_offset.
kexec: Error: No device tree available.
kexec: load failed.
Cannot load /lib/modules/6.19.14-108.fc42.aarch64/vmlinuz
+ echo KEXEC-LOAD-RC=255
KEXEC-LOAD-RC=255
[?2004hsh-5.2# 