[H[J[1;1H[H[J[1;1H  Booting `oxide (multiboot2)'

MB2
L64
[XSTATE] xsave=on pre_osxsave=0 cpuid0d_eax=0000000000000007 xcr0=0000000000000007 area=832
[4.000] Kernel command line: BOOT_IMAGE=/boot/oxide-x86_64 root=/dev/oxide0 rw earlycon printk.time=1 systemd.mask=systemd-udev-trigger.service systemd.mask=auditd.service systemd.mask=systemd-hwdb-update.service console=ttyS0,115200 console=tty0 systemd.mask=firewalld.service systemd.mask=chronyd.service systemd.mask=ModemManager.service systemd.mask=plymouth-start.service systemd.mask=NetworkManager-wait-online.service systemd.debug_shell=ttyS0 oxide.bootargs=grub
cho SHELL""-OK
[4.698] [BOOT-DEV-NULL] type=8192 fs=devtmpfs
[4.795] systemd[1]: systemd 257.13-1.fc42 running in system mode (+PAM +AUDIT +SELINUX -APPARMOR +IMA +IPE +SMACK +SECCOMP -GCRYPT +GNUTLS +OPENSSL +ACL +BLKID +CURL +ELFUTILS +FIDO2 +IDN2 -IDN -IPTC +KMOD +LIBCRYPTSETUP +LIBCRYPTSETUP_PLUGINS +LIBFDISK +PCRE2 +PWQUALITY +P11KIT +QRENCODE +TPM2 +BZIP2 +LZ4 +XZ +ZLIB +ZSTD +BPF_FRAMEWORK +BTF +XKBCOMMON +UTMP +SYSVINIT +LIBARCHIVE)
[4.803] systemd[1]: Detected virtualization kvm.
[4.804] systemd[1]: Detected architecture x86-64.
[4.820] systemd[1]: bpf-restrict-fs: BPF LSM hook not enabled in the kernel, BPF LSM not supported.
[5.220] systemd[1]: Queued start job for default target graphical.target.
[5.223] systemd[1]: Created slice system-getty.slice - Slice /system/getty.
[5.225] systemd[1]: Created slice system-modprobe.slice - Slice /system/modprobe.
[5.228] systemd[1]: Created slice system-sshd\x2dkeygen.slice - Slice /system/sshd-keygen.
[5.230] systemd[1]: Created slice system-systemd\x2dzram\x2dsetup.slice - Slice /system/systemd-zram-setup.
[5.233] systemd[1]: Created slice user.slice - User and Session Slice.
[5.234] systemd[1]: Started systemd-ask-password-console.path - Dispatch Password Requests to Console Directory Watch.
[5.237] systemd[1]: Started systemd-ask-password-wall.path - Forward Password Requests to Wall Directory Watch.
[5.240] systemd[1]: Set up automount proc-sys-fs-binfmt_misc.automount - Arbitrary Executable File Formats File System Automount Point.
[5.243] systemd[1]: Expecting device dev-zram0.device - /dev/zram0...
[5.244] systemd[1]: Reached target cryptsetup.target - Local Encrypted Volumes.
[5.246] systemd[1]: Reached target integritysetup.target - Local Integrity Protected Volumes.
[5.248] systemd[1]: Reached target paths.target - Path Units.
[5.250] systemd[1]: Reached target remote-fs.target - Remote File Systems.
[5.252] systemd[1]: Reached target slices.target - Slice Units.
[5.254] systemd[1]: Reached target veritysetup.target - Local Verity Protected Volumes.
[5.260] systemd[1]: Listening on systemd-coredump.socket - Process Core Dump Socket.
[5.264] systemd[1]: Listening on systemd-creds.socket - Credential Encryption/Decryption.
[5.267] systemd[1]: Listening on systemd-initctl.socket - initctl Compatibility Named Pipe.
[5.270] systemd[1]: Listening on systemd-journald-audit.socket - Journal Audit Socket.
[5.275] systemd[1]: Listening on systemd-journald-dev-log.socket - Journal Socket (/dev/log).
[5.282] systemd[1]: Listening on systemd-journald.socket - Journal Sockets.
[5.289] systemd[1]: systemd-pcrextend.socket - TPM PCR Measurements skipped, unmet condition check ConditionSecurity=measured-uki
[5.295] systemd[1]: systemd-pcrlock.socket - Make TPM PCR Policy skipped, unmet condition check ConditionSecurity=measured-uki
[5.300] systemd[1]: Listening on systemd-udevd-control.socket - udev Control Socket.
[5.308] systemd[1]: Listening on systemd-udevd-kernel.socket - udev Kernel Socket.
[5.316] systemd[1]: Listening on systemd-userdbd.socket - User Database Manager Socket.
[5.327] systemd[1]: Mounting dev-hugepages.mount - Huge Pages File System...
[5.346] systemd[1]: Mounting dev-mqueue.mount - POSIX Message Queue File System...
[5.353] systemd[1]: sys-kernel-debug.mount: Directory /sys/kernel/debug to mount over is not empty, mounting anyway.
[5.366] systemd[1]: Mounting sys-kernel-debug.mount - Kernel Debug File System...
[5.376] systemd[1]: sys-kernel-tracing.mount: Directory /sys/kernel/tracing to mount over is not empty, mounting anyway.
[5.386] systemd[1]: Mounting sys-kernel-tracing.mount - Kernel Trace File System...
[!p]104[?7h[6n[32766;32766H[6n[5.412] systemd[1]: Started debug-shell.service - Early root shell on /dev/ttyS0 FOR DEBUGGING ONLY.
[5.424] systemd[1]: fips-crypto-policy-overlay.service - Bind-mount FIPS crypto-policy in FIPS mode skipped, unmet condition check ConditionKernelCommandLine=fips=1
[5.435] systemd[1]: kmod-static-nodes.service - Create List of Static Device Nodes skipped, unmet condition check ConditionFileNotEmpty=/lib/modules/6.19.0-oxide/modules.devname
[5.444] systemd[1]: Starting modprobe@configfs.service - Load Kernel Module configfs...
[5.462] systemd[1]: Starting modprobe@dm_mod.service - Load Kernel Module dm_mod...
[5.491] systemd[1]: Starting modprobe@drm.service - Load Kernel Module drm...
[5.506] systemd[1]: Starting modprobe@fuse.service - Load Kernel Module fuse...
[5.523] systemd[1]: Starting modprobe@loop.service - Load Kernel Module loop...
[5.531] systemd[1]: systemd-hibernate-clear.service - Clear Stale Hibernate Storage Info skipped, unmet condition check ConditionPathExists=/sys/firmware/efi/efivars/HibernateLocation-8cf2644b-4b0b-428f-9387-6d876050dc67
[5.547] systemd[1]: Starting systemd-journald.service - Journal Service...
[5.588] systemd[1]: Starting systemd-modules-load.service - Load Kernel Modules...
[5.598] systemd[1]: systemd-pcrmachine.service - TPM PCR Machine ID Measurement skipped, unmet condition check ConditionSecurity=measured-uki
[5.618] systemd[1]: Starting systemd-remount-fs.service - Remount Root and Kernel File Systems...
[5.644] systemd[1]: Starting systemd-tmpfiles-setup-dev-early.service - Create Static Device Nodes in /dev gracefully...
[5.652] systemd[1]: systemd-tpm2-setup-early.service - Early TPM SRK Setup skipped, unmet condition check ConditionSecurity=measured-uki
[5.662] systemd[1]: Starting systemd-udev-load-credentials.service - Load udev Rules from Credentials...
[5.693] systemd-journald[33]: Collecting audit messages is enabled.
[5.706] systemd[1]: Mounted dev-hugepages.mount - Huge Pages File System.
[5.719] systemd[1]: Mounted dev-mqueue.mount - POSIX Message Queue File System.
[5.733] systemd[1]: Started systemd-journald.service - Journal Service.
[!p]104[?7h[6n[32766;32766H[6n[5.809] systemd-journald[33]: Received client request to flush runtime journal.
echo SHELL""-OK
[?2004hsh-5.2# echo SHELL""-OK
[?2004lSHELL-OK
[?2004hsh-5.2# set -x; KV=$(ls /lib/modules | head -1); K=/lib/modules/$KV/vmlinuz; I=/bboot/initramfs-$KV.img; ls -l $K $I; echo KEXEC-PATHS""-OK
[?2004l++ ls /lib/modules
++ head -1
+ KV=6.19.14-108.fc42.x86_64
+ K=/lib/modules/6.19.14-108.fc42.x86_64/vmlinuz
+ I=/boot/initramfs-6.199.14-108.fc42.x86_64.img
+ ls -l /lib/modules/6.19.14-108.fc42.x86_64/vmlinuz /boot/initramfs-6.19.14-108.fc42.x86_64.img
-rw------- 1 root root 42904727 Aug  9 22:46 /boot/initramfs-6.19.14-108.fc42.x86_64.img
-rwxr-xr-x 1 root root 18233704 May 21 00:00 /lib/modules/6.19.14-108.fc42.x86_64/vmlinuz
+ echo KEXEC-PATHS-OK
KEXEC-PATHS-OK
[?2004hsh-5.2# kexec -l $K --initrd=$I --command-line="console=ttyS0,115200 panic=10 rd init=/bin/sh"; echo KEXEC-LOAD""-RC=$?
[?2004l+ kexec -l /lib/modules/6.19.14-108.fc42.x86_64/vmlinuz --initrd=/boot/initramfs-6.19.14-108.fc42.x86_64.img '--command-line=console=ttyS0,115200 panic=10 rrdinit=/bin/sh'
+ echo KEXEC-LOAD-RC=0
KEXEC-LOAD-RC=0
[?2004hsh-5.2# kexec -e
[?2004l+ kexec -e
[10.976] driver_shutdown bus=virtio addr=virtio9 driver=virtio-gpu
[10.982] driver_shutdown bus=pci addr=0000:00:0c.0 driver=virtio-pci
[10.988] driver_shutdown bus=pci addr=0000:00:0b.0 driver=ahci
[10.992] driver_shutdown bus=pci addr=0000:00:0a.0 driver=nvme
[10.996] driver_shutdown bus=virtio addr=virtio8 driver=virtio-snd
[11.000] driver_shutdown bus=pci addr=0000:00:09.0 driver=virtio-pci
[11.005] driver_shutdown bus=virtio addr=virtio7 driver=virtio-vsock
[11.010] driver_shutdown bus=pci addr=0000:00:08.0 driver=virtio-pci
[11.014] driver_shutdown bus=virtio addr=virtio6 driver=virtio-rng
[11.017] driver_shutdown bus=pci addr=0000:00:07.0 driver=virtio-pci
[11.022] driver_shutdown bus=virtio addr=virtio5 driver=virtio-input
[11.025] driver_shutdown bus=pci addr=0000:00:06.0 driver=virtio-pci
[11.029] driver_shutdown bus=virtio addr=virtio4 driver=virtio-input
[11.033] driver_shutdown bus=pci addr=0000:00:05.0 driver=virtio-pci
[11.036] driver_shutdown bus=virtio addr=virtio3 driver=virtio-input
[11.040] driver_shutdown bus=pci addr=0000:00:04.0 driver=virtio-pci
[11.045] driver_shutdown bus=virtio addr=virtio2 driver=virtio-net
[11.051] driver_shutdown bus=pci addr=0000:00:03.0 driver=virtio-pci
[11.054] driver_shutdown bus=virtio addr=virtio1 driver=virtio-blk
[11.058] driver_shutdown bus=pci addr=0000:00:02.0 driver=virtio-pci
[11.061] driver_shutdown bus=virtio addr=virtio0 driver=virtio-blk
[11.064] driver_shutdown bus=pci addr=0000:00:01.0 driver=virtio-pci
[11.067] driver_shutdown bus=platform addr=i8042 driver=i8042-kbd
[11.070] driver_shutdown bus=platform addr=serial0 driver=8250-serial
[11.074] kexec: starting new kernel
[    0.000000] Linux version 6.19.14-108.fc42.x86_64 (mockbuild@14c6e9dc78654ab2b36007daa300f51f) (gcc (GCC) 15.2.1 20260123 (Red Hat 15.2.1-7), GNU ld version 2.44-12.fc42) #1 SMP PREEMPT_DYNAMIC Thu May 21 18:06:59 UTC 2026
[    0.000000] Command line: console=ttyS0,115200 panic=10 rdinit=/bin/sh
[    0.000000] BIOS-provided physical RAM map:
[    0.000000] BIOS-e820: [mem 0x0000000000001000-0x000000000009efff] usable
[    0.000000] BIOS-e820: [mem 0x0000000000100000-0x00000000001fffff] usable
[    0.000000] BIOS-e820: [mem 0x00000000094fa000-0x000000007ffd8fff] usable
[    0.000000] BIOS-e820: [mem 0x0000000100000000-0x000000017fffffff] usable
[    0.000000] random: crng init done
[    0.000000] NX (Execute Disable) protection: active
[    0.000000] APIC: Static calls initialized
[    0.000000] SMBIOS 2.8 present.
[    0.000000] DMI: QEMU Standard PC (Q35 + ICH9, 2009), BIOS 1.17.0-8.fc42 06/10/2025
[    0.000000] DMI: Memory slots populated: 1/1
[    0.000000] Hypervisor detected: KVM
[    0.000000] last_pfn = 0x7ffd9 max_arch_pfn = 0x400000000
[    0.000000] kvm-clock: Using msrs 4b564d01 and 4b564d00
[    0.000000] kvm-clock: using sched offset of 11525810237 cycles
[    0.000002] clocksource: kvm-clock: mask: 0xffffffffffffffff max_cycles: 0x1cd42e4dffb, max_idle_ns: 881590591483 ns
[    0.000006] tsc: Detected 4199.952 MHz processor
[    0.000244] last_pfn = 0x180000 max_arch_pfn = 0x400000000
[    0.000275] MTRR map: 4 entries (3 fixed + 1 variable; max 19), built from 8 variable MTRRs
[    0.000278] x86/PAT: Configuration [0-7]: WB  WC  UC- UC  WB  WP  UC- WT  
[    0.000321] last_pfn = 0x7ffd9 max_arch_pfn = 0x400000000
[    0.002022] found SMP MP-table at [mem 0x000f5480-0x000f548f]
[    0.002169] RAMDISK: [mem 0x178b15000-0x17b3fffff]
[    0.002172] ACPI: Early table checksum verification disabled
[    0.002175] ACPI: RSDP 0x00000000000F52B0 000014 (v00 BOCHS )
[    0.002179] ACPI: RSDT 0x000000007FFE239D 000038 (v01 BOCHS  BXPC     00000001 BXPC 00000001)
[    0.002183] ACPI: FACP 0x000000007FFE2195 0000F4 (v03 BOCHS  BXPC     00000001 BXPC 00000001)
[    0.002190] ACPI: DSDT 0x000000007FFE0040 002155 (v01 BOCHS  BXPC     00000001 BXPC 00000001)
[    0.002192] ACPI: FACS 0x000000007FFE0000 000040
[    0.002193] ACPI: APIC 0x000000007FFE2289 000078 (v03 BOCHS  BXPC     00000001 BXPC 00000001)
[    0.002194] ACPI: HPET 0x000000007FFE2301 000038 (v01 BOCHS  BXPC     00000001 BXPC 00000001)
[    0.002196] ACPI: MCFG 0x000000007FFE2339 00003C (v01 BOCHS  BXPC     00000001 BXPC 00000001)
[    0.002197] ACPI: WAET 0x000000007FFE2375 000028 (v01 BOCHS  BXPC     00000001 BXPC 00000001)
[    0.002198] ACPI: Reserving FACP table memory at [mem 0x7ffe2195-0x7ffe2288]
[    0.002199] ACPI: Reserving DSDT table memory at [mem 0x7ffe0040-0x7ffe2194]
[    0.002199] ACPI: Reserving FACS table memory at [mem 0x7ffe0000-0x7ffe003f]
[    0.002200] ACPI: Reserving APIC table memory at [mem 0x7ffe2289-0x7ffe2300]
[    0.002200] ACPI: Reserving HPET table memory at [mem 0x7ffe2301-0x7ffe2338]
[    0.002201] ACPI: Reserving MCFG table memory at [mem 0x7ffe2339-0x7ffe2374]
[    0.002201] ACPI: Reserving WAET table memory at [mem 0x7ffe2375-0x7ffe239c]
[    0.002602] No NUMA configuration found
[    0.002603] Faking a node at [mem 0x0000000000000000-0x000000017fffffff]
[    0.002611] NODE_DATA(0) allocated [mem 0x17ffd5280-0x17fffffff]
[    0.002747] Zone ranges:
[    0.002748]   DMA      [mem 0x0000000000001000-0x0000000000ffffff]
[    0.002749]   DMA32    [mem 0x0000000001000000-0x00000000ffffffff]
[    0.002750]   Normal   [mem 0x0000000100000000-0x000000017fffffff]
[    0.002751]   Device   empty
[    0.002751] Movable zone start for each node
[    0.002753] Early memory node ranges
[    0.002753]   node   0: [mem 0x0000000000001000-0x000000000009efff]
[    0.002754]   node   0: [mem 0x0000000000100000-0x00000000001fffff]
[    0.002755]   node   0: [mem 0x00000000094fa000-0x000000007ffd8fff]
[    0.002755]   node   0: [mem 0x0000000100000000-0x000000017fffffff]
[    0.002756] Initmem setup node 0 [mem 0x0000000000001000-0x000000017fffffff]
[    0.002761] On node 0, zone DMA: 1 pages in unavailable ranges
[    0.002764] On node 0, zone DMA: 97 pages in unavailable ranges
[    0.004067] On node 0, zone DMA32: 37626 pages in unavailable ranges
[    0.007279] On node 0, zone Normal: 39 pages in unavailable ranges
[    0.008044] ACPI: PM-Timer IO Port: 0x608
[    0.008063] ACPI: LAPIC_NMI (acpi_id[0xff] dfl dfl lint[0x1])
[    0.008093] IOAPIC[0]: apic_id 0, version 17, address 0xfec00000, GSI 0-23
[    0.008095] ACPI: INT_SRC_OVR (bus 0 bus_irq 0 global_irq 2 dfl dfl)
[    0.008096] ACPI: INT_SRC_OVR (bus 0 bus_irq 5 global_irq 5 high level)
[    0.008097] ACPI: INT_SRC_OVR (bus 0 bus_irq 9 global_irq 9 high level)
[    0.008098] ACPI: INT_SRC_OVR (bus 0 bus_irq 10 global_irq 10 high level)
[    0.008099] ACPI: INT_SRC_OVR (bus 0 bus_irq 11 global_irq 11 high level)
[    0.008101] ACPI: Using ACPI (MADT) for SMP configuration information
[    0.008102] ACPI: HPET id: 0x8086a201 base: 0xfed00000
[    0.008108] TSC deadline timer available
[    0.008110] CPU topo: Max. logical packages:   1
[    0.008111] CPU topo: Max. logical nodes:      1
[    0.008112] CPU topo: Num. nodes per package:  1
[    0.008113] CPU topo: Max. logical dies:       1
[    0.008114] CPU topo: Max. dies per package:   1
[    0.008116] CPU topo: Max. threads per core:   1
[    0.008117] CPU topo: Num. cores per package:     1
[    0.008117] CPU topo: Num. threads per package:   1
[    0.008118] CPU topo: Allowing 1 present CPUs plus 0 hotplug CPUs
[    0.008139] kvm-guest: APIC: eoi() replaced with kvm_guest_apic_eoi_write()
[    0.008154] PM: hibernation: Registered nosave memory: [mem 0x00000000-0x00000fff]
[    0.008156] PM: hibernation: Registered nosave memory: [mem 0x0009f000-0x000fffff]
[    0.008156] PM: hibernation: Registered nosave memory: [mem 0x00200000-0x094f9fff]
[    0.008157] PM: hibernation: Registered nosave memory: [mem 0x7ffd9000-0xffffffff]
[    0.008158] [mem 0x7ffd9000-0xffffffff] available for PCI devices
[    0.008160] Booting paravirtualized kernel on KVM
[    0.008162] clocksource: refined-jiffies: mask: 0xffffffff max_cycles: 0xffffffff, max_idle_ns: 1910969940391419 ns
[    0.013041] setup_percpu: NR_CPUS:8192 nr_cpumask_bits:1 nr_cpu_ids:1 nr_node_ids:1
[    0.013126] percpu: Embedded 84 pages/cpu s221184 r8192 d114688 u2097152
[    0.013155] kvm-guest: PV spinlocks disabled, single CPU
[    0.013157] Kernel command line: console=ttyS0,115200 panic=10 rdinit=/bin/sh
[    0.013197] printk: log buffer data + meta data: 262144 + 917504 = 1179648 bytes
[    0.013315] Dentry cache hash table entries: 524288 (order: 10, 4194304 bytes, linear)
[    0.013383] Inode-cache hash table entries: 262144 (order: 9, 2097152 bytes, linear)
[    0.013412] software IO TLB: area num 1.
[    0.017838] Fallback order for Node 0: 0 
[    0.017852] Built 1 zonelists, mobility grouping on.  Total pages: 1010813
[    0.017853] Policy zone: Normal
[    0.017945] mem auto-init: stack:all(zero), heap alloc:on, heap free:off
[    0.023404] SLUB: HWalign=64, Order=0-3, MinObjects=0, CPUs=1, Nodes=1
[    0.041313] ftrace: allocating 63440 entries in 248 pages
[    0.041317] ftrace: allocated 248 pages with 5 groups
[    0.042427] Dynamic Preempt: lazy
[    0.042524] rcu: Preemptible hierarchical RCU implementation.
[    0.042524] rcu: 	RCU event tracing is enabled.
[    0.042525] rcu: 	RCU restricting CPUs from NR_CPUS=8192 to nr_cpu_ids=1.
[    0.042526] 	Trampoline variant of Tasks RCU enabled.
[    0.042527] 	Rude variant of Tasks RCU enabled.
[    0.042527] 	Tracing variant of Tasks RCU enabled.
[    0.042528] rcu: RCU calculated value of scheduler-enlistment delay is 100 jiffies.
[    0.042529] rcu: Adjusting geometry for rcu_fanout_leaf=16, nr_cpu_ids=1
[    0.042533] RCU Tasks: Setting shift to 0 and lim to 1 rcu_task_cb_adjust=1 rcu_task_cpu_ids=1.
[    0.042535] RCU Tasks Rude: Setting shift to 0 and lim to 1 rcu_task_cb_adjust=1 rcu_task_cpu_ids=1.
[    0.042535] RCU Tasks Trace: Setting shift to 0 and lim to 1 rcu_task_cb_adjust=1 rcu_task_cpu_ids=1.
[    0.047813] NR_IRQS: 524544, nr_irqs: 256, preallocated irqs: 16
[    0.048025] rcu: srcu_init: Setting srcu_struct sizes based on contention.
[    0.048165] kfence: initialized - using 2097152 bytes for 255 objects at 0x(____ptrval____)-0x(____ptrval____)
[    0.048189] No irq handler for 0.64
[    0.048330] Console: colour EGA 80x25
[    0.048384] printk: legacy console [ttyS0] enabled
[    0.228494] ACPI: Core revision 20250807
[    0.229969] clocksource: hpet: mask: 0xffffffff max_cycles: 0xffffffff, max_idle_ns: 19112604467 ns
[    0.232232] APIC: Switch to symmetric I/O mode setup
[    0.234193] x2apic enabled
[    0.235191] APIC: Switched APIC routing to: physical x2apic
[    0.237934] ..TIMER: vector=0x30 apic1=0 pin1=2 apic2=-1 pin2=-1
[    0.239430] clocksource: tsc-early: mask: 0xffffffffffffffff max_cycles: 0x3c8a33b0a85, max_idle_ns: 440795271379 ns
[    0.241783] Calibrating delay loop (skipped) preset value.. 8399.90 BogoMIPS (lpj=4199952)
[    0.242940] Last level iTLB entries: 4KB 0, 2MB 0, 4MB 0
[    0.243780] Last level dTLB entries: 4KB 0, 2MB 0, 4MB 0, 1GB 0
[    0.244789] mitigations: Enabled attack vectors: user_kernel, user_user, guest_host, guest_guest, SMT mitigations: auto
[    0.245780] Speculative Store Bypass: Vulnerable
[    0.246780] Spectre V2 : Mitigation: Retpolines
[    0.247780] Spectre V1 : Mitigation: usercopy/swapgs barriers and __user pointer sanitization
[    0.248781] Spectre V2 : Spectre v2 / SpectreRSB: Filling RSB on context switch and VMEXIT
[    0.249780] Spectre V2 : Enabling Restricted Speculation for firmware calls
[    0.250782] Spectre V2 : mitigation: Enabling conditional Indirect Branch Prediction Barrier
[    0.251794] x86/fpu: Supporting XSAVE feature 0x001: 'x87 floating point registers'
[    0.252780] x86/fpu: Supporting XSAVE feature 0x002: 'SSE registers'
[    0.253780] x86/fpu: Supporting XSAVE feature 0x004: 'AVX registers'
[    0.254780] x86/fpu: xstate_offset[2]:  576, xstate_sizes[2]:  256
[    0.255780] x86/fpu: Enabled xstate features 0x7, context size is 832 bytes, using 'standard' format.
[    0.281266] Freeing SMP alternatives memory: 56K
[    0.281782] pid_max: default: 32768 minimum: 301
[    0.282844] Yama: becoming mindful.
[    0.283784] SELinux:  Initializing.
[    0.285018] LSM support for eBPF active
[    0.285796] landlock: Up and running.
[    0.286824] Mount-cache hash table entries: 8192 (order: 4, 65536 bytes, linear)
[    0.287782] Mountpoint-cache hash table entries: 8192 (order: 4, 65536 bytes, linear)
[    0.289828] smpboot: CPU0: AMD Intel Core Processor (Haswell, no TSX, IBRS) (family: 0x6, model: 0x3c, stepping: 0x1)
[    0.290901] Performance Events: AMD PMU driver.
[    0.291787] ... version:                   0
[    0.292755] ... bit width:                 48
[    0.292781] ... generic counters:          4
[    0.293766] ... generic bitmap:            000000000000000f
[    0.293781] ... fixed-purpose counters:    0
[    0.294751] ... fixed-purpose bitmap:      0000000000000000
[    0.294781] ... value mask:                0000ffffffffffff
[    0.295781] ... max period:                00007fffffffffff
[    0.296781] ... global_ctrl mask:          000000000000000f
[    0.297845] signal: max sigframe size: 1776
[    0.298827] rcu: Hierarchical SRCU implementation.
[    0.299784] rcu: 	Max phase no-delay instances is 400.
[    0.301031] smp: Bringing up secondary CPUs ...
[    0.301794] smp: Brought up 1 node, 1 CPU
[    0.302730] smpboot: Total of 1 processors activated (8399.90 BogoMIPS)
[    0.302873] Memory: 3788692K/4043252K available (22601K kernel code, 4588K rwdata, 17856K rodata, 5200K init, 5788K bss, 248992K reserved, 0K cma-reserved)
[    0.303894] devtmpfs: initialized
[    0.304689] x86/mm: Memory block size: 128MB
[    0.305061] clocksource: jiffies: mask: 0xffffffff max_cycles: 0xffffffff, max_idle_ns: 1911260446275000 ns
[    0.305791] posixtimers hash table entries: 512 (order: 1, 8192 bytes, linear)
[    0.306784] futex hash table entries: 256 (16384 bytes on 1 NUMA nodes, total 16 KiB, linear).
[    0.307969] PM: RTC time: 23:06:47, date: 2026-08-09
[    0.308990] NET: Registered PF_NETLINK/PF_ROUTE protocol family
[    0.309868] DMA: preallocated 512 KiB GFP_KERNEL pool for atomic allocations
[    0.310858] DMA: preallocated 512 KiB GFP_KERNEL|GFP_DMA pool for atomic allocations
[    0.311941] DMA: preallocated 512 KiB GFP_KERNEL|GFP_DMA32 pool for atomic allocations
[    0.312793] audit: initializing netlink subsys (disabled)
[    0.313982] thermal_sys: Registered thermal governor 'fair_share'
[    0.313984] thermal_sys: Registered thermal governor 'bang_bang'
[    0.314785] audit: type=2000 audit(1786316808.049:1): state=initialized audit_enabled=0 res=1
[    0.316793] thermal_sys: Registered thermal governor 'step_wise'
[    0.316794] thermal_sys: Registered thermal governor 'user_space'
[    0.317799] cpuidle: using governor menu
[    0.319792] acpiphp: ACPI Hot Plug PCI Controller Driver version: 0.5
[    0.320926] PCI: ECAM [mem 0xb0000000-0xbfffffff] (base 0xb0000000) for domain 0000 [bus 00-ff]
[    0.321797] PCI: Using configuration type 1 for base access
[    0.322881] kprobes: kprobe jump-optimization is enabled. All kprobes are optimized if possible.
[    0.327829] HugeTLB: registered 2.00 MiB page size, pre-allocated 0 pages
[    0.328782] HugeTLB: 28 KiB vmemmap can be freed for a 2.00 MiB page
[    0.336842] raid6: skipped pq benchmark and selected avx2x4
[    0.337782] raid6: using avx2x2 recovery algorithm
[    0.340849] ACPI: Added _OSI(Module Device)
[    0.341781] ACPI: Added _OSI(Processor Device)
[    0.342766] ACPI: Added _OSI(Processor Aggregator Device)
[    0.347343] ACPI: 1 ACPI AML tables successfully acquired and loaded
[    0.353455] ACPI: Interpreter enabled
[    0.353792] ACPI: PM: (supports S0 S3 S4 S5)
[    0.354739] ACPI: Using IOAPIC for interrupt routing
[    0.354838] PCI: Using host bridge windows from ACPI; if necessary, use "pci=nocrs" and report a bug
[    0.358232] PCI: Ignoring E820 reservations for host bridge windows
[    0.358851] ACPI: Enabled 2 GPEs in block 00 to 3F
[    0.365240] ACPI: PCI Root Bridge [PCI0] (domain 0000 [bus 00-ff])
[    0.365786] acpi PNP0A08:00: _OSC: OS supports [ExtendedConfig ASPM ClockPM Segments MSI EDR HPX-Type3]
[    0.368813] acpi PNP0A08:00: _OSC: platform does not support [PCIeHotplug LTR DPC]
[    0.369822] acpi PNP0A08:00: _OSC: OS now controls [SHPCHotplug PME AER PCIeCapability]
[    0.372761] PCI host bridge to bus 0000:00
[    0.372785] pci_bus 0000:00: root bus resource [io  0x0000-0x0cf7 window]
[    0.373784] pci_bus 0000:00: root bus resource [io  0x0d00-0xffff window]
[    0.374783] pci_bus 0000:00: root bus resource [mem 0x000a0000-0x000bffff window]
[    0.375782] pci_bus 0000:00: root bus resource [mem 0x80000000-0xafffffff window]
[    0.376782] pci_bus 0000:00: root bus resource [mem 0xc0000000-0xfebfffff window]
[    0.377782] pci_bus 0000:00: root bus resource [mem 0xc000000000-0xc7ffffffff window]
[    0.378782] pci_bus 0000:00: root bus resource [bus 00-ff]
[    0.379863] pci 0000:00:00.0: [8086:29c0] type 00 class 0x060000 conventional PCI endpoint
[    0.381607] pci 0000:00:01.0: [1af4:1042] type 00 class 0x010000 conventional PCI endpoint
[    0.382214] pci 0000:00:01.0: BAR 1 [mem 0xfebc0000-0xfebc0fff]
[    0.382823] pci 0000:00:01.0: BAR 4 [mem 0xc040000000-0xc040003fff 64bit pref]
[    0.384667] pci 0000:00:02.0: [1af4:1042] type 00 class 0x010000 conventional PCI endpoint
[    0.385194] pci 0000:00:02.0: BAR 1 [mem 0xfebc1000-0xfebc1fff]
[    0.385830] pci 0000:00:02.0: BAR 4 [mem 0xc040004000-0xc040007fff 64bit pref]
[    0.387664] pci 0000:00:03.0: [1af4:1041] type 00 class 0x020000 conventional PCI endpoint
[    0.388195] pci 0000:00:03.0: BAR 1 [mem 0xfebc2000-0xfebc2fff]
[    0.388822] pci 0000:00:03.0: BAR 4 [mem 0xc040008000-0xc04000bfff 64bit pref]
[    0.389792] pci 0000:00:03.0: ROM [mem 0xfeb80000-0xfebbffff pref]
[    0.391655] pci 0000:00:04.0: [1af4:1052] type 00 class 0x090000 conventional PCI endpoint
[    0.392193] pci 0000:00:04.0: BAR 1 [mem 0xfebc3000-0xfebc3fff]
[    0.392823] pci 0000:00:04.0: BAR 4 [mem 0xc04000c000-0xc04000ffff 64bit pref]
[    0.394681] pci 0000:00:05.0: [1af4:1052] type 00 class 0x090200 conventional PCI endpoint
[    0.395194] pci 0000:00:05.0: BAR 1 [mem 0xfebc4000-0xfebc4fff]
[    0.395828] pci 0000:00:05.0: BAR 4 [mem 0xc040010000-0xc040013fff 64bit pref]
[    0.397677] pci 0000:00:06.0: [1af4:1052] type 00 class 0x098000 conventional PCI endpoint
[    0.398195] pci 0000:00:06.0: BAR 1 [mem 0xfebc5000-0xfebc5fff]
[    0.398831] pci 0000:00:06.0: BAR 4 [mem 0xc040014000-0xc040017fff 64bit pref]
[    0.400697] pci 0000:00:07.0: [1af4:1044] type 00 class 0x00ff00 conventional PCI endpoint
[    0.401204] pci 0000:00:07.0: BAR 1 [mem 0xfebc6000-0xfebc6fff]
[    0.401823] pci 0000:00:07.0: BAR 4 [mem 0xc040018000-0xc04001bfff 64bit pref]
[    0.403647] pci 0000:00:08.0: [1af4:1053] type 00 class 0x078000 conventional PCI endpoint
[    0.404201] pci 0000:00:08.0: BAR 1 [mem 0xfebc7000-0xfebc7fff]
[    0.404823] pci 0000:00:08.0: BAR 4 [mem 0xc04001c000-0xc04001ffff 64bit pref]
[    0.406677] pci 0000:00:09.0: [1af4:1059] type 00 class 0x040100 conventional PCI endpoint
[    0.407202] pci 0000:00:09.0: BAR 1 [mem 0xfebc8000-0xfebc8fff]
[    0.407822] pci 0000:00:09.0: BAR 4 [mem 0xc040020000-0xc040023fff 64bit pref]
[    0.409596] pci 0000:00:0a.0: [1b36:0010] type 00 class 0x010802 PCIe Root Complex Integrated Endpoint
[    0.410591] pci 0000:00:0a.0: BAR 0 [mem 0xc000000000-0xc000003fff 64bit]
[    0.410894] pci 0000:00:0a.0: enabling Extended Tags
[    0.412578] pci 0000:00:0b.0: [8086:2922] type 00 class 0x010601 conventional PCI endpoint
[    0.413832] pci 0000:00:0b.0: BAR 4 [io  0xc040-0xc05f]
[    0.414792] pci 0000:00:0b.0: BAR 5 [mem 0xfebc9000-0xfebc9fff]
[    0.416459] pci 0000:00:0c.0: [1af4:1050] type 00 class 0x038000 conventional PCI endpoint
[    0.417211] pci 0000:00:0c.0: BAR 1 [mem 0xfebca000-0xfebcafff]
[    0.417822] pci 0000:00:0c.0: BAR 4 [mem 0xc040024000-0xc040027fff 64bit pref]
[    0.419692] pci 0000:00:1f.0: [8086:2918] type 00 class 0x060100 conventional PCI endpoint
[    0.420287] pci 0000:00:1f.0: quirk: [io  0x0600-0x067f] claimed by ICH6 ACPI/GPIO/TCO
[    0.421081] pci 0000:00:1f.2: [8086:2922] type 00 class 0x010601 conventional PCI endpoint
[    0.422832] pci 0000:00:1f.2: BAR 4 [io  0xc060-0xc07f]
[    0.423792] pci 0000:00:1f.2: BAR 5 [mem 0xfebcb000-0xfebcbfff]
[    0.425242] pci 0000:00:1f.3: [8086:2930] type 00 class 0x0c0500 conventional PCI endpoint
[    0.426615] pci 0000:00:1f.3: BAR 4 [io  0x0700-0x073f]
[    0.430936] ACPI: PCI: Interrupt link LNKA configured for IRQ 10
[    0.431871] ACPI: PCI: Interrupt link LNKB configured for IRQ 10
[    0.432867] ACPI: PCI: Interrupt link LNKC configured for IRQ 11
[    0.433868] ACPI: PCI: Interrupt link LNKD configured for IRQ 11
[    0.434866] ACPI: PCI: Interrupt link LNKE configured for IRQ 10
[    0.435866] ACPI: PCI: Interrupt link LNKF configured for IRQ 10
[    0.436873] ACPI: PCI: Interrupt link LNKG configured for IRQ 11
[    0.437867] ACPI: PCI: Interrupt link LNKH configured for IRQ 11
[    0.438819] ACPI: PCI: Interrupt link GSIA configured for IRQ 16
[    0.439790] ACPI: PCI: Interrupt link GSIB configured for IRQ 17
[    0.440789] ACPI: PCI: Interrupt link GSIC configured for IRQ 18
[    0.441789] ACPI: PCI: Interrupt link GSID configured for IRQ 19
[    0.442789] ACPI: PCI: Interrupt link GSIE configured for IRQ 20
[    0.443789] ACPI: PCI: Interrupt link GSIF configured for IRQ 21
[    0.444789] ACPI: PCI: Interrupt link GSIG configured for IRQ 22
[    0.445789] ACPI: PCI: Interrupt link GSIH configured for IRQ 23
[    0.447075] iommu: Default domain type: Translated
[    0.447786] iommu: DMA domain TLB invalidation policy: lazy mode
[    0.448856] SCSI subsystem initialized
[    0.449720] ACPI: bus type USB registered
[    0.449799] usbcore: registered new interface driver usbfs
[    0.450790] usbcore: registered new interface driver hub
[    0.451788] usbcore: registered new device driver usb
[    0.452804] pps_core: LinuxPPS API ver. 1 registered
[    0.453781] pps_core: Software ver. 5.3.6 - Copyright 2005-2007 Rodolfo Giometti <giometti@linux.it>
[    0.454784] PTP clock support registered
[    0.455730] EDAC MC: Ver: 3.0.0
[    0.456358] NetLabel: Initializing
[    0.456786] NetLabel:  domain hash size = 128
[    0.457781] NetLabel:  protocols = UNLABELED CIPSOv4 CALIPSO
[    0.458794] NetLabel:  unlabeled traffic allowed by default
[    0.459785] mctp: management component transport protocol core
[    0.460782] NET: Registered PF_MCTP protocol family
[    0.461793] PCI: Using ACPI for IRQ routing
[    0.544822] vgaarb: loaded
[    0.545574] hpet0: at MMIO 0xfed00000, IRQs 2, 8, 0
[    0.545782] hpet0: 3 comparators, 64-bit 100.000000 MHz counter
[    0.550830] clocksource: Switched to clocksource kvm-clock
[    0.552220] VFS: Disk quotas dquot_6.6.0
[    0.553573] VFS: Dquot-cache hash table entries: 512 (order 0, 4096 bytes)
[    0.555274] pnp: PnP ACPI init
[    0.556112] system 00:05: [mem 0xb0000000-0xbfffffff window] has been reserved
[    0.558053] pnp: PnP ACPI: found 6 devices
[    0.564126] clocksource: acpi_pm: mask: 0xffffff max_cycles: 0xffffff, max_idle_ns: 2085701024 ns
[    0.566212] NET: Registered PF_INET protocol family
[    0.567368] IP idents hash table entries: 65536 (order: 7, 524288 bytes, linear)
[    0.576974] tcp_listen_portaddr_hash hash table entries: 2048 (order: 3, 32768 bytes, linear)
[    0.579079] Table-perturb hash table entries: 65536 (order: 6, 262144 bytes, linear)
[    0.580874] TCP established hash table entries: 32768 (order: 6, 262144 bytes, linear)
[    0.582753] TCP bind hash table entries: 32768 (order: 8, 1048576 bytes, linear)
[    0.584467] TCP: Hash tables configured (established 32768 bind 32768)
[    0.586010] MPTCP token hash table entries: 4096 (order: 5, 98304 bytes, linear)
[    0.587725] UDP hash table entries: 2048 (order: 5, 131072 bytes, linear)
[    0.589295] UDP-Lite hash table entries: 2048 (order: 5, 131072 bytes, linear)
[    0.590995] NET: Registered PF_UNIX/PF_LOCAL protocol family
[    0.592310] NET: Registered PF_XDP protocol family
[    0.593424] pci_bus 0000:00: resource 4 [io  0x0000-0x0cf7 window]
[    0.594840] pci_bus 0000:00: resource 5 [io  0x0d00-0xffff window]
[    0.596248] pci_bus 0000:00: resource 6 [mem 0x000a0000-0x000bffff window]
[    0.597798] pci_bus 0000:00: resource 7 [mem 0x80000000-0xafffffff window]
[    0.599377] pci_bus 0000:00: resource 8 [mem 0xc0000000-0xfebfffff window]
[    0.600949] pci_bus 0000:00: resource 9 [mem 0xc000000000-0xc7ffffffff window]
[    0.602815] PCI: CLS 0 bytes, default 64
[    0.603786] PCI-DMA: Using software bounce buffering for IO (SWIOTLB)
[    0.605304] Trying to unpack rootfs image as initramfs...
[    0.612754] software IO TLB: mapped [mem 0x000000007bfd9000-0x000000007ffd9000] (64MB)
[    0.614634] clocksource: tsc: mask: 0xffffffffffffffff max_cycles: 0x3c8a33b0a85, max_idle_ns: 440795271379 ns
[    0.644086] Initialise system trusted keyrings
[    0.645167] Key type blacklist registered
[    0.649825] workingset: timestamp_bits=36 max_order=20 bucket_order=0
[    0.653999] integrity: Platform Keyring initialized
[    0.655147] integrity: Machine keyring initialized
[    0.657815] cryptd: max_cpu_qlen set to 1000
[    0.670540] NET: Registered PF_ALG protocol family
[    0.674768] xor: automatically using best checksumming function   avx       
[    0.676366] Key type asymmetric registered
[    0.679752] Asymmetric key parser 'x509' registered
[    0.682964] Block layer SCSI generic (bsg) driver version 0.4 loaded (major 244)
[    0.687760] io scheduler mq-deadline registered
[    0.688809] io scheduler kyber registered
[    0.689732] io scheduler bfq registered
[    0.694755] atomic64_test: passed for x86-64 platform with CX8 and with SSE
[    0.696484] input: Power Button as /devices/LNXSYSTM:00/LNXPWRBN:00/input/input0
[    0.701829] ACPI: button: Power Button [PWRF]
[    0.703022] virtio-pci 0000:00:01.0: enabling device (0101 -> 0103)
[    0.706883] ACPI: \_SB_.GSIF: Enabled at IRQ 21
[    0.711271] virtio-pci 0000:00:02.0: enabling device (0101 -> 0103)
[    0.714872] ACPI: \_SB_.GSIG: Enabled at IRQ 22
[    0.719187] virtio-pci 0000:00:03.0: enabling device (0101 -> 0103)
[    0.724881] ACPI: \_SB_.GSIH: Enabled at IRQ 23
[    0.727222] virtio-pci 0000:00:04.0: enabling device (0101 -> 0103)
[    0.732880] ACPI: \_SB_.GSIE: Enabled at IRQ 20
[    0.737114] virtio-pci 0000:00:05.0: enabling device (0101 -> 0103)
[    0.742024] virtio-pci 0000:00:06.0: enabling device (0101 -> 0103)
[    0.748281] virtio-pci 0000:00:07.0: enabling device (0101 -> 0103)
[    0.754670] virtio-pci 0000:00:08.0: enabling device (0101 -> 0103)
[    0.756459] Freeing initrd memory: 41900K
[    0.758953] virtio-pci 0000:00:09.0: enabling device (0101 -> 0103)
[    0.762027] virtio-pci 0000:00:0c.0: enabling device (0101 -> 0103)
[    0.765683] Serial: 8250/16550 driver, 32 ports, IRQ sharing enabled
[    0.767771] 00:03: ttyS0 at I/O 0x3f8 (irq = 4, base_baud = 115200) is a 16550A
[    0.770380] Non-volatile memory driver v1.3
[    0.772202] Linux agpgart interface v0.103
[    0.773252] ACPI: bus type drm_connector registered
[    0.774709] virtio_blk virtio0: 1/0/0 default/read/poll queues
[    0.776801] virtio_blk virtio0: [vda] 6111232 512-byte logical blocks (3.13 GB/2.91 GiB)
[    0.781437] virtio_blk virtio1: 1/0/0 default/read/poll queues
[    0.783503] virtio_blk virtio1: [vdb] 131072 512-byte logical blocks (67.1 MB/64.0 MiB)
[    0.787445] ahci 0000:00:0b.0: AHCI vers 0001.0000, 32 command slots, 1.5 Gbps, SATA mode
[    0.789456] ahci 0000:00:0b.0: 6/6 ports implemented (port mask 0x3f)
[    0.790951] ahci 0000:00:0b.0: flags: 64bit ncq only 
[    0.793071] scsi host0: ahci
[    0.793901] scsi host1: ahci
[    0.794660] scsi host2: ahci
[    0.795384] scsi host3: ahci
[    0.796102] scsi host4: ahci
[    0.796825] scsi host5: ahci
[    0.797527] ata1: SATA max UDMA/133 abar m4096@0xfebc9000 port 0xfebc9100 irq 30 lpm-pol 1
[    0.799419] ata2: SATA max UDMA/133 abar m4096@0xfebc9000 port 0xfebc9180 irq 30 lpm-pol 1
[    0.801294] ata3: SATA max UDMA/133 abar m4096@0xfebc9000 port 0xfebc9200 irq 30 lpm-pol 1
[    0.803150] ata4: SATA max UDMA/133 abar m4096@0xfebc9000 port 0xfebc9280 irq 30 lpm-pol 1
[    0.805029] ata5: SATA max UDMA/133 abar m4096@0xfebc9000 port 0xfebc9300 irq 30 lpm-pol 1
[    0.806914] ata6: SATA max UDMA/133 abar m4096@0xfebc9000 port 0xfebc9380 irq 30 lpm-pol 1
[    0.808974] ACPI: \_SB_.GSIA: Enabled at IRQ 16
[    0.811557] ahci 0000:00:1f.2: AHCI vers 0001.0000, 32 command slots, 1.5 Gbps, SATA mode
[    0.813516] ahci 0000:00:1f.2: 6/6 ports implemented (port mask 0x3f)
[    0.814989] ahci 0000:00:1f.2: flags: 64bit ncq only 
[    0.817130] scsi host6: ahci
[    0.817882] scsi host7: ahci
[    0.818595] scsi host8: ahci
[    0.819334] scsi host9: ahci
[    0.820080] scsi host10: ahci
[    0.820816] scsi host11: ahci
[    0.821541] ata7: SATA max UDMA/133 abar m4096@0xfebcb000 port 0xfebcb100 irq 31 lpm-pol 1
[    0.823410] ata8: SATA max UDMA/133 abar m4096@0xfebcb000 port 0xfebcb180 irq 31 lpm-pol 1
[    0.825275] ata9: SATA max UDMA/133 abar m4096@0xfebcb000 port 0xfebcb200 irq 31 lpm-pol 1
[    0.827142] ata10: SATA max UDMA/133 abar m4096@0xfebcb000 port 0xfebcb280 irq 31 lpm-pol 1
[    0.829014] ata11: SATA max UDMA/133 abar m4096@0xfebcb000 port 0xfebcb300 irq 31 lpm-pol 1
[    0.831028] ata12: SATA max UDMA/133 abar m4096@0xfebcb000 port 0xfebcb380 irq 31 lpm-pol 1
[    0.832994] CAN device driver interface
[    0.834623] usbcore: registered new interface driver usbserial_generic
[    0.836119] usbserial: USB Serial support registered for generic
[    0.837603] i8042: PNP: PS/2 Controller [PNP0303:KBD,PNP0f13:MOU] at 0x60,0x64 irq 1,12
[    0.840234] serio: i8042 KBD port at 0x60,0x64 irq 1
[    0.841407] serio: i8042 AUX port at 0x60,0x64 irq 12
[    0.842621] mousedev: PS/2 mouse device common for all mice
[    0.843947] rtc_cmos 00:04: RTC can wake from S4
[    0.845309] input: AT Translated Set 2 keyboard as /devices/platform/i8042/serio0/input/input1
[    0.847973] input: VirtualPS/2 VMware VMMouse as /devices/platform/i8042/serio1/input/input4
[    0.850409] rtc_cmos 00:04: registered as rtc0
[    0.851522] rtc_cmos 00:04: setting system clock to 2026-08-09T23:06:48 UTC (1786316808)
[    0.853593] input: VirtualPS/2 VMware VMMouse as /devices/platform/i8042/serio1/input/input3
[    0.855631] rtc_cmos 00:04: alarms up to one day, y3k, 242 bytes nvram
[    0.857126] device-mapper: core: CONFIG_IMA_DISABLE_HTABLE is disabled. Duplicate IMA measurements will not be recorded in the IMA log.
[    0.859895] device-mapper: uevent: version 1.0.3
[    0.860987] device-mapper: ioctl: 4.50.0-ioctl (2025-04-28) initialised: dm-devel@lists.linux.dev
[    0.863021] amd_pstate: the _CPC object is not present in SBIOS or ACPI disabled
[    0.864753] hid: raw HID events driver (C) Jiri Kosina
[    0.865963] usbcore: registered new interface driver usbhid
[    0.867268] usbhid: USB HID core driver
[    0.868217] drop_monitor: Initializing network drop monitor service
[    0.869693] Initializing XFRM netlink socket
[    0.870693] NET: Registered PF_INET6 protocol family
[    0.871952] Segment Routing with IPv6
[    0.872802] RPL Segment Routing with IPv6
[    0.873722] In-situ OAM (IOAM) with IPv6
[    0.874640] mip6: Mobile IPv6
[    0.875336] NET: Registered PF_PACKET protocol family
[    0.876481] can: controller area network core
[    0.877493] NET: Registered PF_CAN protocol family
[    0.878706] IPI shorthand broadcast: enabled
[    0.880567] sched_clock: Marking stable (691001089, 188742289)->(988752385, -109009007)
[    0.882475] registered taskstats version 1
[    0.883553] Loading compiled-in X.509 certificates
[    0.885290] Loaded X.509 cert 'Fedora kernel signing key: 4cf8c5d3d57999a8a8545dbe5ad90ba8c0985fe6'
[    0.897561] Loaded X.509 cert 'Fedora IMA CA: a8a00c31663f853f9c6ff2564872e378af026b28'
[    0.901085] Demotion targets for Node 0: null
[    0.902092] page_owner is disabled
[    0.902925] Key type .fscrypt registered
[    0.903826] Key type fscrypt-provisioning registered
[    0.905141] Btrfs loaded, zoned=yes, fsverity=yes
[    0.906256] Key type big_key registered
[    0.907202] Key type encrypted registered
[    0.908115] ima: No TPM chip found, activating TPM-bypass!
[    0.909375] Loading compiled-in module X.509 certificates
[    0.910863] Loaded X.509 cert 'Fedora kernel signing key: 4cf8c5d3d57999a8a8545dbe5ad90ba8c0985fe6'
[    0.912996] ima: Allocated hash algorithm: sha256
[    0.914154] ima: No architecture policies found
[    0.915210] evm: Initialising EVM extended attributes:
[    0.916376] evm: security.selinux
[    0.917149] evm: security.SMACK64 (disabled)
[    0.918122] evm: security.SMACK64EXEC (disabled)
[    0.919175] evm: security.SMACK64TRANSMUTE (disabled)
[    0.920341] evm: security.SMACK64MMAP (disabled)
[    0.921400] evm: security.apparmor (disabled)
[    0.922398] evm: security.ima
[    0.923081] evm: security.capability
[    0.923926] evm: HMAC attrs: 0x1
[    0.928809] alg: No test for 842 (842-scomp)
[    0.954008] PM:   Magic number: 6:195:150
[    0.955013] ata_port ata7: hash matches
[    0.962749]  ata7: hash matches
[    0.963500] virtio_blk virtio1: hash matches
[    0.968321] RAS: Correctable Errors collector initialized.
[    0.976122] clk: Disabling unused clocks
[    0.977064] PM: genpd: Disabling unused power domains
[    1.115778] ata6: SATA link down (SStatus 0 SControl 300)
[    1.117183] ata1: SATA link up 1.5 Gbps (SStatus 113 SControl 300)
[    1.118571] ata1.00: Model 'QEMU HARDDISK', rev '2.5+', applying quirks: bridgeok
[    1.120006] ata1.00: ATA-7: QEMU HARDDISK, 2.5+, max UDMA/100
[    1.121029] ata1.00: 32768 sectors, multi 16: LBA48 NCQ (depth 32)
[    1.122246] ata1.00: configured for UDMA/100
[    1.123163] ata3: SATA link down (SStatus 0 SControl 300)
[    1.124323] scsi 0:0:0:0: Direct-Access     ATA      QEMU HARDDISK    2.5+ PQ: 0 ANSI: 5
[    1.126081] ata5: SATA link down (SStatus 0 SControl 300)
[    1.127250] ata4: SATA link down (SStatus 0 SControl 300)
[    1.128395] ata2: SATA link down (SStatus 0 SControl 300)
[    1.129517] sd 0:0:0:0: [sda] 32768 512-byte logical blocks: (16.8 MB/16.0 MiB)
[    1.130796] sd 0:0:0:0: [sda] Write Protect is off
[    1.131668] sd 0:0:0:0: [sda] Write cache: enabled, read cache: enabled, doesn't support DPO or FUA
[    1.133337] sd 0:0:0:0: Attached scsi generic sg0 type 0
[    1.134365] sd 0:0:0:0: [sda] Preferred minimum I/O size 512 bytes
[    1.138015] sd 0:0:0:0: [sda] Attached SCSI disk
[    1.139102] ata10: SATA link down (SStatus 0 SControl 300)
[    1.140429] ata7: SATA link down (SStatus 0 SControl 300)
[    1.141702] ata11: SATA link down (SStatus 0 SControl 300)
[    1.142905] ata9: SATA link up 1.5 Gbps (SStatus 113 SControl 300)
[    1.144092] ata9.00: ATAPI: QEMU DVD-ROM, 2.5+, max UDMA/100
[    1.145122] ata9.00: applying bridge limits
[    1.146049] ata12: SATA link down (SStatus 0 SControl 300)
[    1.147210] ata8: SATA link down (SStatus 0 SControl 300)
[    1.148294] ata9.00: configured for UDMA/100
[    1.149266] scsi 8:0:0:0: CD-ROM            QEMU     QEMU DVD-ROM     2.5+ PQ: 0 ANSI: 5
[    1.154055] sr 8:0:0:0: [sr0] scsi3-mmc drive: 4x/4x cd/rw xa/form2 tray
[    1.155248] cdrom: Uniform CD-ROM driver Revision: 3.20
[    1.159332] sr 8:0:0:0: Attached scsi generic sg1 type 5
[    1.160787] Freeing unused decrypted memory: 2028K
[    1.161969] Freeing unused kernel image (initmem) memory: 5200K
[    1.163036] Write protecting the kernel read-only data: 43008k
[    1.164256] Freeing unused kernel image (text/rodata gap) memory: 1972K
[    1.165452] Freeing unused kernel image (rodata/data gap) memory: 576K
[    1.186539] x86/mm: Checked W+X mappings: passed, no W+X pages found.
[    1.187711] Run /bin/sh as init process
sh: cannot set terminal process group (-1): Inappropriate ioctl for device
sh: no job control in this shell
[?2004hsh-5.2# 