[H[J[1;1H[H[J[1;1H  Booting `oxide (multiboot2)'

MB2
L64
[XSTATE] xsave=on pre_osxsave=0 cpuid0d_eax=0000000000000007 xcr0=0000000000000007 area=832
[3.420] Kernel command line: BOOT_IMAGE=/boot/oxide-x86_64 root=/dev/oxide0 rw earlycon printk.time=1 sysctl.kernel.sysrq=1 crashkernel=512M console=ttyS0,115200 console=tty0 systemd.mask=firewalld.service systemd.mask=chronyd.service systemd.mask=ModemManager.service systemd.mask=plymouth-start.service systemd.mask=NetworkManager-wait-online.service systemd.debug_shell=ttyS0 oxide.bootargs=grub
cho SHELL""-OK
[4.407] [BOOT-DEV-NULL] type=8192 fs=devtmpfs
[4.492] systemd[1]: systemd 257.13-1.fc42 running in system mode (+PAM +AUDIT +SELINUX -APPARMOR +IMA +IPE +SMACK +SECCOMP -GCRYPT +GNUTLS +OPENSSL +ACL +BLKID +CURL +ELFUTILS +FIDO2 +IDN2 -IDN -IPTC +KMOD +LIBCRYPTSETUP +LIBCRYPTSETUP_PLUGINS +LIBFDISK +PCRE2 +PWQUALITY +P11KIT +QRENCODE +TPM2 +BZIP2 +LZ4 +XZ +ZLIB +ZSTD +BPF_FRAMEWORK +BTF +XKBCOMMON +UTMP +SYSVINIT +LIBARCHIVE)
[4.499] systemd[1]: Detected virtualization kvm.
[4.500] systemd[1]: Detected architecture x86-64.
[4.518] systemd[1]: bpf-restrict-fs: BPF LSM hook not enabled in the kernel, BPF LSM not supported.
[4.909] systemd[1]: Queued start job for default target graphical.target.
[4.913] systemd[1]: Created slice system-getty.slice - Slice /system/getty.
[4.913] systemd[1]: Created slice system-modprobe.slice - Slice /system/modprobe.
[4.914] systemd[1]: Created slice system-sshd\x2dkeygen.slice - Slice /system/sshd-keygen.
[4.915] systemd[1]: Created slice system-systemd\x2dzram\x2dsetup.slice - Slice /system/systemd-zram-setup.
[4.916] systemd[1]: Created slice user.slice - User and Session Slice.
[4.917] systemd[1]: Started systemd-ask-password-console.path - Dispatch Password Requests to Console Directory Watch.
[4.917] systemd[1]: Started systemd-ask-password-wall.path - Forward Password Requests to Wall Directory Watch.
[4.925] systemd[1]: Set up automount proc-sys-fs-binfmt_misc.automount - Arbitrary Executable File Formats File System Automount Point.
[4.926] systemd[1]: Expecting device dev-zram0.device - /dev/zram0...
[4.926] systemd[1]: Reached target cryptsetup.target - Local Encrypted Volumes.
[4.927] systemd[1]: Reached target integritysetup.target - Local Integrity Protected Volumes.
[4.927] systemd[1]: Reached target paths.target - Path Units.
[4.928] systemd[1]: Reached target remote-fs.target - Remote File Systems.
[4.928] systemd[1]: Reached target slices.target - Slice Units.
[4.929] systemd[1]: Reached target veritysetup.target - Local Verity Protected Volumes.
[4.940] systemd[1]: Listening on systemd-coredump.socket - Process Core Dump Socket.
[4.942] systemd[1]: Listening on systemd-creds.socket - Credential Encryption/Decryption.
[4.943] systemd[1]: Listening on systemd-initctl.socket - initctl Compatibility Named Pipe.
[4.943] systemd[1]: Listening on systemd-journald-audit.socket - Journal Audit Socket.
[4.947] systemd[1]: Listening on systemd-journald-dev-log.socket - Journal Socket (/dev/log).
[4.952] systemd[1]: Listening on systemd-journald.socket - Journal Sockets.
[4.956] systemd[1]: systemd-pcrextend.socket - TPM PCR Measurements skipped, unmet condition check ConditionSecurity=measured-uki
[4.958] systemd[1]: systemd-pcrlock.socket - Make TPM PCR Policy skipped, unmet condition check ConditionSecurity=measured-uki
[4.961] systemd[1]: Listening on systemd-udevd-control.socket - udev Control Socket.
[4.966] systemd[1]: Listening on systemd-udevd-kernel.socket - udev Kernel Socket.
[4.971] systemd[1]: Listening on systemd-userdbd.socket - User Database Manager Socket.
[4.982] systemd[1]: Mounting dev-hugepages.mount - Huge Pages File System...
[4.988] systemd[1]: Mounting dev-mqueue.mount - POSIX Message Queue File System...
[4.995] systemd[1]: sys-kernel-debug.mount: Directory /sys/kernel/debug to mount over is not empty, mounting anyway.
[4.999] systemd[1]: Mounting sys-kernel-debug.mount - Kernel Debug File System...
[5.005] systemd[1]: sys-kernel-tracing.mount: Directory /sys/kernel/tracing to mount over is not empty, mounting anyway.
[5.009] systemd[1]: Mounting sys-kernel-tracing.mount - Kernel Trace File System...
[5.016] systemd[1]: Started debug-shell.service - Early root shell on /dev/ttyS0 FOR DEBUGGING ONLY.
[5.023] systemd[1]: fips-crypto-policy-overlay.service - Bind-mount FIPS crypto-policy in FIPS mode skipped, unmet condition check ConditionKernelCommandLine=fips=1
[5.027] systemd[1]: kmod-static-nodes.service - Create List of Static Device Nodes skipped, unmet condition check ConditionFileNotEmpty=/lib/modules/6.19.0-oxide/modules.devname
[5.035] systemd[1]: Starting modprobe@configfs.service - Load Kernel Module configfs...
[!p]104[?7h[6n[32766;32766H[6n[5.041] systemd[1]: Starting modprobe@dm_mod.service - Load Kernel Module dm_mod...
[5.049] systemd[1]: Starting modprobe@drm.service - Load Kernel Module drm...
[5.057] systemd[1]: Starting modprobe@fuse.service - Load Kernel Module fuse...
[5.065] systemd[1]: Starting modprobe@loop.service - Load Kernel Module loop...
[5.072] systemd[1]: systemd-hibernate-clear.service - Clear Stale Hibernate Storage Info skipped, unmet condition check ConditionPathExists=/sys/firmware/efi/efivars/HibernateLocation-8cf2644b-4b0b-428f-9387-6d876050dc67
[5.077] systemd[1]: Starting systemd-journald.service - Journal Service...
[5.095] systemd[1]: Starting systemd-modules-load.service - Load Kernel Modules...
[5.104] systemd[1]: systemd-pcrmachine.service - TPM PCR Machine ID Measurement skipped, unmet condition check ConditionSecurity=measured-uki
[5.108] systemd[1]: Starting systemd-remount-fs.service - Remount Root and Kernel File Systems...
[5.116] systemd[1]: Starting systemd-tmpfiles-setup-dev-early.service - Create Static Device Nodes in /dev gracefully...
[5.125] systemd[1]: systemd-tpm2-setup-early.service - Early TPM SRK Setup skipped, unmet condition check ConditionSecurity=measured-uki
[5.130] systemd[1]: Starting systemd-udev-load-credentials.service - Load udev Rules from Credentials...
[5.140] systemd[1]: Starting systemd-udev-trigger.service - Coldplug All udev Devices...
[5.150] systemd[1]: Mounted dev-hugepages.mount - Huge Pages File System.
[5.158] systemd[1]: Mounted dev-mqueue.mount - POSIX Message Queue File System.
[5.167] systemd[1]: Mounted sys-kernel-debug.mount - Kernel Debug File System.
[5.174] systemd[1]: Mounted sys-kernel-tracing.mount - Kernel Trace File System.
[5.181] systemd[1]: modprobe@drm.service: Deactivated successfully.
[5.186] systemd[1]: Finished modprobe@drm.service - Load Kernel Module drm.
[5.190] systemd[1]: modprobe@fuse.service: Deactivated successfully.
[5.193] systemd[1]: Finished modprobe@fuse.service - Load Kernel Module fuse.
[5.197] systemd[1]: Finished systemd-modules-load.service - Load Kernel Modules.
[5.202] systemd[1]: sys-fs-fuse-connections.mount - FUSE Control File System skipped, unmet condition check ConditionPathExists=/sys/fs/fuse/connections
[5.206] systemd[1]: Starting systemd-sysctl.service - Apply Kernel Variables...
[5.219] systemd[1]: modprobe@loop.service: Deactivated successfully.
[5.221] systemd[1]: Finished modprobe@loop.service - Load Kernel Module loop.
[5.225] systemd[1]: modprobe@configfs.service: Deactivated successfully.
[5.228] systemd[1]: Finished modprobe@configfs.service - Load Kernel Module configfs.
[5.234] systemd[1]: Mounting sys-kernel-config.mount - Kernel Configuration File System...
[5.251] systemd[1]: modprobe@dm_mod.service: Deactivated successfully.
[5.254] systemd[1]: Finished modprobe@dm_mod.service - Load Kernel Module dm_mod.
[5.264] systemd[1]: systemd-repart.service - Repartition Root Disk skipped, no trigger condition checks were met.
[5.267] systemd-journald[33]: Collecting audit messages is enabled.
[5.279] systemd[1]: Started systemd-journald.service - Journal Service.
[!p]104[?7h[6n[32766;32766H[6n[5.375] systemd-journald[33]: Received client request to flush runtime journal.
[?2004hsh-5.2# echo SHELL""-OK
[?2004lSHELL-OK
[?2004hsh-5.2# set -x; KV=$(ls /lib/modules | head -1); K=/lib/modules/$KV/vmlinuz; I=/bboot/initramfs-$KV.img; ls -l $K $I; echo KEXEC-PATHS""-OK
[?2004l++ ls /lib/modules
++ head -1
+ KV=6.19.14-108.fc42.x86_64
+ K=/lib/modules/6.19.14-108.fc42.x86_64/vmlinuz
+ I=/boot/initramfs-6.19.14-108.fc42.x86_64.img
+ ls -l /lib/modules/6.19.14-108.fc42.x86_64/vmlinuz /boot/initramfs-6.19.14-108.fc42.x86_64.img
-rw------- 1 root root 42904727 Aug  9 22:46 /boot/initramfs-6.19.14-108.fc42.x86_64.img
-rwxr-xr-x 1 root root 18233704 May 21 00:00 /lib/modules/6.19.14-108.fc42.x86_64/vmlinuz
+ echo KEXEC-PATHS-OK
KEXEC-PATHS-OK
[?2004hsh-5.2# cat /sys/kernel/kexec_crash_size; echo CRASH-SIZE""-OK
[?2004l+ cat /sys/kernel/kexec_crash_size
536870912
+ echo CRASH-SIZE-OK
CRASH-SIZE-OK
[?2004hsh-5.2# kexec -p $K --initrd=$I --command-line="console=ttyS0,115200 console=ttyAAMA0,115200 panic=10 rdinit=/bin/sh"; echo KEXEC-LOAD""-RC=$?
[?2004l+ kexec -p /lib/modules/6.19.14-108.fc42.x86_64/vmlinuz --initrd=/boot/initramfs-6.19.14-108.fc42.x86_64.img '--command-line=console=ttyS0,115200 console=ttyAMA0,115200 panic=10 rdinit=/bin/sh'
+ echo KEXEC-LOAD-RC=0
echo c > /proc/sysrq-trigger
KEXEC-LOAD-RC=0
[?2004hsh-5.2# echo c > /proc/sysrq-trigger
[?2004l+ echo c
[10.679] [sysrq] crash requested

[PANIC] crates/kernel/sched/src/diag/sysrq.rs:189: sysrq: crash requested from userspace
kexec: crash boot
kexec: stopping the machine
kexec: io-apic silent
kexec: stop requested
kexec: other cpus stopped
kexec: local apic in boot mode
kexec: starting new kernel
[    0.000000] Linux version 6.19.14-108.fc42.x86_64 (mockbuild@14c6e9dc78654ab2b36007daa300f51f) (gcc (GCC) 15.2.1 20260123 (Red Hat 15.2.1-7), GNU ld version 2.44-12.fc42) #1 SMP PREEMPT_DYNAMIC Thu May 21 18:06:59 UTC 2026
[    0.000000] Command line: console=ttyS0,115200 console=ttyAMA0,115200 panic=10 rds initialized
[    0.000000] SMBIOS 2.8 present.
[    0.000000] DMI: QEMU Standard PC (Q35 + ICH9, 2009), BIOS 1.17.0-8.fc42 06/10/2025
[    0.000000] DMI: Memory slots populated: 1/1
[    0.000000] Hypervisor detected: KVM
[    0.000000] last_pfn = 0x7f000 max_arch_pfn = 0x400000000
[    0.000000] kvm-clock: Using msrs 4b564d01 and 4b564d00
[    0.000000] kvm-clock: using sched offset of 11458771708 cycles
[    0.000002] clocksource: kvm-clock: mask: 0xffffffffffffffff max_cycles: 0x1cd42e4dffb, max_idle_ns: 881590591483 ns
[    0.000004] tsc: Detected 4199.952 MHz processor
[    0.000242] last_pfn = 0x7f000 max_arch_pfn = 0x400000000
[    0.000271] MTRR map: 4 entries (3 fixed + 1 variable; max 19), built from 8 variable MTRRs
[    0.000273] x86/PAT: Configuration [0-7]: WB  WC  UC- UC  WB  WP  UC- WT  
[    0.002008] found SMP MP-table at [mem 0x000f5480-0x000f548f]
[    0.002071] RAMDISK: [mem 0x77b15000-0x7a3fffff]
[    0.002073] ACPI: Early table checksum verification disabled
[    0.002075] ACPI: RSDP 0x00000000000F52B0 000014 (v00 BOCHS )
[    0.002078] ACPI: RSDT 0x000000007FFE23F8 000038 (v01 BOCHS  BXPC     00000001 BXPC 00000001)
[    0.002082] ACPI: FACP 0x000000007FFE21E8 0000F4 (v03 BOCHS  BXPC     00000001 BXPC 00000001)
[    0.002088] ACPI: DSDT 0x000000007FFE0040 0021A8 (v01 BOCHS  BXPC     00000001 BXPC 00000001)
[    0.002090] ACPI: FACS 0x000000007FFE0000 000040
[    0.002091] ACPI: APIC 0x000000007FFE22DC 000080 (v03 BOCHS  BXPC     00000001 BXPC 00000001)
[    0.002092] ACPI: HPET 0x000000007FFE235C 000038 (v01 BOCHS  BXPC     00000001 BXPC 00000001)
[    0.002094] ACPI: MCFG 0x000000007FFE2394 00003C (v01 BOCHS  BXPC     00000001 BXPC 00000001)
[    0.002095] ACPI: WAET 0x000000007FFE23D0 000028 (v01 BOCHS  BXPC     00000001 BXPC 00000001)
[    0.002096] ACPI: Reserving FACP table memory at [mem 0x7ffe21e8-0x7ffe22db]
[    0.002097] ACPI: Reserving DSDT table memory at [mem 0x7ffe0040-0x7ffe21e7]
[    0.002097] ACPI: Reserving FACS table memory at [mem 0x7ffe0000-0x7ffe003f]
[    0.002098] ACPI: Reserving APIC table memory at [mem 0x7ffe22dc-0x7ffe235b]
[    0.002098] ACPI: Reserving HPET table memory at [mem 0x7ffe235c-0x7ffe2393]
[    0.002099] ACPI: Reserving MCFG table memory at [mem 0x7ffe2394-0x7ffe23cf]
[    0.002099] ACPI: Reserving WAET table memory at [mem 0x7ffe23d0-0x7ffe23f7]
[    0.002493] No NUMA configuration found
[    0.002494] Faking a node at [mem 0x0000000000000000-0x000000007effffff]
[    0.002501] NODE_DATA(0) allocated [mem 0x7efd5280-0x7effffff]
[    0.002634] Zone ranges:
[    0.002634]   DMA      [mem 0x0000000000001000-0x0000000000ffffff]
[    0.002635]   DMA32    [mem 0x0000000001000000-0x000000007effffff]
[    0.002636]   Normal   empty
[    0.002637]   Device   empty
[    0.002637] Movable zone start for each node
[    0.002639] Early memory node ranges
[    0.002639]   node   0: [mem 0x0000000000001000-0x000000000009efff]
[    0.002640]   node   0: [mem 0x000000005f000000-0x000000007effffff]
[    0.002641] Initmem setup node 0 [mem 0x0000000000001000-0x000000007effffff]
[    0.002645] On node 0, zone DMA: 1 pages in unavailable ranges
[    0.003065] On node 0, zone DMA32: 61281 pages in unavailable ranges
[    0.003074] On node 0, zone DMA32: 4096 pages in unavailable ranges
[    0.003803] ACPI: PM-Timer IO Port: 0x608
[    0.003813] ACPI: LAPIC_NMI (acpi_id[0xff] dfl dfl lint[0x1])
[    0.003835] IOAPIC[0]: apic_id 0, version 17, address 0xfec00000, GSI 0-23
[    0.003837] ACPI: INT_SRC_OVR (bus 0 bus_irq 0 global_irq 2 dfl dfl)
[    0.003838] ACPI: INT_SRC_OVR (bus 0 bus_irq 5 global_irq 5 high level)
[    0.003839] ACPI: INT_SRC_OVR (bus 0 bus_irq 9 global_irq 9 high level)
[    0.003840] ACPI: INT_SRC_OVR (bus 0 bus_irq 10 global_irq 10 high level)
[    0.003841] ACPI: INT_SRC_OVR (bus 0 bus_irq 11 global_irq 11 high level)
[    0.003843] ACPI: Using ACPI (MADT) for SMP configuration information
[    0.003844] ACPI: HPET id: 0x8086a201 base: 0xfed00000
[    0.003846] TSC deadline timer available
[    0.003848] CPU topo: Max. logical packages:   1
[    0.003848] CPU topo: Max. logical nodes:      1
[    0.003849] CPU topo: Num. nodes per package:  1
[    0.003850] CPU topo: Max. logical dies:       1
[    0.003851] CPU topo: Max. dies per package:   1
[    0.003853] CPU topo: Max. threads per core:   1
[    0.003854] CPU topo: Num. cores per package:     2
[    0.003854] CPU topo: Num. threads per package:   2
[    0.003854] CPU topo: Allowing 2 present CPUs plus 0 hotplug CPUs
[    0.003866] kvm-guest: APIC: eoi() replaced with kvm_guest_apic_eoi_write()
[    0.003878] PM: hibernation: Registered nosave memory: [mem 0x00000000-0x00000fff]
[    0.003879] PM: hibernation: Registered nosave memory: [mem 0x0009f000-0x5effffff]
[    0.003880] [mem 0x7f000000-0xffffffff] available for PCI devices
[    0.003881] Booting paravirtualized kernel on KVM
[    0.003882] clocksource: refined-jiffies: mask: 0xffffffff max_cycles: 0xffffffff, max_idle_ns: 1910969940391419 ns
[    0.008693] setup_percpu: NR_CPUS:8192 nr_cpumask_bits:2 nr_cpu_ids:2 nr_node_ids:1
[    0.008772] percpu: Embedded 84 pages/cpu s221184 r8192 d114688 u1048576
[    0.008793] kvm-guest: PV spinlocks disabled, no host support
[    0.008793] Kernel command line: console=ttyS0,115200 console=ttyAMA0,115200 panic=10 rdinit=/bin/sh
[    0.008833] random: crng init done
[    0.008833] printk: log buffer data + meta data: 262144 + 917504 = 1179648 bytes
[    0.008849] Dentry cache hash table entries: 65536 (order: 7, 524288 bytes, linear)
[    0.008859] Inode-cache hash table entries: 32768 (order: 6, 262144 bytes, linear)
[    0.008884] Fallback order for Node 0: 0 
[    0.008887] Built 1 zonelists, mobility grouping on.  Total pages: 131230
[    0.008887] Policy zone: DMA32
[    0.008965] mem auto-init: stack:all(zero), heap alloc:on, heap free:off
[    0.010188] SLUB: HWalign=64, Order=0-3, MinObjects=0, CPUs=2, Nodes=1
[    0.020960] ftrace: allocating 63440 entries in 248 pages
[    0.020961] ftrace: allocated 248 pages with 5 groups
[    0.021519] Dynamic Preempt: lazy
[    0.021548] rcu: Preemptible hierarchical RCU implementation.
[    0.021549] rcu: 	RCU event tracing is enabled.
[    0.021549] rcu: 	RCU restricting CPUs from NR_CPUS=8192 to nr_cpu_ids=2.
[    0.021551] 	Trampoline variant of Tasks RCU enabled.
[    0.021551] 	Rude variant of Tasks RCU enabled.
[    0.021551] 	Tracing variant of Tasks RCU enabled.
[    0.021552] rcu: RCU calculated value of scheduler-enlistment delay is 100 jiffies.
[    0.021553] rcu: Adjusting geometry for rcu_fanout_leaf=16, nr_cpu_ids=2
[    0.021559] RCU Tasks: Setting shift to 1 and lim to 1 rcu_task_cb_adjust=1 rcu_task_cpu_ids=2.
[    0.021560] RCU Tasks Rude: Setting shift to 1 and lim to 1 rcu_task_cb_adjust=1 rcu_task_cpu_ids=2.
[    0.021561] RCU Tasks Trace: Setting shift to 1 and lim to 1 rcu_task_cb_adjust=1 rcu_task_cpu_ids=2.
[    0.024895] NR_IRQS: 524544, nr_irqs: 440, preallocated irqs: 16
[    0.025086] rcu: srcu_init: Setting srcu_struct sizes based on contention.
[    0.025183] kfence: initialized - using 2097152 bytes for 255 objects at 0x(____ptrval____)-0x(____ptrval____)
[    0.025204] No irq handler for 0.82
[    0.025222] Console: colour dummy device 80x25
[    0.025282] printk: legacy console [ttyS0] enabled
[    0.475117] ACPI: Core revision 20250807
[    0.476208] clocksource: hpet: mask: 0xffffffff max_cycles: 0xffffffff, max_idle_ns: 19112604467 ns
[    0.478401] APIC: Switch to symmetric I/O mode setup
[    0.479693] x2apic enabled
[    0.480521] APIC: Switched APIC routing to: physical x2apic
[    0.482624] ..TIMER: vector=0x30 apic1=0 pin1=2 apic2=-1 pin2=-1
[    0.484007] clocksource: tsc-early: mask: 0xffffffffffffffff max_cycles: 0x3c8a33b0a85, max_idle_ns: 440795271379 ns
[    0.486422] Calibrating delay loop (skipped) preset value.. 8399.90 BogoMIPS (lpj=4199952)
[    0.488473] Last level iTLB entries: 4KB 0, 2MB 0, 4MB 0
[    0.489420] Last level dTLB entries: 4KB 0, 2MB 0, 4MB 0, 1GB 0
[    0.490428] mitigations: Enabled attack vectors: user_kernel, user_user, guest_host, guest_guest, SMT mitigations: auto
[    0.491420] Speculative Store Bypass: Vulnerable
[    0.492420] Spectre V2 : Mitigation: Retpolines
[    0.493420] Spectre V1 : Mitigation: usercopy/swapgs barriers and __user pointer sanitization
[    0.494420] Spectre V2 : Spectre v2 / SpectreRSB: Filling RSB on context switch and VMEXIT
[    0.495420] Spectre V2 : Enabling Restricted Speculation for firmware calls
[    0.496421] Spectre V2 : mitigation: Enabling conditional Indirect Branch Prediction Barrier
[    0.497432] x86/fpu: Supporting XSAVE feature 0x001: 'x87 floating point registers'
[    0.498420] x86/fpu: Supporting XSAVE feature 0x002: 'SSE registers'
[    0.499420] x86/fpu: Supporting XSAVE feature 0x004: 'AVX registers'
[    0.500421] x86/fpu: xstate_offset[2]:  576, xstate_sizes[2]:  256
[    0.501420] x86/fpu: Enabled xstate features 0x7, context size is 832 bytes, using 'standard' format.
[    0.521106] Freeing SMP alternatives memory: 56K
[    0.521423] pid_max: default: 32768 minimum: 301
[    0.522470] Yama: becoming mindful.
[    0.523424] SELinux:  Initializing.
[    0.524654] LSM support for eBPF active
[    0.525436] landlock: Up and running.
[    0.526462] Mount-cache hash table entries: 1024 (order: 1, 8192 bytes, linear)
[    0.527421] Mountpoint-cache hash table entries: 1024 (order: 1, 8192 bytes, linear)
[    0.528677] smpboot: CPU0: AMD Intel Core Processor (Haswell, no TSX, IBRS) (family: 0x6, model: 0x3c, stepping: 0x1)
[    0.529540] Performance Events: AMD PMU driver.
[    0.530427] ... version:                   0
[    0.531421] ... bit width:                 48
[    0.532421] ... generic counters:          4
[    0.533421] ... generic bitmap:            000000000000000f
[    0.534421] ... fixed-purpose counters:    0
[    0.535421] ... fixed-purpose bitmap:      0000000000000000
[    0.536421] ... value mask:                0000ffffffffffff
[    0.537421] ... max period:                00007fffffffffff
[    0.538421] ... global_ctrl mask:          000000000000000f
[    0.539470] signal: max sigframe size: 1776
[    0.540451] rcu: Hierarchical SRCU implementation.
[    0.541424] rcu: 	Max phase no-delay instances is 400.
[    0.542454] Timer migration: 1 hierarchy levels; 8 children per group; 1 crossnode level
[    0.543636] smp: Bringing up secondary CPUs ...
[    0.544505] smpboot: x86: Booting SMP configuration:
[    0.545426] .... node  #0, CPUs:      #1
[    0.557444] smp: Brought up 1 node, 2 CPUs
[    0.558423] smpboot: Total of 2 processors activated (16799.80 BogoMIPS)
[    0.559538] Memory: 395216K/524920K available (22601K kernel code, 4588K rwdata, 17856K rodata, 5200K init, 5788K bss, 124396K reserved, 0K cma-reserved)
[    0.560478] devtmpfs: initialized
[    0.561235] x86/mm: Memory block size: 128MB
[    0.561558] clocksource: jiffies: mask: 0xffffffff max_cycles: 0xffffffff, max_idle_ns: 1911260446275000 ns
[    0.562428] posixtimers hash table entries: 1024 (order: 2, 16384 bytes, linear)
[    0.563425] futex hash table entries: 512 (32768 bytes on 1 NUMA nodes, total 32 KiB, linear).
[    0.564591] PM: RTC time: 10:04:48, date: 2026-08-10
[    0.565633] NET: Registered PF_NETLINK/PF_ROUTE protocol family
[    0.566491] DMA: preallocated 128 KiB GFP_KERNEL|GFP_DMA32 pool for atomic allocations
[    0.567428] audit: initializing netlink subsys (disabled)
[    0.568443] audit: type=2000 audit(1786356287.986:1): state=initialized audit_enabled=0 res=1
[    0.568479] thermal_sys: Registered thermal governor 'fair_share'
[    0.569421] thermal_sys: Registered thermal governor 'bang_bang'
[    0.570421] thermal_sys: Registered thermal governor 'step_wise'
[    0.571421] thermal_sys: Registered thermal governor 'user_space'
[    0.572430] cpuidle: using governor menu
[    0.574431] acpiphp: ACPI Hot Plug PCI Controller Driver version: 0.5
[    0.575533] PCI: ECAM [mem 0xb0000000-0xbfffffff] (base 0xb0000000) for domain 0000 [bus 00-ff]
[    0.576428] PCI: Using configuration type 1 for base access
[    0.577483] kprobes: kprobe jump-optimization is enabled. All kprobes are optimized if possible.
[    0.585433] HugeTLB: registered 2.00 MiB page size, pre-allocated 0 pages
[    0.586422] HugeTLB: 28 KiB vmemmap can be freed for a 2.00 MiB page
[    0.590828] raid6: skipped pq benchmark and selected avx2x4
[    0.591422] raid6: using avx2x2 recovery algorithm
[    0.592468] ACPI: Added _OSI(Module Device)
[    0.593425] ACPI: Added _OSI(Processor Device)
[    0.594421] ACPI: Added _OSI(Processor Aggregator Device)
[    0.595943] ACPI: 1 ACPI AML tables successfully acquired and loaded
[    0.597511] ACPI: Interpreter enabled
[    0.598380] ACPI: PM: (supports S0 S3 S4 S5)
[    0.598421] ACPI: Using IOAPIC for interrupt routing
[    0.599465] PCI: Using host bridge windows from ACPI; if necessary, use "pci=nocrs" and report a bug
[    0.600421] PCI: Ignoring E820 reservations for host bridge windows
[    0.601475] ACPI: Enabled 2 GPEs in block 00 to 3F
[    0.603718] ACPI: PCI Root Bridge [PCI0] (domain 0000 [bus 00-ff])
[    0.604425] acpi PNP0A08:00: _OSC: OS supports [ExtendedConfig ASPM ClockPM Segments MSI EDR HPX-Type3]
[    0.605449] acpi PNP0A08:00: _OSC: platform does not support [PCIeHotplug LTR DPC]
[    0.606456] acpi PNP0A08:00: _OSC: OS now controls [SHPCHotplug PME AER PCIeCapability]
[    0.607672] PCI host bridge to bus 0000:00
[    0.608424] pci_bus 0000:00: root bus resource [io  0x0000-0x0cf7 window]
[    0.609422] pci_bus 0000:00: root bus resource [io  0x0d00-0xffff window]
[    0.610422] pci_bus 0000:00: root bus resource [mem 0x000a0000-0x000bffff window]
[    0.611422] pci_bus 0000:00: root bus resource [mem 0x80000000-0xafffffff window]
[    0.612422] pci_bus 0000:00: root bus resource [mem 0xc0000000-0xfebfffff window]
[    0.613422] pci_bus 0000:00: root bus resource [mem 0xc000000000-0xc7ffffffff window]
[    0.614422] pci_bus 0000:00: root bus resource [bus 00-ff]
[    0.615473] pci 0000:00:00.0: [8086:29c0] type 00 class 0x060000 conventional PCI endpoint
[    0.617122] pci 0000:00:01.0: [1af4:1042] type 00 class 0x010000 conventional PCI endpoint
[    0.618441] pci 0000:00:01.0: BAR 1 [mem 0xfebc0000-0xfebc0fff]
[    0.619458] pci 0000:00:01.0: BAR 4 [mem 0xc040000000-0xc040003fff 64bit pref]
[    0.621211] pci 0000:00:02.0: [1af4:1042] type 00 class 0x010000 conventional PCI endpoint
[    0.622416] pci 0000:00:02.0: BAR 1 [mem 0xfebc1000-0xfebc1fff]
[    0.623459] pci 0000:00:02.0: BAR 4 [mem 0xc040004000-0xc040007fff 64bit pref]
[    0.625217] pci 0000:00:03.0: [1af4:1041] type 00 class 0x020000 conventional PCI endpoint
[    0.626441] pci 0000:00:03.0: BAR 1 [mem 0xfebc2000-0xfebc2fff]
[    0.627459] pci 0000:00:03.0: BAR 4 [mem 0xc040008000-0xc04000bfff 64bit pref]
[    0.628432] pci 0000:00:03.0: ROM [mem 0xfeb80000-0xfebbffff pref]
[    0.630205] pci 0000:00:04.0: [1af4:1052] type 00 class 0x090000 conventional PCI endpoint
[    0.631258] pci 0000:00:04.0: BAR 1 [mem 0xfebc3000-0xfebc3fff]
[    0.631472] pci 0000:00:04.0: BAR 4 [mem 0xc04000c000-0xc04000ffff 64bit pref]
[    0.633228] pci 0000:00:05.0: [1af4:1052] type 00 class 0x090200 conventional PCI endpoint
[    0.634251] pci 0000:00:05.0: BAR 1 [mem 0xfebc4000-0xfebc4fff]
[    0.634459] pci 0000:00:05.0: BAR 4 [mem 0xc040010000-0xc040013fff 64bit pref]
[    0.636243] pci 0000:00:06.0: [1af4:1052] type 00 class 0x098000 conventional PCI endpoint
[    0.637441] pci 0000:00:06.0: BAR 1 [mem 0xfebc5000-0xfebc5fff]
[    0.638459] pci 0000:00:06.0: BAR 4 [mem 0xc040014000-0xc040017fff 64bit pref]
[    0.640229] pci 0000:00:07.0: [1af4:1044] type 00 class 0x00ff00 conventional PCI endpoint
[    0.641238] pci 0000:00:07.0: BAR 1 [mem 0xfebc6000-0xfebc6fff]
[    0.641459] pci 0000:00:07.0: BAR 4 [mem 0xc040018000-0xc04001bfff 64bit pref]
[    0.643204] pci 0000:00:08.0: [1af4:1053] type 00 class 0x078000 conventional PCI endpoint
[    0.644308] pci 0000:00:08.0: BAR 1 [mem 0xfebc7000-0xfebc7fff]
[    0.644459] pci 0000:00:08.0: BAR 4 [mem 0xc04001c000-0xc04001ffff 64bit pref]
[    0.646218] pci 0000:00:09.0: [1af4:1059] type 00 class 0x040100 conventional PCI endpoint
[    0.647441] pci 0000:00:09.0: BAR 1 [mem 0xfebc8000-0xfebc8fff]
[    0.648459] pci 0000:00:09.0: BAR 4 [mem 0xc040020000-0xc040023fff 64bit pref]
[    0.650169] pci 0000:00:0a.0: [1b36:0010] type 00 class 0x010802 PCIe Root Complex Integrated Endpoint
[    0.651061] pci 0000:00:0a.0: BAR 0 [mem 0xc000000000-0xc000003fff 64bit]
[    0.651526] pci 0000:00:0a.0: enabling Extended Tags
[    0.653131] pci 0000:00:0b.0: [8086:2922] type 00 class 0x010601 conventional PCI endpoint
[    0.654247] pci 0000:00:0b.0: BAR 4 [io  0xc040-0xc05f]
[    0.654434] pci 0000:00:0b.0: BAR 5 [mem 0xfebc9000-0xfebc9fff]
[    0.655969] pci 0000:00:0c.0: [1af4:1050] type 00 class 0x038000 conventional PCI endpoint
[    0.657431] pci 0000:00:0c.0: BAR 1 [mem 0xfebca000-0xfebcafff]
[    0.658458] pci 0000:00:0c.0: BAR 4 [mem 0xc040024000-0xc040027fff 64bit pref]
[    0.660252] pci 0000:00:1f.0: [8086:2918] type 00 class 0x060100 conventional PCI endpoint
[    0.660871] pci 0000:00:1f.0: quirk: [io  0x0600-0x067f] claimed by ICH6 ACPI/GPIO/TCO
[    0.661693] pci 0000:00:1f.2: [8086:2922] type 00 class 0x010601 conventional PCI endpoint
[    0.663217] pci 0000:00:1f.2: BAR 4 [io  0xc060-0xc07f]
[    0.663432] pci 0000:00:1f.2: BAR 5 [mem 0xfebcb000-0xfebcbfff]
[    0.664827] pci 0000:00:1f.3: [8086:2930] type 00 class 0x0c0500 conventional PCI endpoint
[    0.666047] pci 0000:00:1f.3: BAR 4 [io  0x0700-0x073f]
[    0.670211] ACPI: PCI: Interrupt link LNKA configured for IRQ 10
[    0.670501] ACPI: PCI: Interrupt link LNKB configured for IRQ 10
[    0.671500] ACPI: PCI: Interrupt link LNKC configured for IRQ 11
[    0.672499] ACPI: PCI: Interrupt link LNKD configured for IRQ 11
[    0.673507] ACPI: PCI: Interrupt link LNKE configured for IRQ 10
[    0.674498] ACPI: PCI: Interrupt link LNKF configured for IRQ 10
[    0.675499] ACPI: PCI: Interrupt link LNKG configured for IRQ 11
[    0.676498] ACPI: PCI: Interrupt link LNKH configured for IRQ 11
[    0.677456] ACPI: PCI: Interrupt link GSIA configured for IRQ 16
[    0.678430] ACPI: PCI: Interrupt link GSIB configured for IRQ 17
[    0.679429] ACPI: PCI: Interrupt link GSIC configured for IRQ 18
[    0.680429] ACPI: PCI: Interrupt link GSID configured for IRQ 19
[    0.681431] ACPI: PCI: Interrupt link GSIE configured for IRQ 20
[    0.682429] ACPI: PCI: Interrupt link GSIF configured for IRQ 21
[    0.683429] ACPI: PCI: Interrupt link GSIG configured for IRQ 22
[    0.684431] ACPI: PCI: Interrupt link GSIH configured for IRQ 23
[    0.685661] iommu: Default domain type: Translated
[    0.686423] iommu: DMA domain TLB invalidation policy: lazy mode
[    0.687495] SCSI subsystem initialized
[    0.688443] ACPI: bus type USB registered
[    0.689434] usbcore: registered new interface driver usbfs
[    0.690427] usbcore: registered new interface driver hub
[    0.691427] usbcore: registered new device driver usb
[    0.692439] pps_core: LinuxPPS API ver. 1 registered
[    0.693421] pps_core: Software ver. 5.3.6 - Copyright 2005-2007 Rodolfo Giometti <giometti@linux.it>
[    0.694424] PTP clock support registered
[    0.695354] EDAC MC: Ver: 3.0.0
[    0.696562] NetLabel: Initializing
[    0.697422] NetLabel:  domain hash size = 128
[    0.698421] NetLabel:  protocols = UNLABELED CIPSOv4 CALIPSO
[    0.699436] NetLabel:  unlabeled traffic allowed by default
[    0.700424] mctp: management component transport protocol core
[    0.702421] NET: Registered PF_MCTP protocol family
[    0.703429] PCI: Using ACPI for IRQ routing
[    0.777942] vgaarb: loaded
[    0.778475] hpet0: at MMIO 0xfed00000, IRQs 2, 8, 0
[    0.779425] hpet0: 3 comparators, 64-bit 100.000000 MHz counter
[    0.783454] clocksource: Switched to clocksource kvm-clock
[    0.785294] VFS: Disk quotas dquot_6.6.0
[    0.786235] VFS: Dquot-cache hash table entries: 512 (order 0, 4096 bytes)
[    0.787942] pnp: PnP ACPI init
[    0.788789] system 00:05: [mem 0xb0000000-0xbfffffff window] has been reserved
[    0.790683] pnp: PnP ACPI: found 6 devices
[    0.797042] clocksource: acpi_pm: mask: 0xffffff max_cycles: 0xffffff, max_idle_ns: 2085701024 ns
[    0.799244] NET: Registered PF_INET protocol family
[    0.800461] IP idents hash table entries: 8192 (order: 4, 65536 bytes, linear)
[    0.808994] tcp_listen_portaddr_hash hash table entries: 256 (order: 0, 4096 bytes, linear)
[    0.811110] Table-perturb hash table entries: 65536 (order: 6, 262144 bytes, linear)
[    0.813024] TCP established hash table entries: 4096 (order: 3, 32768 bytes, linear)
[    0.814945] TCP bind hash table entries: 4096 (order: 5, 131072 bytes, linear)
[    0.816591] TCP: Hash tables configured (established 4096 bind 4096)
[    0.818102] MPTCP token hash table entries: 512 (order: 2, 12288 bytes, linear)
[    0.819805] UDP hash table entries: 256 (order: 2, 16384 bytes, linear)
[    0.821346] UDP-Lite hash table entries: 256 (order: 2, 16384 bytes, linear)
[    0.823002] NET: Registered PF_UNIX/PF_LOCAL protocol family
[    0.824343] NET: Registered PF_XDP protocol family
[    0.825598] pci_bus 0000:00: resource 4 [io  0x0000-0x0cf7 window]
[    0.827101] pci_bus 0000:00: resource 5 [io  0x0d00-0xffff window]
[    0.828527] pci_bus 0000:00: resource 6 [mem 0x000a0000-0x000bffff window]
[    0.830131] pci_bus 0000:00: resource 7 [mem 0x80000000-0xafffffff window]
[    0.831717] pci_bus 0000:00: resource 8 [mem 0xc0000000-0xfebfffff window]
[    0.833333] pci_bus 0000:00: resource 9 [mem 0xc000000000-0xc7ffffffff window]
[    0.835210] PCI: CLS 0 bytes, default 64
[    0.836219] clocksource: tsc: mask: 0xffffffffffffffff max_cycles: 0x3c8a33b0a85, max_idle_ns: 440795271379 ns
[    0.836250] Trying to unpack rootfs image as initramfs...
[    0.858895] Initialise system trusted keyrings
[    0.859955] Key type blacklist registered
[    0.862414] workingset: timestamp_bits=36 max_order=17 bucket_order=0
[    0.864244] integrity: Platform Keyring initialized
[    0.865457] integrity: Machine keyring initialized
[    0.867342] cryptd: max_cpu_qlen set to 1000
[    0.873778] NET: Registered PF_ALG protocol family
[    0.875021] xor: automatically using best checksumming function   avx       
[    0.876792] Key type asymmetric registered
[    0.877833] Asymmetric key parser 'x509' registered
[    0.879507] Block layer SCSI generic (bsg) driver version 0.4 loaded (major 244)
[    0.882352] io scheduler mq-deadline registered
[    0.883495] io scheduler kyber registered
[    0.884527] io scheduler bfq registered
[    0.886347] atomic64_test: passed for x86-64 platform with CX8 and with SSE
[    0.888208] input: Power Button as /devices/LNXSYSTM:00/LNXPWRBN:00/input/input0
[    0.890347] ACPI: button: Power Button [PWRF]
[    0.895522] ACPI: \_SB_.GSIF: Enabled at IRQ 21
[    0.897722] ACPI: \_SB_.GSIG: Enabled at IRQ 22
[    0.899884] ACPI: \_SB_.GSIH: Enabled at IRQ 23
[    0.902046] ACPI: \_SB_.GSIE: Enabled at IRQ 20
[    0.905693] Freeing initrd memory: 41900K
[    0.912240] Serial: 8250/16550 driver, 32 ports, IRQ sharing enabled
[    0.914081] 00:03: ttyS0 at I/O 0x3f8 (irq = 4, base_baud = 115200) is a 16550A
[    0.916654] Non-volatile memory driver v1.3
[    0.918321] Linux agpgart interface v0.103
[    0.919364] ACPI: bus type drm_connector registered
[    0.920767] virtio_blk virtio0: 2/0/0 default/read/poll queues
[    0.922968] virtio_blk virtio0: [vda] 6111232 512-byte logical blocks (3.13 GB/2.91 GiB)
[    0.925274] virtio_blk virtio1: 2/0/0 default/read/poll queues
[    0.927465] virtio_blk virtio1: [vdb] 131072 512-byte logical blocks (67.1 MB/64.0 MiB)
[    0.930488] ahci 0000:00:0b.0: AHCI vers 0001.0000, 32 command slots, 1.5 Gbps, SATA mode
[    0.932401] ahci 0000:00:0b.0: 6/6 ports implemented (port mask 0x3f)
[    0.933923] ahci 0000:00:0b.0: flags: 64bit ncq only 
[    0.935922] scsi host0: ahci
[    0.936663] scsi host1: ahci
[    0.937409] scsi host2: ahci
[    0.938146] scsi host3: ahci
[    0.938894] scsi host4: ahci
[    0.939625] scsi host5: ahci
[    0.940352] ata1: SATA max UDMA/133 abar m4096@0xfebc9000 port 0xfebc9100 irq 32 lpm-pol 1
[    0.942288] ata2: SATA max UDMA/133 abar m4096@0xfebc9000 port 0xfebc9180 irq 32 lpm-pol 1
[    0.944228] ata3: SATA max UDMA/133 abar m4096@0xfebc9000 port 0xfebc9200 irq 32 lpm-pol 1
[    0.946175] ata4: SATA max UDMA/133 abar m4096@0xfebc9000 port 0xfebc9280 irq 32 lpm-pol 1
[    0.948159] ata5: SATA max UDMA/133 abar m4096@0xfebc9000 port 0xfebc9300 irq 32 lpm-pol 1
[    0.950227] ata6: SATA max UDMA/133 abar m4096@0xfebc9000 port 0xfebc9380 irq 32 lpm-pol 1
[    0.952258] ACPI: \_SB_.GSIA: Enabled at IRQ 16
[    0.954466] ahci 0000:00:1f.2: AHCI vers 0001.0000, 32 command slots, 1.5 Gbps, SATA mode
[    0.956585] ahci 0000:00:1f.2: 6/6 ports implemented (port mask 0x3f)
[    0.958228] ahci 0000:00:1f.2: flags: 64bit ncq only 
[    0.960409] scsi host6: ahci
[    0.961155] scsi host7: ahci
[    0.961918] scsi host8: ahci
[    0.962652] scsi host9: ahci
[    0.963419] scsi host10: ahci
[    0.964180] scsi host11: ahci
[    0.964912] ata7: SATA max UDMA/133 abar m4096@0xfebcb000 port 0xfebcb100 irq 33 lpm-pol 1
[    0.966826] ata8: SATA max UDMA/133 abar m4096@0xfebcb000 port 0xfebcb180 irq 33 lpm-pol 1
[    0.968727] ata9: SATA max UDMA/133 abar m4096@0xfebcb000 port 0xfebcb200 irq 33 lpm-pol 1
[    0.970673] ata10: SATA max UDMA/133 abar m4096@0xfebcb000 port 0xfebcb280 irq 33 lpm-pol 1
[    0.972614] ata11: SATA max UDMA/133 abar m4096@0xfebcb000 port 0xfebcb300 irq 33 lpm-pol 1
[    0.974852] ata12: SATA max UDMA/133 abar m4096@0xfebcb000 port 0xfebcb380 irq 33 lpm-pol 1
[    0.977036] CAN device driver interface
[    0.978420] usbcore: registered new interface driver usbserial_generic
[    0.980078] usbserial: USB Serial support registered for generic
[    0.981480] i8042: PNP: PS/2 Controller [PNP0303:KBD,PNP0f13:MOU] at 0x60,0x64 irq 1,12
[    0.984356] serio: i8042 KBD port at 0x60,0x64 irq 1
[    0.985496] serio: i8042 AUX port at 0x60,0x64 irq 12
[    0.986722] mousedev: PS/2 mouse device common for all mice
[    0.988086] rtc_cmos 00:04: RTC can wake from S4
[    0.989443] input: AT Translated Set 2 keyboard as /devices/platform/i8042/serio0/input/input1
[    0.992224] rtc_cmos 00:04: registered as rtc0
[    0.992430] input: VirtualPS/2 VMware VMMouse as /devices/platform/i8042/serio1/input/input4
[    0.993704] rtc_cmos 00:04: setting system clock to 2026-08-10T10:04:48 UTC (1786356288)
[    0.998056] rtc_cmos 00:04: alarms up to one day, y3k, 242 bytes nvram
[    0.999730] device-mapper: core: CONFIG_IMA_DISABLE_HTABLE is disabled. Duplicate IMA measurements will not be recorded in the IMA log.
[    1.002533] device-mapper: uevent: version 1.0.3
[    1.002549] input: VirtualPS/2 VMware VMMouse as /devices/platform/i8042/serio1/input/input3
[    1.003633] device-mapper: ioctl: 4.50.0-ioctl (2025-04-28) initialised: dm-devel@lists.linux.dev
[    1.007755] amd_pstate: the _CPC object is not present in SBIOS or ACPI disabled
[    1.009470] hid: raw HID events driver (C) Jiri Kosina
[    1.010656] usbcore: registered new interface driver usbhid
[    1.011985] usbhid: USB HID core driver
[    1.013021] drop_monitor: Initializing network drop monitor service
[    1.014614] Initializing XFRM netlink socket
[    1.015602] NET: Registered PF_INET6 protocol family
[    1.016904] Segment Routing with IPv6
[    1.017772] RPL Segment Routing with IPv6
[    1.018713] In-situ OAM (IOAM) with IPv6
[    1.019625] mip6: Mobile IPv6
[    1.020306] NET: Registered PF_PACKET protocol family
[    1.021462] can: controller area network core
[    1.022476] NET: Registered PF_CAN protocol family
[    1.023751] IPI shorthand broadcast: enabled
[    1.025551] sched_clock: Marking stable (569001217, 456326363)->(1136906652, -111579072)
[    1.027537] registered taskstats version 1
[    1.028633] Loading compiled-in X.509 certificates
[    1.030347] Loaded X.509 cert 'Fedora kernel signing key: 4cf8c5d3d57999a8a8545dbe5ad90ba8c0985fe6'
[    1.041922] Loaded X.509 cert 'Fedora IMA CA: a8a00c31663f853f9c6ff2564872e378af026b28'
[    1.045238] Demotion targets for Node 0: null
[    1.046235] page_owner is disabled
[    1.047090] Key type .fscrypt registered
[    1.048008] Key type fscrypt-provisioning registered
[    1.049314] Btrfs loaded, zoned=yes, fsverity=yes
[    1.050455] Key type big_key registered
[    1.051439] Key type encrypted registered
[    1.052382] ima: No TPM chip found, activating TPM-bypass!
[    1.053646] Loading compiled-in module X.509 certificates
[    1.055113] Loaded X.509 cert 'Fedora kernel signing key: 4cf8c5d3d57999a8a8545dbe5ad90ba8c0985fe6'
[    1.057292] ima: Allocated hash algorithm: sha256
[    1.058500] ima: No architecture policies found
[    1.059561] evm: Initialising EVM extended attributes:
[    1.060747] evm: security.selinux
[    1.061522] evm: security.SMACK64 (disabled)
[    1.062507] evm: security.SMACK64EXEC (disabled)
[    1.063572] evm: security.SMACK64TRANSMUTE (disabled)
[    1.064739] evm: security.SMACK64MMAP (disabled)
[    1.065814] evm: security.apparmor (disabled)
[    1.066828] evm: security.ima
[    1.067517] evm: security.capability
[    1.068352] evm: HMAC attrs: 0x1
[    1.072081] alg: No test for 842 (842-scomp)
[    1.090338] PM:   Magic number: 6:336:72
[    1.092048] RAS: Correctable Errors collector initialized.
[    1.095685] clk: Disabling unused clocks
[    1.096673] PM: genpd: Disabling unused power domains
"-OK
[    1.256078] ata1: SATA link up 1.5 Gbps (SStatus 113 SControl 300)
[    1.257664] ata1.00: Model 'QEMU HARDDISK', rev '2.5+', applying quirks: bridgeok
[    1.259108] ata1.00: ATA-7: QEMU HARDDISK, 2.5+, max UDMA/100
[    1.260199] ata1.00: 32768 sectors, multi 16: LBA48 NCQ (depth 32)
[    1.261493] ata1.00: configured for UDMA/100
[    1.262488] ata2: SATA link down (SStatus 0 SControl 300)
[    1.262550] scsi 0:0:0:0: Direct-Access     ATA      QEMU HARDDISK    2.5+ PQ: 0 ANSI: 5
[    1.264182] ata3: SATA link down (SStatus 0 SControl 300)
[    1.265645] sd 0:0:0:0: [sda] 32768 512-byte logical blocks: (16.8 MB/16.0 MiB)
[    1.266985] ata5: SATA link down (SStatus 0 SControl 300)
[    1.267860] sd 0:0:0:0: Attached scsi generic sg0 type 0
[    1.269748] ata6: SATA link down (SStatus 0 SControl 300)
[    1.270313] sd 0:0:0:0: [sda] Write Protect is off
[    1.272054] ata4: SATA link down (SStatus 0 SControl 300)
[    1.273677] sd 0:0:0:0: [sda] Write cache: enabled, read cache: enabled, doesn't support DPO or FUA
[    1.275537] sd 0:0:0:0: [sda] Preferred minimum I/O size 512 bytes
[    1.280603] sd 0:0:0:0: [sda] Attached SCSI disk
[    1.288983] ata11: SATA link down (SStatus 0 SControl 300)
[    1.290591] ata10: SATA link down (SStatus 0 SControl 300)
[    1.292059] ata8: SATA link down (SStatus 0 SControl 300)
[    1.293404] ata7: SATA link down (SStatus 0 SControl 300)
[    1.294861] ata12: SATA link down (SStatus 0 SControl 300)
[    1.296141] ata9: SATA link up 1.5 Gbps (SStatus 113 SControl 300)
[    1.297573] ata9.00: ATAPI: QEMU DVD-ROM, 2.5+, max UDMA/100
[    1.298781] ata9.00: applying bridge limits
[    1.299805] ata9.00: configured for UDMA/100
[    1.301180] scsi 8:0:0:0: CD-ROM            QEMU     QEMU DVD-ROM     2.5+ PQ: 0 ANSI: 5
[    1.311851] sr 8:0:0:0: [sr0] scsi3-mmc drive: 4x/4x cd/rw xa/form2 tray
[    1.313129] cdrom: Uniform CD-ROM driver Revision: 3.20
[    1.321100] sr 8:0:0:0: Attached scsi generic sg1 type 5
[    1.323431] Freeing unused decrypted memory: 2028K
[    1.324957] Freeing unused kernel image (initmem) memory: 5200K
[    1.326093] Write protecting the kernel read-only data: 43008k
[    1.327565] Freeing unused kernel image (text/rodata gap) memory: 1972K
[    1.329062] Freeing unused kernel image (rodata/data gap) memory: 576K
[    1.363531] x86/mm: Checked W+X mappings: passed, no W+X pages found.
[    1.364896] Run /bin/sh as init process
sh: cannot set terminal process group (-1): Inappropriate ioctl for device
sh: no job control in this shell
[?2004hsh-5.2# "-OK
[?2004l[?2004h> echo NEWSH""-OK
[?2004l[?2004h> echo NEWSH""-OK
[?2004l[?2004h> echo NEWSH""-OK
[?2004l[?2004h> 