[2J[001;001H[=3h[2J[001;001H[2J[001;001H[8;042;160t[2J[001;001HBdsDxe: failed to load Boot0002 "UEFI Misc Device" from PciRoot(0x0)/Pci(0x1,0x0): Not Found
BdsDxe: failed to load Boot0003 "UEFI Misc Device 2" from PciRoot(0x0)/Pci(0x2,0x0): Not Found
BdsDxe: failed to load Boot0004 "UEFI QEMU NVMe Ctrl oxnvme 1" from PciRoot(0x0)/Pci(0xB,0x0)/NVMe(0x1,00-00-00-00-00-00-00-00): Not Found
BdsDxe: loading Boot0005 "UEFI Misc Device 3" from PciRoot(0x0)/Pci(0xD,0x0)
BdsDxe: starting Boot0005 "UEFI Misc Device 3" from PciRoot(0x0)/Pci(0xD,0x0)
  Booting `oxide (EFI-stub)'

A1BCDE[6.889] Kernel command line: BOOT_IMAGE=/boot/oxide-aarch64.Image root=/dev/oxide0 rw earlycon printk.time=1 sysctl.kernel.sysrq=1 crashkernel=512M console=ttyAMA0,115200 console=tty0 systemd.mask=firewalld.service systemd.mask=chronyd.service systemd.mask=ModemManager.service systemd.mask=plymouth-start.service systemd.mask=NetworkManager-wait-online.service systemd.debug_shell=ttyS0 oxide.bootargs=grub
[7.095] [BOOT-DEV-NULL] type=8192 fs=devtmpfs
echo SHELL""-OK
[7.550] systemd[1]: System time advanced to built-in epoch: Fri 2026-03-13 00:00:00 UTC
[7.674] systemd[1]: systemd 257.13-1.fc42 running in system mode (+PAM +AUDIT +SELINUX -APPARMOR +IMA +IPE +SMACK +SECCOMP -GCRYPT +GNUTLS +OPENSSL +ACL +BLKID +CURL +ELFUTILS +FIDO2 +IDN2 -IDN -IPTC +KMOD +LIBCRYPTSETUP +LIBCRYPTSETUP_PLUGINS +LIBFDISK +PCRE2 +PWQUALITY +P11KIT +QRENCODE +TPM2 +BZIP2 +LZ4 +XZ +ZLIB +ZSTD +BPF_FRAMEWORK +BTF +XKBCOMMON +UTMP +SYSVINIT +LIBARCHIVE)
[7.677] systemd[1]: Detected architecture arm64.
[7.802] systemd[1]: bpf-restrict-fs: BPF LSM hook not enabled in the kernel, BPF LSM not supported.
[12.305] systemd[1]: Queued start job for default target graphical.target.
[12.346] systemd[1]: Created slice system-getty.slice - Slice /system/getty.
[12.354] systemd[1]: Created slice system-modprobe.slice - Slice /system/modprobe.
[12.360] systemd[1]: Created slice system-sshd\x2dkeygen.slice - Slice /system/sshd-keygen.
[12.365] systemd[1]: Created slice system-systemd\x2dzram\x2dsetup.slice - Slice /system/systemd-zram-setup.
[12.371] systemd[1]: Created slice user.slice - User and Session Slice.
[12.376] systemd[1]: Started systemd-ask-password-console.path - Dispatch Password Requests to Console Directory Watch.
[12.380] systemd[1]: Started systemd-ask-password-wall.path - Forward Password Requests to Wall Directory Watch.
[12.390] systemd[1]: Set up automount proc-sys-fs-binfmt_misc.automount - Arbitrary Executable File Formats File System Automount Point.
[12.393] systemd[1]: Expecting device dev-zram0.device - /dev/zram0...
[12.396] systemd[1]: Reached target cryptsetup.target - Local Encrypted Volumes.
echo SHELL""-OK
[12.398] systemd[1]: Reached target integritysetup.target - Local Integrity Protected Volumes.
[12.401] systemd[1]: Reached target paths.target - Path Units.
[12.403] systemd[1]: Reached target remote-fs.target - Remote File Systems.
[12.700] systemd[1]: Reached target slices.target - Slice Units.
[12.703] systemd[1]: Reached target veritysetup.target - Local Verity Protected Volumes.
[12.727] systemd[1]: Listening on systemd-coredump.socket - Process Core Dump Socket.
[12.740] systemd[1]: Listening on systemd-creds.socket - Credential Encryption/Decryption.
[12.744] systemd[1]: Listening on systemd-initctl.socket - initctl Compatibility Named Pipe.
[12.749] systemd[1]: Listening on systemd-journald-audit.socket - Journal Audit Socket.
[12.752] systemd[1]: Listening on systemd-journald-dev-log.socket - Journal Socket (/dev/log).
[12.783] systemd[1]: Listening on systemd-journald.socket - Journal Sockets.
[12.811] systemd[1]: systemd-pcrextend.socket - TPM PCR Measurements skipped, unmet condition check ConditionSecurity=measured-uki
[12.825] systemd[1]: systemd-pcrlock.socket - Make TPM PCR Policy skipped, unmet condition check ConditionSecurity=measured-uki
[12.841] systemd[1]: Listening on systemd-udevd-control.socket - udev Control Socket.
[12.871] systemd[1]: Listening on systemd-udevd-kernel.socket - udev Kernel Socket.
[12.904] systemd[1]: Listening on systemd-userdbd.socket - User Database Manager Socket.
[13.008] systemd[1]: Mounting dev-hugepages.mount - Huge Pages File System...
[13.057] systemd[1]: Mounting dev-mqueue.mount - POSIX Message Queue File System...
[13.100] systemd[1]: sys-kernel-debug.mount: Directory /sys/kernel/debug to mount over is not empty, mounting anyway.
[13.143] systemd[1]: Mounting sys-kernel-debug.mount - Kernel Debug File System...
[13.216] systemd[1]: sys-kernel-tracing.mount: Directory /sys/kernel/tracing to mount over is not empty, mounting anyway.
[13.280] systemd[1]: Mounting sys-kernel-tracing.mount - Kernel Trace File System...
[13.427] systemd[1]: Started debug-shell.service - Early root shell on /dev/ttyS0 FOR DEBUGGING ONLY.
[13.474] systemd[1]: fips-crypto-policy-overlay.service - Bind-mount FIPS crypto-policy in FIPS mode skipped, unmet condition check ConditionKernelCommandLine=fips=1
[13.515] systemd[1]: kmod-static-nodes.service - Create List of Static Device Nodes skipped, unmet condition check ConditionFileNotEmpty=/lib/modules/6.19.0-oxide/modules.devname
[13.576] systemd[1]: Starting modprobe@configfs.service - Load Kernel Module configfs...
[!p]104[?7h[6n[32766;32766H[6n[13.697] systemd[1]: Starting modprobe@dm_mod.service - Load Kernel Module dm_mod...
[13.821] systemd[1]: Starting modprobe@drm.service - Load Kernel Module drm...
[13.940] systemd[1]: Starting modprobe@fuse.service - Load Kernel Module fuse...
[14.018] systemd[1]: Starting modprobe@loop.service - Load Kernel Module loop...
[!p]104[?7h[6n[32766;32766H[6n[14.076] systemd[1]: systemd-hibernate-clear.service - Clear Stale Hibernate Storage Info skipped, unmet condition check ConditionPathExists=/sys/firmware/efi/efivars/HibernateLocation-8cf2644b-4b0b-428f-9387-6d876050dc67
[14.296] systemd[1]: Starting systemd-journald.service - Journal Service...
[14.633] systemd[1]: Starting systemd-modules-load.service - Load Kernel Modules...
[14.690] systemd[1]: systemd-pcrmachine.service - TPM PCR Machine ID Measurement skipped, unmet condition check ConditionSecurity=measured-uki
[14.871] systemd[1]: Starting systemd-remount-fs.service - Remount Root and Kernel File Systems...
[14.958] systemd[1]: Starting systemd-tmpfiles-setup-dev-early.service - Create Static Device Nodes in /dev gracefully...
[15.012] systemd[1]: systemd-tpm2-setup-early.service - Early TPM SRK Setup skipped, unmet condition check ConditionSecurity=measured-uki
[?2004hsh-5.2# [15.233] systemd[1]: Starting systemd-udev-load-credentials.service - Load udev Rules from Credentials...
[15.421] systemd[1]: Starting systemd-udev-trigger.service - Coldplug All udev Devices...
[15.611] systemd[1]: Mounted sys-kernel-debug.mount - Kernel Debug File System.
[15.672] systemd[1]: Mounted dev-hugepages.mount - Huge Pages File System.
[15.726] systemd[1]: Mounted dev-mqueue.mount - POSIX Message Queue File System.
[15.790] systemd[1]: Mounted sys-kernel-tracing.mount - Kernel Trace File System.
[16.202] systemd[1]: modprobe@configfs.service: Deactivated successfully.
[16.234] systemd[1]: Finished modprobe@configfs.service - Load Kernel Module configfs.
[16.324] systemd[1]: modprobe@dm_mod.service: Deactivated successfully.
[16.366] systemd[1]: Finished modprobe@dm_mod.service - Load Kernel Module dm_mod.
[16.434] systemd[1]: modprobe@fuse.service: Deactivated successfully.
[16.466] systemd[1]: Finished modprobe@fuse.service - Load Kernel Module fuse.
[16.551] systemd[1]: sys-fs-fuse-connections.mount - FUSE Control File System skipped, unmet condition check ConditionPathExists=/sys/fs/fuse/connections
[16.959] systemd[1]: Mounting sys-kernel-config.mount - Kernel Configuration File System...
[17.065] systemd[1]: modprobe@loop.service: Deactivated successfully.
[17.103] systemd[1]: Finished modprobe@loop.service - Load Kernel Module loop.
[17.182] systemd[1]: modprobe@drm.service: Deactivated successfully.
[17.248] systemd[1]: Finished modprobe@drm.service - Load Kernel Module drm.
[17.446] systemd[1]: systemd-repart.service - Repartition Root Disk skipped, no trigger condition checks were met.
[17.485] systemd[1]: Finished systemd-remount-fs.service - Remount Root and Kernel File Systems.
[17.747] systemd[1]: systemd-hwdb-update.service - Rebuild Hardware Database skipped, unmet condition check ConditionNeedsUpdate=/etc
echo SHELL""-OK
[?2004lSHELL-OK
[?2004hsh-5.2# [17.859] systemd[1]: Starting systemd-random-seed.service - Load/Save OS Random Seed...
[17.921] systemd[1]: systemd-tpm2-setup.service - TPM SRK Setup skipped, unmet condition check ConditionSecurity=measured-uki
set -x; KV=$(ls /lib/modules | head -1); K=/lib/modules/$KV/vmlinuz; I=/bboot/initramfs-$KV.img; ls -l $K $I; echo KEXEC-PATHS""-OK
[?2004l++ ls /lib/modules
++ head -1
[18.531] systemd-journald[33]: Collecting audit messages is enabled.
+ KV=6.19.14-108.fc42.aarch64
+ K=/lib/modules/6.19.14-108.fc42.aarch64/vmlinuz
+ I=/boot/initramfs-6.19.14-108.fc42.aarch64.img
+ ls -l /lib/modules/6.19.14-108.fc42.aarch64/vmlinuz /boot/initramfs-6.19.14-108.fc42.aarch64.img
[18.878] systemd[1]: Finished systemd-modules-load.service - Load Kernel Modules.
[19.024] systemd[1]: Started systemd-journald.service - Journal Service.
-rw------- 1 root root 38335185 Aug  9  2026 /boot/initramfs-6.19.14-108.fc42.aarch64.img
-rwxr-xr-x 1 root root 16636264 May 21  2026 /lib/modules/6.19.14-108.fc42.aarch64/vmlinuz
+ echo KEXEC-PATHS-OK
KEXEC-PATHS-OK
[?2004hsh-5.2# if [ x$(dd if=$K bs=4 skip=1 count=1 2>/dev/null) = xzimg ]; then O=$(od  -An -tu4 -j8 -N4 $K | tr -d ' '); S=$(od -An -tu4 -j12 -N4 $K | tr -d ' '); taill -c +$((O+1)) $K | head -c $S | zstd -qdc > /tmp/Image && K=/tmp/Image; fi; ls --l $K; echo UNWRAP""-OK
[?2004l++ dd if=/lib/modules/6.19.14-108.fc42.aarch64/vmlinuz bs=4 skip=1 count=1
+ '[' xzimg = xzimg ']'
++ tr -d ' '
++ od -An -tu4 -j8 -N4 /lib/modules/6.19.14-108.fc42.aarch64/vmlinuz
+ O=100336
++ od -An -tu4 -j12 -N4 /lib/modules/6.19.14-108.fc42.aarch64/vmlinuz
++ tr -d ' '
+ S=16519866
+ head -c 16519866
+ zstd -qdc
+ tail -c +100337 /lib/modules/6.19.14-108.fc42.aarch64/vmlinuz
[21.033] systemd-journald[33]: Received client request to flush runtime journal.
+ K=/tmp/Image
+ ls -l /tmp/Image
-rw-r--r-- 1 root root 75628544 Mar 13 00:00 /tmp/Image
+ echo UNWRAP-OK
UNWRAP-OK
[?2004hsh-5.2# ls /proc/device-tree/chosen 2>&1 | tr '
[?2004l[?2004h> ' ' '; echo; echo CHOSEN""-OK
[?2004l+ ls /proc/device-tree/chosen
+ tr '
' ' '
bootargs linux,uefi-mmap-desc-size linux,uefi-mmap-desc-ver linux,uefi-mmap-size linux,uefi-mmap-start linux,uefi-system-table + echo

+ echo CHOSEN-OK
CHOSEN-OK
uname -m; echo ARCH""-OK
[?2004hsh-5.2# uname -m; echo ARCH""-OK
[?2004l+ uname -m
aarch64
+ echo ARCH-OK
ARCH-OK
[?2004hsh-5.2# kexec -s -l $K --initrd=$I --command-line="earlycon=pl011,0x9000000 consoole=ttyS0,115200 console=ttyAMA0,115200 panic=10 rdinit=/bin/sh"; echo KEXEC-LOADD""-RC=$?
[?2004l+ kexec -s -l /tmp/Image --initrd=/boot/initramfs-6.19.14-108.fc42.aarch64.img '--command-line=earlycon=pl011,0x9000000 console=ttyS0,115200 console=ttyAMA0,115200 panic=10 rdinit=/bin/sh'
+ echo KEXEC-LOAD-RC=0
KEXEC-LOAD-RC=0
kexec -e
[?2004hsh-5.2# kexec -e
[?2004l+ kexec -e
[34.366] driver_shutdown bus=pci addr=0000:00:0c.0 driver=ahci
[34.368] driver_shutdown bus=pci addr=0000:00:0b.0 driver=nvme
[34.382] driver_shutdown bus=virtio addr=virtio9 driver=virtio-snd
[34.398] driver_shutdown bus=pci addr=0000:00:0a.0 driver=virtio-pci
[34.476] driver_shutdown bus=virtio addr=virtio8 driver=virtio-vsock
[34.490] driver_shutdown bus=pci addr=0000:00:09.0 driver=virtio-pci
[34.504] driver_shutdown bus=virtio addr=virtio7 driver=virtio-rng
[34.516] driver_shutdown bus=pci addr=0000:00:08.0 driver=virtio-pci
[34.518] driver_shutdown bus=virtio addr=virtio6 driver=virtio-input
[34.521] driver_shutdown bus=pci addr=0000:00:07.0 driver=virtio-pci
[34.523] driver_shutdown bus=virtio addr=virtio5 driver=virtio-input
[34.533] driver_shutdown bus=pci addr=0000:00:06.0 driver=virtio-pci
[34.546] driver_shutdown bus=virtio addr=virtio4 driver=virtio-input
[34.562] driver_shutdown bus=pci addr=0000:00:05.0 driver=virtio-pci
[34.576] driver_shutdown bus=virtio addr=virtio3 driver=virtio-gpu
[34.592] driver_shutdown bus=pci addr=0000:00:04.0 driver=virtio-pci
[34.606] driver_shutdown bus=virtio addr=virtio2 driver=virtio-net
[34.626] driver_shutdown bus=pci addr=0000:00:03.0 driver=virtio-pci
[34.646] driver_shutdown bus=virtio addr=virtio1 driver=virtio-blk
[34.664] driver_shutdown bus=pci addr=0000:00:02.0 driver=virtio-pci
[34.678] driver_shutdown bus=virtio addr=virtio0 driver=virtio-blk
[34.692] driver_shutdown bus=pci addr=0000:00:01.0 driver=virtio-pci
[34.705] driver_shutdown bus=platform addr=serial0 driver=pl011-serial
kexec: stopping the machine
kexec: stop requested
kexec: some CPUs did not stop; relocating anyway
kexec: starting new kernel
[    0.000000] Booting Linux on physical CPU 0x0000000001 [0x410fd083]
[    0.000000] Linux version 6.19.14-108.fc42.aarch64 (mockbuild@0ba9caaa812946ada17603e1890a23ef) (gcc (GCC) 15.2.1 20260123 (Red Hat 15.2.1-7), GNU ld version 2.44-12.fc42) #1 SMP PREEMPT_DYNAMIC Thu May 21 18:09:29 UTC 2026
[    0.000000] KASLR enabled
[    0.000000] random: crng init done
[    0.000000] earlycon: pl11 at MMIO 0x0000000009000000 (options '')
[    0.000000] printk: legacy bootconsole [pl11] enabled
[    0.000000] efi: EFI v2.7 by EDK II
[    0.000000] efi: SMBIOS 3.0=0xbef20000 MEMATTR=0xbec44018 ACPI 2.0=0xbed29018 
[    0.000000] ACPI: Early table checksum verification disabled
[    0.000000] ACPI: RSDP 0x00000000BED29018 000024 (v02 BOCHS )
[    0.000000] ACPI: XSDT 0x00000000BED29F18 00006C (v01 BOCHS  BXPC     00000001      01000013)
[    0.000000] ACPI: FACP 0x00000000BED29B18 000114 (v06 BOCHS  BXPC     00000001 BXPC 00000001)
[    0.000000] ACPI: DSDT 0x00000000BECCA018 001468 (v02 BOCHS  BXPC     00000001 BXPC 00000001)
[    0.000000] ACPI: APIC 0x00000000BED29C98 000108 (v04 BOCHS  BXPC     00000001 BXPC 00000001)
[    0.000000] ACPI: PPTT 0x00000000BED29E18 000060 (v02 BOCHS  BXPC     00000001 BXPC 00000001)
[    0.000000] ACPI: GTDT 0x00000000BED29098 000068 (v03 BOCHS  BXPC     00000001 BXPC 00000001)
[    0.000000] ACPI: MCFG 0x00000000BED29A98 00003C (v01 BOCHS  BXPC     00000001 BXPC 00000001)
[    0.000000] ACPI: SPCR 0x00000000BED29818 000050 (v02 BOCHS  BXPC     00000001 BXPC 00000001)
[    0.000000] ACPI: DBG2 0x00000000BED29A18 000057 (v00 BOCHS  BXPC     00000001 BXPC 00000001)
[    0.000000] ACPI: IORT 0x00000000BED29898 000080 (v03 BOCHS  BXPC     00000001 BXPC 00000001)
[    0.000000] ACPI: BGRT 0x00000000BED29998 000038 (v01 INTEL  EDK2     00000002      01000013)
[    0.000000] ACPI: SPCR: console: pl011,mmio32,0x9000000,9600
[    0.000000] efi_bgrt: Ignoring BGRT: Incorrect BMP magic number 0x9c (expected 0x4d42)
[    0.000000] NUMA: Faking a node at [mem 0x0000000040000000-0x00000000bfffffff]
[    0.000000] NODE_DATA(0) allocated [mem 0xbf60b280-0xbf621fff]
[    0.000000] Zone ranges:
[    0.000000]   DMA      [mem 0x0000000040000000-0x00000000bfffffff]
[    0.000000]   DMA32    empty
[    0.000000]   Normal   empty
[    0.000000]   Device   empty
[    0.000000] Movable zone start for each node
[    0.000000] Early memory node ranges
[    0.000000]   node   0: [mem 0x0000000040000000-0x00000000bed4ffff]
[    0.000000]   node   0: [mem 0x00000000bed50000-0x00000000bed8ffff]
[    0.000000]   node   0: [mem 0x00000000bed90000-0x00000000bee8ffff]
[    0.000000]   node   0: [mem 0x00000000bee90000-0x00000000beecffff]
[    0.000000]   node   0: [mem 0x00000000beed0000-0x00000000bef0ffff]
[    0.000000]   node   0: [mem 0x00000000bef10000-0x00000000bef2ffff]
[    0.000000]   node   0: [mem 0x00000000bef30000-0x00000000bef4ffff]
[    0.000000]   node   0: [mem 0x00000000bef50000-0x00000000bf18ffff]
[    0.000000]   node   0: [mem 0x00000000bf190000-0x00000000bfbfffff]
[    0.000000]   node   0: [mem 0x00000000bfc00000-0x00000000bffeffff]
[    0.000000]   node   0: [mem 0x00000000bfff0000-0x00000000bfffffff]
[    0.000000] Initmem setup node 0 [mem 0x0000000040000000-0x00000000bfffffff]
[    0.000000] cma: Reserved 64 MiB at 0x00000000b8c00000
[    0.000000] psci: probing for conduit method from ACPI.
[    0.000000] psci: PSCIv1.1 detected in firmware.
[    0.000000] psci: Using standard PSCI v0.2 function IDs
[    0.000000] psci: Trusted OS migration not required
[    0.000000] psci: SMC Calling Convention v1.0
[    0.000000] percpu: Embedded 57 pages/cpu s107608 r8192 d117672 u233472
[    0.000000] Detected PIPT I-cache on CPU0
[    0.000000] CPU features: detected: GICv3 CPU interface
[    0.000000] CPU features: detected: Spectre-v2
[    0.000000] CPU features: detected: Spectre-v3a
[    0.000000] CPU features: detected: Spectre-v4
[    0.000000] CPU features: detected: Spectre-BHB
[    0.000000] CPU features: kernel page table isolation forced ON by KASLR
[    0.000000] CPU features: detected: Kernel page table isolation (KPTI)
[    0.000000] CPU features: detected: ARM erratum 1742098
[    0.000000] CPU features: detected: ARM errata 1165522, 1319367, or 1530923
[    0.000000] alternatives: applying boot alternatives
[    0.000000] Kernel command line: earlycon=pl011,0x9000000 console=ttyS0,115200 console=ttyAMA0,115200 panic=10 rdinit=/bin/sh
[    0.000000] printk: log buffer data + meta data: 262144 + 917504 = 1179648 bytes
[    0.000000] Dentry cache hash table entries: 262144 (order: 9, 2097152 bytes, linear)
[    0.000000] Inode-cache hash table entries: 131072 (order: 8, 1048576 bytes, linear)
[    0.000000] software IO TLB: SWIOTLB bounce buffer size adjusted to 2MB
[    0.000000] software IO TLB: area num 2.
[    0.000000] software IO TLB: mapped [mem 0x00000000b8a00000-0x00000000b8c00000] (2MB)
[    0.000000] Fallback order for Node 0: 0 
[    0.000000] Built 1 zonelists, mobility grouping on.  Total pages: 524288
[    0.000000] Policy zone: DMA
[    0.000000] mem auto-init: stack:all(zero), heap alloc:on, heap free:off
[    0.000000] SLUB: HWalign=64, Order=0-3, MinObjects=0, CPUs=2, Nodes=1
[    0.000000] ftrace: allocating 68958 entries in 270 pages
[    0.000000] ftrace: allocated 270 pages with 4 groups
[    0.000000] Dynamic Preempt: voluntary
[    0.000000] rcu: Preemptible hierarchical RCU implementation.
[    0.000000] rcu: 	RCU event tracing is enabled.
[    0.000000] rcu: 	RCU restricting CPUs from NR_CPUS=4096 to nr_cpu_ids=2.
[    0.000000] 	Trampoline variant of Tasks RCU enabled.
[    0.000000] 	Rude variant of Tasks RCU enabled.
[    0.000000] 	Tracing variant of Tasks RCU enabled.
[    0.000000] rcu: RCU calculated value of scheduler-enlistment delay is 100 jiffies.
[    0.000000] rcu: Adjusting geometry for rcu_fanout_leaf=16, nr_cpu_ids=2
[    0.000000] RCU Tasks: Setting shift to 1 and lim to 1 rcu_task_cb_adjust=1 rcu_task_cpu_ids=2.
[    0.000000] RCU Tasks Rude: Setting shift to 1 and lim to 1 rcu_task_cb_adjust=1 rcu_task_cpu_ids=2.
[    0.000000] RCU Tasks Trace: Setting shift to 1 and lim to 1 rcu_task_cb_adjust=1 rcu_task_cpu_ids=2.
[    0.000000] NR_IRQS: 64, nr_irqs: 64, preallocated irqs: 0
[    0.000000] GICv3: 256 SPIs implemented
[    0.000000] GICv3: 0 Extended SPIs implemented
[    0.000000] Root IRQ handler: gic_handle_irq
[    0.000000] GICv3: GICv3 features: 16 PPIs
[    0.000000] GICv3: GICD_CTLR.DS=1, SCR_EL3.FIQ=0
[    0.000000] GICv3: CPU0: found redistributor 1 region 0:0x00000000080c0000
[    0.000000] ITS [mem 0x08080000-0x0809ffff]
[    0.000000] ITS@0x0000000008080000: allocated 8192 Devices @40290000 (indirect, esz 8, psz 64K, shr 1)
[    0.000000] ITS@0x0000000008080000: allocated 8192 Interrupt Collections @402a0000 (flat, esz 8, psz 64K, shr 1)
[    0.000000] ------------[ cut here ]------------
[    0.000000] WARNING: drivers/irqchip/irq-gic-v3-its.c:2345 at its_setup_lpi_prop_table+0x14c/0x238, CPU#0: swapper/0/0
[    0.000000] Modules linked in:
[    0.000000] CPU: 0 UID: 0 PID: 0 Comm: swapper/0 Not tainted 6.19.14-108.fc42.aarch64 #1 PREEMPT(voluntary) 
[    0.000000] pstate: 604000c5 (nZCv daIF +PAN -UAO -TCO -DIT -SSBS BTYPE=--)
[    0.000000] pc : its_setup_lpi_prop_table+0x14c/0x238
[    0.000000] lr : its_setup_lpi_prop_table+0x148/0x238
[    0.000000] sp : ffffcd4ab5213a70
[    0.000000] x29: ffffcd4ab5213a70 x28: ffffcd4ab5213d40 x27: 0000000000000001
[    0.000000] x26: ffffcd4ab54a8ac8 x25: ffffcd4ab54a81f8 x24: ffffcd4ab3929000
[    0.000000] x23: ffffcd4ab59b0000 x22: 0000000000000010 x21: ffffcd4ab59b0730
[    0.000000] x20: ffffcd4ab59b0000 x19: 00000000402b0000 x18: 00000000fffffffc
[    0.000000] x17: 30344020736e6f69 x16: 7463656c6c6f4320 x15: 000000000000000a
[    0.000000] x14: 0000000000000000 x13: 0000000000000001 x12: 0000000000000000
[    0.000000] x11: 00000000000001a0 x10: 0000000000000034 x9 : ffffcd4ab3039f50
[    0.000000] x8 : ffff0000002c0000 x7 : c2c2c2c2c2c2c2c2 x6 : ffff32b5caf17000
[    0.000000] x5 : 0000000000000001 x4 : 0000000000000000 x3 : 000000000000003f
[    0.000000] x2 : 0000000000000235 x1 : 0000000000010000 x0 : 00000000ffffffed
[    0.000000] Call trace:
[    0.000000]  its_setup_lpi_prop_table+0x14c/0x238 (P)
[    0.000000]  allocate_lpi_tables+0xc4/0x198
[    0.000000]  its_init+0x16c/0x358
[    0.000000]  gic_init_bases+0x4f4/0x560
[    0.000000]  gic_acpi_init+0x154/0x260
[    0.000000]  acpi_match_madt+0x4c/0x88
[    0.000000]  acpi_parse_entries_array+0x2c0/0x3e0
[    0.000000]  acpi_table_parse_entries_array+0xac/0x160
[    0.000000]  acpi_table_parse_entries+0x50/0x88
[    0.000000]  acpi_table_parse_madt+0x30/0x48
[    0.000000]  __acpi_probe_device_table+0x94/0x100
[    0.000000]  irqchip_init+0x3c/0x50
[    0.000000]  init_IRQ+0xd4/0x130
[    0.000000]  start_kernel+0x2d4/0x4c8
[    0.000000]  __primary_switched+0x88/0x98
[    0.000000] ---[ end trace 0000000000000000 ]---
[    0.000000] GICv3: using LPI property table @0x00000000402b0000
[    0.000000] GICv3: CPU0: using allocated LPI pending table @0x00000000402c0000
[    0.000000] ------------[ cut here ]------------
[    0.000000] WARNING: drivers/irqchip/irq-gic-v3-its.c:5473 at its_cpu_memreserve_lpi+0x138/0x180, CPU#0: swapper/0/0
[    0.000000] Modules linked in:
[    0.000000] CPU: 0 UID: 0 PID: 0 Comm: swapper/0 Tainted: G        W           6.19.14-108.fc42.aarch64 #1 PREEMPT(voluntary) 
[    0.000000] Tainted: [W]=WARN
[    0.000000] pstate: 604000c5 (nZCv daIF +PAN -UAO -TCO -DIT -SSBS BTYPE=--)
[    0.000000] pc : its_cpu_memreserve_lpi+0x138/0x180
[    0.000000] lr : its_cpu_memreserve_lpi+0x134/0x180
[    0.000000] sp : ffffcd4ab52139b0
[    0.000000] x29: ffffcd4ab52139b0 x28: 0000000000000000 x27: 0000000000000000
[    0.000000] x26: ffff00007f576148 x25: ffff32b5caf17000 x24: ffffcd4ab465f148
[    0.000000] x23: ffffcd4ab253d9e8 x22: 00000000000003c5 x21: 0000000000000000
[    0.000000] x20: fffffdffc000b000 x19: ffffcd4ab59b0000 x18: 00000000ffffffff
[    0.000000] x17: 3030633230343030 x16: 3030303030307830 x15: 4020656c62617420
[    0.000000] x14: 676e69646e657020 x13: 3030303063323034 x12: 3030303030303030
[    0.000000] x11: 0000000000000001 x10: 0000000000000001 x9 : ffffcd4ab3039f50
[    0.000000] x8 : ffffcd4ab465f148 x7 : 0000000000000001 x6 : 0000000000000000
[    0.000000] x5 : 00000000000000c1 x4 : fffffdffbf000000 x3 : 0000000000000010
[    0.000000] x2 : ffffcd4ab59b0730 x1 : 0000000000010000 x0 : 00000000ffffffed
[    0.000000] Call trace:
[    0.000000]  its_cpu_memreserve_lpi+0x138/0x180 (P)
[    0.000000]  cpuhp_invoke_callback+0x134/0x6c0
[    0.000000]  cpuhp_issue_call+0x13c/0x220
[    0.000000]  __cpuhp_setup_state_cpuslocked+0x138/0x308
[    0.000000]  __cpuhp_setup_state+0x3c/0x60
[    0.000000]  its_lpi_memreserve_init+0x74/0xa8
[    0.000000]  gic_init_bases+0x4fc/0x560
[    0.000000]  gic_acpi_init+0x154/0x260
[    0.000000]  acpi_match_madt+0x4c/0x88
[    0.000000]  acpi_parse_entries_array+0x2c0/0x3e0
[    0.000000]  acpi_table_parse_entries_array+0xac/0x160
[    0.000000]  acpi_table_parse_entries+0x50/0x88
[    0.000000]  acpi_table_parse_madt+0x30/0x48
[    0.000000]  __acpi_probe_device_table+0x94/0x100
[    0.000000]  irqchip_init+0x3c/0x50
[    0.000000]  init_IRQ+0xd4/0x130
[    0.000000]  start_kernel+0x2d4/0x4c8
[    0.000000]  __primary_switched+0x88/0x98
[    0.000000] ---[ end trace 0000000000000000 ]---
[    0.000000] rcu: srcu_init: Setting srcu_struct sizes based on contention.
[    0.000000] arch_timer: cp15 timer running at 62.50MHz (virt).
[    0.000000] clocksource: arch_sys_counter: mask: 0x1ffffffffffffff max_cycles: 0x1cd42e208c, max_idle_ns: 881590405314 ns
[    0.000053] sched_clock: 57 bits at 63MHz, resolution 16ns, wraps every 4398046511096ns
[    0.003358] kfence: initialized - using 2097152 bytes for 255 objects at 0x(____ptrval____)-0x(____ptrval____)
[    0.009006] Console: colour dummy device 80x25
[    0.010872] ACPI: Core revision 20250807
[    0.014827] Calibrating delay loop (skipped), value calculated using timer frequency.. 125.00 BogoMIPS (lpj=62500)
[    0.015497] pid_max: default: 32768 minimum: 301
[    0.017787] Yama: becoming mindful.
[    0.018242] SELinux:  Initializing.
[    0.020848] LSM support for eBPF active
[    0.021393] landlock: Up and running.
[    0.023066] Mount-cache hash table entries: 4096 (order: 3, 32768 bytes, linear)
[    0.023572] Mountpoint-cache hash table entries: 4096 (order: 3, 32768 bytes, linear)
[    0.057619] rcu: Hierarchical SRCU implementation.
[    0.057947] rcu: 	Max phase no-delay instances is 400.
[    0.059386] Timer migration: 1 hierarchy levels; 8 children per group; 1 crossnode level
[    0.064566] fsl-mc MSI: ITS@0x8080000 domain created
[    0.065790] Remapping and enabling EFI services.
[    0.066374] UEFI virtual mapping missing or invalid -- runtime services will not be available
[    0.068082] smp: Bringing up secondary CPUs ...
[    0.072542] psci: failed to boot CPU1 (-22)
[    0.072878] CPU1: failed to boot: -22
[    0.074618] smp: Brought up 1 node, 1 CPU
[    0.074870] SMP: Total of 1 processors activated.
[    0.075248] CPU: All CPU(s) started at EL1
[    0.075689] CPU features: detected: 32-bit EL0 Support
[    0.076027] CPU features: detected: 32-bit EL1 Support
[    0.076426] CPU features: detected: CRC32 instructions
[    0.076878] CPU features: detected: PMUv3
[    0.087075] alternatives: applying system-wide alternatives
[    0.092273] CPU features: emulated: Privileged Access Never (PAN) using TTBR0_EL1 switching
[    0.106598] Memory: 1861276K/2097152K available (22912K kernel code, 6038K rwdata, 19532K rodata, 14720K init, 10306K bss, 163408K reserved, 65536K cma-reserved)
[    0.128531] devtmpfs: initialized
[    0.145676] clocksource: jiffies: mask: 0xffffffff max_cycles: 0xffffffff, max_idle_ns: 1911260446275000 ns
[    0.147336] posixtimers hash table entries: 1024 (order: 2, 16384 bytes, linear)
[    0.148301] futex hash table entries: 512 (32768 bytes on 1 NUMA nodes, total 32 KiB, linear).
[    0.152171] 2G module region forced by RANDOMIZE_MODULE_REGION_FULL
[    0.152672] 0 pages in range for non-PLT usage
[    0.152716] 505824 pages in range for PLT usage
[    0.163899] SMBIOS 3.0.0 present.
[    0.164638] DMI: QEMU QEMU Virtual Machine, BIOS unknown 02/02/2022
[    0.165190] DMI: Memory slots populated: 1/1
[    0.181436] NET: Registered PF_NETLINK/PF_ROUTE protocol family
[    0.193661] DMA: preallocated 256 KiB GFP_KERNEL|GFP_DMA pool for atomic allocations
[    0.194576] audit: initializing netlink subsys (disabled)
[    0.196471] audit: type=2000 audit(0.167:1): state=initialized audit_enabled=0 res=1
[    0.200943] thermal_sys: Registered thermal governor 'fair_share'
[    0.200994] thermal_sys: Registered thermal governor 'step_wise'
[    0.201506] thermal_sys: Registered thermal governor 'user_space'
[    0.202214] cpuidle: using governor menu
[    0.204317] hw-breakpoint: found 6 breakpoint and 4 watchpoint registers.
[    0.205100] ASID allocator initialised with 32768 entries
[    0.206742] acpiphp: ACPI Hot Plug PCI Controller Driver version: 0.5
[    0.208113] Serial: AMBA PL011 UART driver
[    0.220079] HugeTLB: registered 1.00 GiB page size, pre-allocated 0 pages
[    0.220571] HugeTLB: 0 KiB vmemmap can be freed for a 1.00 GiB page
[    0.221033] HugeTLB: registered 32.0 MiB page size, pre-allocated 0 pages
[    0.221473] HugeTLB: 0 KiB vmemmap can be freed for a 32.0 MiB page
[    0.221869] HugeTLB: registered 2.00 MiB page size, pre-allocated 0 pages
[    0.222349] HugeTLB: 0 KiB vmemmap can be freed for a 2.00 MiB page
[    0.222749] HugeTLB: registered 64.0 KiB page size, pre-allocated 0 pages
[    0.223185] HugeTLB: 0 KiB vmemmap can be freed for a 64.0 KiB page
[    0.243260] raid6: skipped pq benchmark and selected neonx8
[    0.243842] raid6: using neon recovery algorithm
[    0.251530] ACPI: Added _OSI(Module Device)
[    0.251851] ACPI: Added _OSI(Processor Device)
[    0.252163] ACPI: Added _OSI(Processor Aggregator Device)
[    0.283042] ACPI: 1 ACPI AML tables successfully acquired and loaded
[    0.302573] ACPI: Interpreter enabled
[    0.302861] ACPI: Using GIC for interrupt routing
[    0.305339] ACPI: MCFG table detected, 1 entries
[    0.356258] ACPI: CPU1 has been hot-added
[    0.356965] ACPI: CPU0 has been hot-added
[    0.373066] ARMH0011:00: ttyAMA0 at MMIO 0x9000000 (irq = 12, base_baud = 0) is a SBSA
[    0.376321] printk: console [ttyAMA0] enabled
[    0.376321] printk: console [ttyAMA0] enabled
[    0.377936] printk: legacy bootconsole [pl11] disabled
[    0.377936] printk: legacy bootconsole [pl11] disabled
[    0.409214] ACPI: PCI: Interrupt link L000 configured for IRQ 35
[    0.410476] ACPI: PCI: Interrupt link L001 configured for IRQ 36
[    0.410997] ACPI: PCI: Interrupt link L002 configured for IRQ 37
[    0.411600] ACPI: PCI: Interrupt link L003 configured for IRQ 38
[    0.412382] ACPI: PCI Root Bridge [PCI0] (domain 0000 [bus 00-ff])
[    0.414441] acpi PNP0A08:00: _OSC: OS supports [ExtendedConfig ASPM ClockPM Segments MSI EDR HPX-Type3]
[    0.419527] acpi PNP0A08:00: _OSC: platform does not support [LTR DPC]
[    0.421097] acpi PNP0A08:00: _OSC: OS now controls [PCIeHotplug PME AER PCIeCapability]
[    0.424106] acpi PNP0A08:00: ECAM area [mem 0x4010000000-0x401fffffff] reserved by PNP0C02:00
[    0.425159] acpi PNP0A08:00: ECAM at [mem 0x4010000000-0x401fffffff] for [bus 00-ff]
[    0.426416] ACPI: Remapped I/O 0x000000003eff0000 to [io  0x0000-0xffff window]
[    0.429122] PCI host bridge to bus 0000:00
[    0.429940] pci_bus 0000:00: root bus resource [mem 0x10000000-0x3efeffff window]
[    0.430553] pci_bus 0000:00: root bus resource [io  0x0000-0xffff window]
[    0.431085] pci_bus 0000:00: root bus resource [mem 0x8000000000-0xffffffffff window]
[    0.431816] pci_bus 0000:00: root bus resource [bus 00-ff]
[    0.431885] PCI: OF: of_root node is NULL, cannot create PCI host bridge node
[    0.434153] pci 0000:00:00.0: [1b36:0008] type 00 class 0x060000 conventional PCI endpoint
[    0.438402] pci 0000:00:01.0: [1af4:1042] type 00 class 0x010000 conventional PCI endpoint
[    0.438633] pci 0000:00:01.0: BAR 1 [mem 0x1004b000-0x1004bfff]
[    0.438728] pci 0000:00:01.0: BAR 4 [mem 0x8000000000-0x8000003fff 64bit pref]
[    0.440794] pci 0000:00:02.0: [1af4:1042] type 00 class 0x010000 conventional PCI endpoint
[    0.440899] pci 0000:00:02.0: BAR 1 [mem 0x1004a000-0x1004afff]
[    0.440938] pci 0000:00:02.0: BAR 4 [mem 0x8000004000-0x8000007fff 64bit pref]
[    0.442889] pci 0000:00:03.0: [1af4:1041] type 00 class 0x020000 conventional PCI endpoint
[    0.443059] pci 0000:00:03.0: BAR 1 [mem 0x10049000-0x10049fff]
[    0.443096] pci 0000:00:03.0: BAR 4 [mem 0x8000008000-0x800000bfff 64bit pref]
[    0.443180] pci 0000:00:03.0: ROM [mem 0xfffc0000-0xffffffff pref]
[    0.445607] pci 0000:00:04.0: [1af4:1050] type 00 class 0x038000 conventional PCI endpoint
[    0.445723] pci 0000:00:04.0: BAR 1 [mem 0x10048000-0x10048fff]
[    0.445750] pci 0000:00:04.0: BAR 4 [mem 0x800000c000-0x800000ffff 64bit pref]
[    0.447776] pci 0000:00:05.0: [1af4:1052] type 00 class 0x090000 conventional PCI endpoint
[    0.447893] pci 0000:00:05.0: BAR 1 [mem 0x10047000-0x10047fff]
[    0.447931] pci 0000:00:05.0: BAR 4 [mem 0x8000010000-0x8000013fff 64bit pref]
[    0.449878] pci 0000:00:06.0: [1af4:1052] type 00 class 0x090200 conventional PCI endpoint
[    0.450032] pci 0000:00:06.0: BAR 1 [mem 0x10046000-0x10046fff]
[    0.450067] pci 0000:00:06.0: BAR 4 [mem 0x8000014000-0x8000017fff 64bit pref]
[    0.451959] pci 0000:00:07.0: [1af4:1052] type 00 class 0x098000 conventional PCI endpoint
[    0.452057] pci 0000:00:07.0: BAR 1 [mem 0x10045000-0x10045fff]
[    0.452091] pci 0000:00:07.0: BAR 4 [mem 0x8000018000-0x800001bfff 64bit pref]
[    0.454014] pci 0000:00:08.0: [1af4:1044] type 00 class 0x00ff00 conventional PCI endpoint
[    0.454106] pci 0000:00:08.0: BAR 1 [mem 0x10044000-0x10044fff]
[    0.454153] pci 0000:00:08.0: BAR 4 [mem 0x800001c000-0x800001ffff 64bit pref]
[    0.455981] pci 0000:00:09.0: [1af4:1053] type 00 class 0x078000 conventional PCI endpoint
[    0.456090] pci 0000:00:09.0: BAR 1 [mem 0x10043000-0x10043fff]
[    0.456122] pci 0000:00:09.0: BAR 4 [mem 0x8000020000-0x8000023fff 64bit pref]
[    0.458022] pci 0000:00:0a.0: [1af4:1059] type 00 class 0x040100 conventional PCI endpoint
[    0.458148] pci 0000:00:0a.0: BAR 1 [mem 0x10042000-0x10042fff]
[    0.458180] pci 0000:00:0a.0: BAR 4 [mem 0x8000024000-0x8000027fff 64bit pref]
[    0.460344] pci 0000:00:0b.0: [1b36:0010] type 00 class 0x010802 PCIe Root Complex Integrated Endpoint
[    0.460899] pci 0000:00:0b.0: BAR 0 [mem 0x800002c000-0x800002ffff 64bit]
[    0.461175] pci 0000:00:0b.0: enabling Extended Tags
[    0.463692] pci 0000:00:0c.0: [8086:2922] type 00 class 0x010601 conventional PCI endpoint
[    0.463817] pci 0000:00:0c.0: BAR 4 [io  0x0080-0x009f]
[    0.463843] pci 0000:00:0c.0: BAR 5 [mem 0x10041000-0x10041fff]
[    0.465633] pci 0000:00:0d.0: [1af4:1001] type 00 class 0x010000 conventional PCI endpoint
[    0.466156] pci 0000:00:0d.0: BAR 0 [io  0x0000-0x007f]
[    0.466214] pci 0000:00:0d.0: BAR 1 [mem 0x10040000-0x10040fff]
[    0.466251] pci 0000:00:0d.0: BAR 4 [mem 0x8000028000-0x800002bfff 64bit pref]
[    0.469708] pci 0000:00:03.0: ROM [mem 0x10000000-0x1003ffff pref]: assigned
[    0.469926] pci 0000:00:01.0: BAR 4 [mem 0x8000000000-0x8000003fff 64bit pref]: assigned
[    0.470066] pci 0000:00:02.0: BAR 4 [mem 0x8000004000-0x8000007fff 64bit pref]: assigned
[    0.470130] pci 0000:00:03.0: BAR 4 [mem 0x8000008000-0x800000bfff 64bit pref]: assigned
[    0.470167] pci 0000:00:04.0: BAR 4 [mem 0x800000c000-0x800000ffff 64bit pref]: assigned
[    0.470204] pci 0000:00:05.0: BAR 4 [mem 0x8000010000-0x8000013fff 64bit pref]: assigned
[    0.470288] pci 0000:00:06.0: BAR 4 [mem 0x8000014000-0x8000017fff 64bit pref]: assigned
[    0.470326] pci 0000:00:07.0: BAR 4 [mem 0x8000018000-0x800001bfff 64bit pref]: assigned
[    0.470358] pci 0000:00:08.0: BAR 4 [mem 0x800001c000-0x800001ffff 64bit pref]: assigned
[    0.470394] pci 0000:00:09.0: BAR 4 [mem 0x8000020000-0x8000023fff 64bit pref]: assigned
[    0.470423] pci 0000:00:0a.0: BAR 4 [mem 0x8000024000-0x8000027fff 64bit pref]: assigned
[    0.470455] pci 0000:00:0b.0: BAR 0 [mem 0x8000028000-0x800002bfff 64bit]: assigned
[    0.471126] pci 0000:00:0d.0: BAR 4 [mem 0x800002c000-0x800002ffff 64bit pref]: assigned
[    0.471233] pci 0000:00:01.0: BAR 1 [mem 0x10040000-0x10040fff]: assigned
[    0.471261] pci 0000:00:02.0: BAR 1 [mem 0x10041000-0x10041fff]: assigned
[    0.471348] pci 0000:00:03.0: BAR 1 [mem 0x10042000-0x10042fff]: assigned
[    0.471372] pci 0000:00:04.0: BAR 1 [mem 0x10043000-0x10043fff]: assigned
[    0.471394] pci 0000:00:05.0: BAR 1 [mem 0x10044000-0x10044fff]: assigned
[    0.471425] pci 0000:00:06.0: BAR 1 [mem 0x10045000-0x10045fff]: assigned
[    0.471452] pci 0000:00:07.0: BAR 1 [mem 0x10046000-0x10046fff]: assigned
[    0.471477] pci 0000:00:08.0: BAR 1 [mem 0x10047000-0x10047fff]: assigned
[    0.471504] pci 0000:00:09.0: BAR 1 [mem 0x10048000-0x10048fff]: assigned
[    0.471533] pci 0000:00:0a.0: BAR 1 [mem 0x10049000-0x10049fff]: assigned
[    0.471563] pci 0000:00:0c.0: BAR 5 [mem 0x1004a000-0x1004afff]: assigned
[    0.471588] pci 0000:00:0d.0: BAR 1 [mem 0x1004b000-0x1004bfff]: assigned
[    0.471621] pci 0000:00:0d.0: BAR 0 [io  0x1000-0x107f]: assigned
[    0.471935] pci 0000:00:0c.0: BAR 4 [io  0x1080-0x109f]: assigned
[    0.472257] pci_bus 0000:00: resource 4 [mem 0x10000000-0x3efeffff window]
[    0.472300] pci_bus 0000:00: resource 5 [io  0x0000-0xffff window]
[    0.472320] pci_bus 0000:00: resource 6 [mem 0x8000000000-0xffffffffff window]
[    0.492359] iommu: Default domain type: Translated
[    0.492409] iommu: DMA domain TLB invalidation policy: lazy mode
[    0.495853] SCSI subsystem initialized
[    0.497882] ACPI: bus type USB registered
[    0.498523] usbcore: registered new interface driver usbfs
[    0.499185] usbcore: registered new interface driver hub
[    0.499745] usbcore: registered new device driver usb
[    0.500670] pps_core: LinuxPPS API ver. 1 registered
[    0.500748] pps_core: Software ver. 5.3.6 - Copyright 2005-2007 Rodolfo Giometti <giometti@linux.it>
[    0.501951] PTP clock support registered
[    0.503395] EDAC MC: Ver: 3.0.0
[    0.504816] scmi_core: SCMI protocol bus registered
[    0.513901] NetLabel: Initializing
[    0.513947] NetLabel:  domain hash size = 128
[    0.513970] NetLabel:  protocols = UNLABELED CIPSOv4 CALIPSO
[    0.515686] NetLabel:  unlabeled traffic allowed by default
[    0.516302] mctp: management component transport protocol core
[    0.516342] NET: Registered PF_MCTP protocol family
[    0.518382] vgaarb: loaded
[    0.521434] clocksource: Switched to clocksource arch_sys_counter
[    0.532574] VFS: Disk quotas dquot_6.6.0
[    0.533631] VFS: Dquot-cache hash table entries: 512 (order 0, 4096 bytes)
[    0.537027] pnp: PnP ACPI init
[    0.540002] system 00:00: [mem 0x4010000000-0x401fffffff window] could not be reserved
[    0.541110] pnp: PnP ACPI: found 1 devices
[    0.557128] NET: Registered PF_INET protocol family
[    0.558790] IP idents hash table entries: 32768 (order: 6, 262144 bytes, linear)
[    0.621930] tcp_listen_portaddr_hash hash table entries: 1024 (order: 2, 16384 bytes, linear)
[    0.622192] Table-perturb hash table entries: 65536 (order: 6, 262144 bytes, linear)
[    0.623615] TCP established hash table entries: 16384 (order: 5, 131072 bytes, linear)
[    0.624644] TCP bind hash table entries: 16384 (order: 7, 524288 bytes, linear)
[    0.624879] TCP: Hash tables configured (established 16384 bind 16384)
[    0.627000] MPTCP token hash table entries: 2048 (order: 4, 49152 bytes, linear)
[    0.627895] UDP hash table entries: 1024 (order: 4, 65536 bytes, linear)
[    0.628713] UDP-Lite hash table entries: 1024 (order: 4, 65536 bytes, linear)
[    0.630667] NET: Registered PF_UNIX/PF_LOCAL protocol family
[    0.631509] NET: Registered PF_XDP protocol family
[    0.632252] PCI: CLS 0 bytes, default 64
[    0.635473] ACPI: bus type thunderbolt registered
[    0.637625] kvm [1]: HYP mode not available
[    0.638595] Trying to unpack rootfs image as initramfs...
[    0.880536] Initialise system trusted keyrings
[    0.884478] Key type blacklist registered
[    0.886870] workingset: timestamp_bits=37 max_order=19 bucket_order=0
[    0.900564] integrity: Platform Keyring initialized
[    0.901442] integrity: Machine keyring initialized
[    0.904512] cryptd: max_cpu_qlen set to 1000
[    0.994398] NET: Registered PF_ALG protocol family
[    0.995080] xor: measuring software checksum speed
[    0.995800]    8regs           :  5754 MB/sec
[    0.996502]    32regs          :  5293 MB/sec
[    0.997654]    arm64_neon      :  2919 MB/sec
[    0.997701] xor: using function: 8regs (5754 MB/sec)
[    1.002329] Key type asymmetric registered
[    1.002735] Asymmetric key parser 'x509' registered
[    1.009842] Block layer SCSI generic (bsg) driver version 0.4 loaded (major 241)
[    1.012344] io scheduler mq-deadline registered
[    1.012458] io scheduler kyber registered
[    1.014454] io scheduler bfq registered
[    1.032289] atomic64_test: passed
[    1.048454] ledtrig-cpu: registered to indicate activity on CPUs
[    1.063870] input: Power Button as /devices/LNXSYSTM:00/LNXSYBUS:00/PNP0C0C:00/input/input0
[    1.066988] ACPI: button: Power Button [PWRB]
[    1.090926] ACPI: \_SB_.L001: Enabled at IRQ 36
[    1.092879] virtio-pci 0000:00:01.0: enabling device (0000 -> 0002)
[    1.101907] ACPI: \_SB_.L002: Enabled at IRQ 37
[    1.103267] virtio-pci 0000:00:02.0: enabling device (0000 -> 0002)
[    1.107045] ACPI: \_SB_.L003: Enabled at IRQ 38
[    1.108382] virtio-pci 0000:00:03.0: enabling device (0000 -> 0002)
[    1.113927] ACPI: \_SB_.L000: Enabled at IRQ 35
[    1.114008] virtio-pci 0000:00:04.0: enabling device (0000 -> 0002)
[    1.123676] virtio-pci 0000:00:05.0: enabling device (0000 -> 0002)
[    1.128071] virtio-pci 0000:00:06.0: enabling device (0000 -> 0002)
[    1.132732] virtio-pci 0000:00:07.0: enabling device (0000 -> 0002)
[    1.137653] virtio-pci 0000:00:08.0: enabling device (0000 -> 0002)
[    1.142640] virtio-pci 0000:00:09.0: enabling device (0000 -> 0002)
[    1.147541] virtio-pci 0000:00:0a.0: enabling device (0000 -> 0002)
[    1.154832] virtio-pci 0000:00:0d.0: enabling device (0005 -> 0007)
[    1.160528] Serial: 8250/16550 driver, 32 ports, IRQ sharing enabled
[    1.207474] msm_serial: driver initialized
[    1.209290] SuperH (H)SCI(F) driver initialized
[    1.231102] ACPI: bus type drm_connector registered
[    1.235866] virtio_blk virtio0: 2/0/0 default/read/poll queues
[    1.252437] virtio_blk virtio0: [vda] 6311936 512-byte logical blocks (3.23 GB/3.01 GiB)
[    1.273059] virtio_blk virtio1: 2/0/0 default/read/poll queues
[    1.278082] virtio_blk virtio1: [vdb] 131072 512-byte logical blocks (67.1 MB/64.0 MiB)
[    1.292703] virtio_blk virtio10: 2/0/0 default/read/poll queues
[    1.295888] virtio_blk virtio10: [vdc] 47252 512-byte logical blocks (24.2 MB/23.1 MiB)
[    1.306956]  vdc: vdc1 vdc2 vdc3
[    1.319545] ahci 0000:00:0c.0: enabling device (0000 -> 0003)
[    1.326128] ahci 0000:00:0c.0: AHCI vers 0001.0000, 32 command slots, 1.5 Gbps, SATA mode
[    1.326268] ahci 0000:00:0c.0: 6/6 ports implemented (port mask 0x3f)
[    1.326345] ahci 0000:00:0c.0: flags: 64bit ncq only 
[    1.347219] scsi host0: ahci
[    1.350998] scsi host1: ahci
[    1.353382] scsi host2: ahci
[    1.355672] scsi host3: ahci
[    1.357946] scsi host4: ahci
[    1.359591] scsi host5: ahci
[    1.360851] ata1: SATA max UDMA/133 abar m4096@0x1004a000 port 0x1004a100 irq 61 lpm-pol 1
[    1.360915] ata2: SATA max UDMA/133 abar m4096@0x1004a000 port 0x1004a180 irq 61 lpm-pol 1
[    1.360944] ata3: SATA max UDMA/133 abar m4096@0x1004a000 port 0x1004a200 irq 61 lpm-pol 1
[    1.360961] ata4: SATA max UDMA/133 abar m4096@0x1004a000 port 0x1004a280 irq 61 lpm-pol 1
[    1.360983] ata5: SATA max UDMA/133 abar m4096@0x1004a000 port 0x1004a300 irq 61 lpm-pol 1
[    1.361000] ata6: SATA max UDMA/133 abar m4096@0x1004a000 port 0x1004a380 irq 61 lpm-pol 1
[    1.374532] CAN device driver interface
[    1.378501] usbcore: registered new interface driver usbserial_generic
[    1.379327] usbserial: USB Serial support registered for generic
[    1.381477] mousedev: PS/2 mouse device common for all mice
[    1.385768] device-mapper: core: CONFIG_IMA_DISABLE_HTABLE is disabled. Duplicate IMA measurements will not be recorded in the IMA log.
[    1.388415] device-mapper: uevent: version 1.0.3
[    1.389756] device-mapper: ioctl: 4.50.0-ioctl (2025-04-28) initialised: dm-devel@lists.linux.dev
[    1.398040] hid: raw HID events driver (C) Jiri Kosina
[    1.400725] usbcore: registered new interface driver usbhid
[    1.400770] usbhid: USB HID core driver
[    1.407867] hw perfevents: enabled with armv8_pmuv3_0 PMU driver, 7 (0,8000003f) counters available
[    1.409467] watchdog: NMI not fully supported
[    1.409504] watchdog: Hard watchdog permanently disabled
[    1.415538] drop_monitor: Initializing network drop monitor service
[    1.417250] Initializing XFRM netlink socket
[    1.419728] NET: Registered PF_INET6 protocol family
[    1.432067] Segment Routing with IPv6
[    1.432212] RPL Segment Routing with IPv6
[    1.434450] In-situ OAM (IOAM) with IPv6
[    1.434777] mip6: Mobile IPv6
[    1.435005] NET: Registered PF_PACKET protocol family
[    1.435056] can: controller area network core
[    1.437421] NET: Registered PF_CAN protocol family
[    1.487458] registered taskstats version 1
[    1.493526] Loading compiled-in X.509 certificates
[    1.516023] Loaded X.509 cert 'Fedora kernel signing key: 3e182d724e9b0302d86c821e3bc2a2cc739e62f4'
[    1.678013] ata3: SATA link down (SStatus 0 SControl 300)
[    1.679760] ata4: SATA link down (SStatus 0 SControl 300)
[    1.680292] ata5: SATA link down (SStatus 0 SControl 300)
[    1.680724] ata2: SATA link down (SStatus 0 SControl 300)
[    1.681244] ata6: SATA link down (SStatus 0 SControl 300)
[    1.681959] ata1: SATA link up 1.5 Gbps (SStatus 113 SControl 300)
[    1.685817] ata1.00: Model 'QEMU HARDDISK', rev '2.5+', applying quirks: bridgeok
[    1.686266] ata1.00: ATA-7: QEMU HARDDISK, 2.5+, max UDMA/100
[    1.686406] ata1.00: 32768 sectors, multi 16: LBA48 NCQ (depth 32)
[    1.691474] ata1.00: configured for UDMA/100
[    1.700113] scsi 0:0:0:0: Direct-Access     ATA      QEMU HARDDISK    2.5+ PQ: 0 ANSI: 5
[    1.709667] sd 0:0:0:0: Attached scsi generic sg0 type 0
[    1.711239] sd 0:0:0:0: [sda] 32768 512-byte logical blocks: (16.8 MB/16.0 MiB)
[    1.713779] sd 0:0:0:0: [sda] Write Protect is off
[    1.714656] sd 0:0:0:0: [sda] Write cache: enabled, read cache: enabled, doesn't support DPO or FUA
[    1.718781] sd 0:0:0:0: [sda] Preferred minimum I/O size 512 bytes
[    1.735426] sd 0:0:0:0: [sda] Attached SCSI disk
[    2.018992] Freeing initrd memory: 37436K
[    2.252471] Loaded X.509 cert 'Fedora IMA CA: a8a00c31663f853f9c6ff2564872e378af026b28'
[    2.306754] Demotion targets for Node 0: null
[    2.307393] page_owner is disabled
[    2.308667] Key type .fscrypt registered
[    2.309047] Key type fscrypt-provisioning registered
[    2.313983] Btrfs loaded, zoned=yes, fsverity=yes
[    2.315285] Key type big_key registered
[    2.319242] Key type encrypted registered
[    2.319371] ima: secureboot mode unknown, no efi
[    2.320332] ima: No TPM chip found, activating TPM-bypass!
[    2.320796] Loading compiled-in module X.509 certificates
[    2.322797] Loaded X.509 cert 'Fedora kernel signing key: 3e182d724e9b0302d86c821e3bc2a2cc739e62f4'
[    2.324814] ima: Allocated hash algorithm: sha256
[    2.328429] ima: No architecture policies found
[    2.329550] evm: Initialising EVM extended attributes:
[    2.329605] evm: security.selinux
[    2.329647] evm: security.SMACK64 (disabled)
[    2.329661] evm: security.SMACK64EXEC (disabled)
[    2.329676] evm: security.SMACK64TRANSMUTE (disabled)
[    2.329690] evm: security.SMACK64MMAP (disabled)
[    2.329705] evm: security.apparmor (disabled)
[    2.329717] evm: security.ima
[    2.329730] evm: security.capability
[    2.329763] evm: HMAC attrs: 0x1
[    2.375672] alg: No test for 842 (842-scomp)
[    2.735606] clk: Disabling unused clocks
[    2.735901] PM: genpd: Disabling unused power domains
[    2.812590] Freeing unused kernel memory: 14720K
[    2.945424] Checked W+X mappings: passed, no W+X pages found
[    2.946641] Run /bin/sh as init process
sh: cannot set terminal process group (-1): Inappropriate ioctl for device
sh: no job control in this shell
[?2004hsh-5.2# 
[?2004l[?2004hsh-5.2# echo NEWSH-$((6*7))
[?2004lNEWSH-42
[?2004hsh-5.2# 