[H[J[1;1H[H[J[1;1H  Booting `oxide (multiboot2)'

MB2
L64
[XSTATE] xsave=on pre_osxsave=0 cpuid0d_eax=0000000000000007 xcr0=0000000000000007 area=832
[1.283] Kernel command line: BOOT_IMAGE=/boot/oxide-x86_64 root=/dev/vda rw earlycon printk.time=1 systemd.log_target=kmsg systemd.journald.forward_to_kmsg=1 sysctl.kernel.sysrq=1 console=ttyS0,115200 console=tty0 systemd.mask=firewalld.service systemd.mask=chronyd.service systemd.mask=ModemManager.service systemd.mask=plymouth-start.service systemd.mask=NetworkManager-wait-online.service systemd.mask=flatpak-add-fedora-repos.service systemd.debug_shell=ttyS0 systemd.mask=serial-getty@ttyS0.service oxide.bootargs=g
[1.291] rub
[42.457] [BOOT-DEV-NULL] type=8192 fs=devtmpfs
[42.543] systemd[1]: systemd 257.13-1.fc42 running in system mode (+PAM +AUDIT +SELINUX -APPARMOR +IMA +IPE +SMACK +SECCOMP -GCRYPT +GNUTLS +OPENSSL +ACL +BLKID +CURL +ELFUTILS +FIDO2 +IDN2 -IDN -IPTC +KMOD +LIBCRYPTSETUP +LIBCRYPTSETUP_PLUGINS +LIBFDISK +PCRE2 +PWQUALITY +P11KIT +QRENCODE +TPM2 +BZIP2 +LZ4 +XZ +ZLIB +ZSTD +BPF_FRAMEWORK +BTF +XKBCOMMON +UTMP +SYSVINIT +LIBARCHIVE)
[42.548] systemd[1]: Detected virtualization kvm.
[42.549] systemd[1]: Detected architecture x86-64.
[42.562] systemd[1]: bpf-restrict-fs: BPF LSM hook not enabled in the kernel, BPF LSM not supported.
[42.812] systemd[1]: Queued start job for default target graphical.target.
[42.816] systemd[1]: Created slice system-getty.slice - Slice /system/getty.
[42.817] systemd[1]: Created slice system-modprobe.slice - Slice /system/modprobe.
[42.819] systemd[1]: Created slice system-sshd\x2dkeygen.slice - Slice /system/sshd-keygen.
[42.821] systemd[1]: Created slice system-systemd\x2dzram\x2dsetup.slice - Slice /system/systemd-zram-setup.
[42.823] systemd[1]: Created slice user.slice - User and Session Slice.
[42.824] systemd[1]: Started systemd-ask-password-console.path - Dispatch Password Requests to Console Directory Watch.
[42.826] systemd[1]: Started systemd-ask-password-wall.path - Forward Password Requests to Wall Directory Watch.
[42.828] systemd[1]: Set up automount proc-sys-fs-binfmt_misc.automount - Arbitrary Executable File Formats File System Automount Point.
[42.830] systemd[1]: Expecting device dev-zram0.device - /dev/zram0...
[42.831] systemd[1]: Reached target cryptsetup.target - Local Encrypted Volumes.
[42.832] systemd[1]: Reached target getty.target - Login Prompts.
[42.834] systemd[1]: Reached target integritysetup.target - Local Integrity Protected Volumes.
[42.835] systemd[1]: Reached target paths.target - Path Units.
[42.836] systemd[1]: Reached target remote-fs.target - Remote File Systems.
[42.838] systemd[1]: Reached target slices.target - Slice Units.
[42.839] systemd[1]: Reached target veritysetup.target - Local Verity Protected Volumes.
[42.841] systemd[1]: Listening on systemd-coredump.socket - Process Core Dump Socket.
[42.843] systemd[1]: Listening on systemd-creds.socket - Credential Encryption/Decryption.
[42.848] systemd[1]: Listening on systemd-initctl.socket - initctl Compatibility Named Pipe.
[42.852] systemd[1]: Listening on systemd-journald-audit.socket - Journal Audit Socket.
[42.856] systemd[1]: Listening on systemd-journald-dev-log.socket - Journal Socket (/dev/log).
[42.860] systemd[1]: Listening on systemd-journald.socket - Journal Sockets.
[42.864] systemd[1]: systemd-pcrextend.socket - TPM PCR Measurements skipped, unmet condition check ConditionSecurity=measured-uki
[42.867] systemd[1]: systemd-pcrlock.socket - Make TPM PCR Policy skipped, unmet condition check ConditionSecurity=measured-uki
[42.870] systemd[1]: Listening on systemd-udevd-control.socket - udev Control Socket.
[42.874] systemd[1]: Listening on systemd-udevd-kernel.socket - udev Kernel Socket.
[42.878] systemd[1]: Listening on systemd-userdbd.socket - User Database Manager Socket.
[42.886] systemd[1]: Mounting dev-hugepages.mount - Huge Pages File System...
[42.892] systemd[1]: Mounting dev-mqueue.mount - POSIX Message Queue File System...
[42.895] systemd[1]: sys-kernel-debug.mount: Directory /sys/kernel/debug to mount over is not empty, mounting anyway.
[42.897] systemd[1]: Mounting sys-kernel-debug.mount - Kernel Debug File System...
[42.900] systemd[1]: sys-kernel-tracing.mount: Directory /sys/kernel/tracing to mount over is not empty, mounting anyway.
[42.906] systemd[1]: Mounting sys-kernel-tracing.mount - Kernel Trace File System...
[!p]104[?7h[6n[32766;32766H[6n[42.914] systemd[1]: Started debug-shell.service - Early root shell on /dev/ttyS0 FOR DEBUGGING ONLY.
[42.917] systemd[1]: fips-crypto-policy-overlay.service - Bind-mount FIPS crypto-policy in FIPS mode skipped, unmet condition check ConditionKernelCommandLine=fips=1
[42.919] systemd[1]: kmod-static-nodes.service - Create List of Static Device Nodes skipped, unmet condition check ConditionFileNotEmpty=/lib/modules/6.19.0-oxide/modules.devname
[42.922] systemd[1]: Starting modprobe@configfs.service - Load Kernel Module configfs...
[42.927] systemd[1]: Starting modprobe@dm_mod.service - Load Kernel Module dm_mod...
[42.934] systemd[1]: Starting modprobe@drm.service - Load Kernel Module drm...
[42.938] systemd[1]: Starting modprobe@fuse.service - Load Kernel Module fuse...
[42.945] systemd[1]: Starting modprobe@loop.service - Load Kernel Module loop...
[42.948] systemd[1]: systemd-hibernate-clear.service - Clear Stale Hibernate Storage Info skipped, unmet condition check ConditionPathExists=/sys/firmware/efi/efivars/HibernateLocation-8cf2644b-4b0b-428f-9387-6d876050dc67
[42.952] systemd[1]: Starting systemd-journald.service - Journal Service...
[42.957] systemd[1]: Starting systemd-modules-load.service - Load Kernel Modules...
[42.960] systemd[1]: systemd-pcrmachine.service - TPM PCR Machine ID Measurement skipped, unmet condition check ConditionSecurity=measured-uki
[42.965] systemd[1]: Starting systemd-remount-fs.service - Remount Root and Kernel File Systems...
[42.973] systemd-modules-load[37]: Failed to find module 'i2c_dev'
[42.975] systemd-modules-load[37]: Failed to find module 'msr'
[42.978] systemd[1]: Starting systemd-tmpfiles-setup-dev-early.service - Create Static Device Nodes in /dev gracefully...
[42.981] systemd[1]: systemd-tpm2-setup-early.service - Early TPM SRK Setup skipped, unmet condition check ConditionSecurity=measured-uki
[42.983] systemd[1]: Starting systemd-udev-load-credentials.service - Load udev Rules from Credentials...
[42.993] systemd-journald[35]: Collecting audit messages is enabled.
[42.996] systemd[1]: Starting systemd-udev-trigger.service - Coldplug All udev Devices...
[43.003] systemd[1]: Mounted dev-hugepages.mount - Huge Pages File System.
[43.006] systemd[1]: Mounted dev-mqueue.mount - POSIX Message Queue File System.
[43.019] systemd[1]: Mounted sys-kernel-debug.mount - Kernel Debug File System.
[43.022] systemd[1]: Mounted sys-kernel-tracing.mount - Kernel Trace File System.
[43.026] systemd[1]: modprobe@configfs.service: Deactivated successfully.
[43.029] systemd[1]: Finished modprobe@configfs.service - Load Kernel Module configfs.
[43.034] systemd[1]: modprobe@dm_mod.service: Deactivated successfully.
[43.037] systemd[1]: Finished modprobe@dm_mod.service - Load Kernel Module dm_mod.
[43.044] systemd[1]: Started systemd-journald.service - Journal Service.
[43.049] systemd[1]: modprobe@drm.service: Deactivated successfully.
[43.051] systemd[1]: Finished modprobe@drm.service - Load Kernel Module drm.
[43.054] systemd[1]: modprobe@fuse.service: Deactivated successfully.
[43.056] systemd[1]: Finished modprobe@fuse.service - Load Kernel Module fuse.
[43.060] systemd[1]: modprobe@loop.service: Deactivated successfully.
[43.061] systemd[1]: Finished modprobe@loop.service - Load Kernel Module loop.
[43.064] systemd[1]: Finished systemd-remount-fs.service - Remount Root and Kernel File Systems.
[43.068] systemd[1]: Finished systemd-modules-load.service - Load Kernel Modules.
[43.071] systemd[1]: Finished systemd-udev-load-credentials.service - Load udev Rules from Credentials.
[43.074] systemd[1]: Finished systemd-udev-trigger.service - Coldplug All udev Devices.
[43.086] systemd[1]: sys-fs-fuse-connections.mount - FUSE Control File System skipped, unmet condition check ConditionPathExists=/sys/fs/fuse/connections
[43.089] systemd[1]: Mounting sys-kernel-config.mount - Kernel Configuration File System...
[43.092] systemd[1]: systemd-hwdb-update.service - Rebuild Hardware Database skipped, unmet condition check ConditionNeedsUpdate=/etc
[43.095] systemd[1]: Starting systemd-journal-flush.service - Flush Journal to Persistent Storage...
[43.105] systemd[1]: Starting systemd-random-seed.service - Load/Save OS Random Seed...
[43.107] systemd-journald[35]: Received client request to flush runtime journal.
[43.111] systemd[1]: systemd-repart.service - Repartition Root Disk skipped, no trigger condition checks were met.
[43.117] systemd[1]: Starting systemd-sysctl.service - Apply Kernel Variables...
[43.120] systemd[1]: systemd-tpm2-setup.service - TPM SRK Setup skipped, unmet condition check ConditionSecurity=measured-uki
[43.126] systemd[1]: Starting systemd-userdbd.service - User Database Manager...
[43.131] systemd[1]: Mounted sys-kernel-config.mount - Kernel Configuration File System.
[43.136] systemd[1]: Finished systemd-sysctl.service - Apply Kernel Variables.
[43.174] systemd[1]: Started systemd-userdbd.service - User Database Manager.
[!p]104[?7h[6n[32766;32766H[6n[43.274] systemd[1]: Finished systemd-random-seed.service - Load/Save OS Random Seed.
[43.288] systemd[1]: Finished systemd-journal-flush.service - Flush Journal to Persistent Storage.
[43.314] systemd[1]: Finished systemd-tmpfiles-setup-dev-early.service - Create Static Device Nodes in /dev gracefully.
[43.320] systemd[1]: systemd-sysusers.service - Create System Users skipped, no trigger condition checks were met.
[43.324] systemd[1]: Starting systemd-tmpfiles-setup-dev.service - Create Static Device Nodes in /dev...
[43.365] systemd[1]: Finished systemd-tmpfiles-setup-dev.service - Create Static Device Nodes in /dev.
[43.370] systemd[1]: Reached target local-fs-pre.target - Preparation for Local File Systems.
[43.375] systemd[1]: Reached target local-fs.target - Local File Systems.
[43.379] systemd[1]: Listening on systemd-bootctl.socket - Boot Entries Service Socket.
[43.384] systemd[1]: Listening on systemd-sysext.socket - System Extension Image Management.
[43.389] systemd[1]: Starting plymouth-read-write.service - Tell Plymouth To Write Out Runtime Data...
[43.395] systemd[1]: Starting selinux-autorelabel-mark.service - Mark the need to relabel after reboot...
[43.404] systemd[1]: systemd-binfmt.service - Set Up Additional Binary Formats skipped, no trigger condition checks were met.
[43.407] systemd[1]: systemd-boot-random-seed.service - Update Boot Loader Random Seed skipped, no trigger condition checks were met.
[43.411] systemd[1]: systemd-confext.service - Merge System Configuration Images into /etc/ skipped, no trigger condition checks were met.
[43.414] systemd[1]: systemd-sysext.service - Merge System Extension Images into /usr/ and /opt/ skipped, no trigger condition checks were met.
[43.419] systemd[1]: Starting systemd-tmpfiles-setup.service - Create System Files and Directories...
[43.427] systemd[1]: Starting systemd-udevd.service - Rule-based Manager for Device Events and Files...
[43.436] systemd[1]: Starting v4l2-capture-smoke.service - Oxide V4L2 capture smoke...
[43.442] systemd[1]: Finished selinux-autorelabel-mark.service - Mark the need to relabel after reboot.
[43.447] systemd-udevd[81]: Using default interface naming scheme 'v257'.
[43.449] systemd[1]: Finished plymouth-read-write.service - Tell Plymouth To Write Out Runtime Data.
[43.486] systemd-userwor[85]: segfault at 0000000000000000 ip 00007faa3db187b5 sp 00007ffdaca0e340 error 0000000000000004 tid 4192 in /usr/lib/systemd/systemd-userwork vma 00007faa3db0b000+000000000002a000 ino 7949979242215784385 off 000000000000d7b5
[43.530] systemd[1]: Started systemd-udevd.service - Rule-based Manager for Device Events and Files.
[43.551] (udev-worker)[89]: sda: /usr/lib/udev/rules.d/60-block-scheduler.rules:5 Failed to write ATTR{/sys/devices/virtual/block/sda/queue/scheduler}="bfq", ignoring: No such file or directory
[43.566] systemd[1]: Found device dev-zram0.device - /dev/zram0.
[?2004hsh-5.2# v4l2_probe: driver=vivid card=Virtual Video Capture bus=platform:vivid-000 caps=0x84200001 device_caps=0x4200001
v4l2_probe: format[0] fourcc=YUYV desc=YUYV 4:2:2
v4l2_probe: format[1] fourcc=UYVY desc=UYVY 4:2:2
v4l2_probe: format[2] fourcc=RGB3 desc=24-bit RGB 8-8-8
v4l2_probe: format[3] fourcc=BGR3 desc=24-bit BGR 8-8-8
v4l2_probe: format[4] fourcc=RGBP desc=16-bit RGB 5-6-5
v4l2_probe: format[5] fourcc=GREY desc=8-bit Greyscale
v4l2_probe: input[0] name=Camera
v4l2_probe: controls=21
v4l2_probe: brightness 128 -> 135
v4l2_probe: step=g_fmt
v4l2_probe: negotiated 640x480 YUYV bytesperline=1280 sizeimage=614400
v4l2_probe: step=reqbufs want=3
v4l2_probe: reqbufs count=3 capabilities=0x1
v4l2_probe: step=mmap index=0 offset=0x0 length=614400
v4l2_probe: step=mmap index=1 offset=0x96000 length=614400
v4l2_probe: step=mmap index=2 offset=0x12c000 length=614400
v4l2_probe: mapped and queued 3 buffers
v4l2_probe: step=streamon
v4l2_probe: step=dqbuf
[43.642] (udev-worker)[103]: controlC1: /usr/lib/udev/rules.d/78-sound-card.rules:5 Failed to write ATTR{/sys/devices/virtual/sound/controlC1/../uevent}="change", ignoring: No such file or directory
[43.646] (udev-worker)[113]: controlC0: /usr/lib/udev/rules.d/78-sound-card.rules:5 Failed to write ATTR{/sys/devices/virtual/sound/controlC0/../uevent}="change", ignoring: No such file or directory
[43.657] systemd[1]: Starting systemd-zram-setup@zram0.service - Create swap on /dev/zram0...
v4l2_probe: frame index=0 bytesused=614400 seq=1 flags=0x2404 ts=43.680403 head=e200e294e200e294 nonzero=true
v4l2_probe: step=dqbuf
[43.722] systemd-tmpfiles[79]: ACL operation on "/var/log/journal" failed: Invalid argument
[43.744] systemd[1]: Finished systemd-zram-setup@zram0.service - Create swap on /dev/zram0.
[43.754] systemd[1]: Activating swap dev-zram0.swap - Compressed Swap on /dev/zram0...
v4l2_probe: frame index=1 bytesused=614400 seq=2 flags=0x2404 ts=45.752719 head=b2abb200b2abb200 nonzero=true
v4l2_probe: step=dqbuf
v4l2_probe: frame index=2 bytesused=614400 seq=3 flags=0x2404 ts=48.752946 head=952c9515952c9515 nonzero=true
v4l2_probe: PASS 3 frames of 640x480 YUYV from Virtual Video Capture
[48.774] systemd[1]: v4l2-capture-smoke.service: Deactivated successfully.
[48.776] systemd[1]: Finished v4l2-capture-smoke.service - Oxide V4L2 capture smoke.
[sysrq] keys:
qemu-system-x86_64: terminating on signal 15 from pid 466466 (bash)
make[1]: *** [Makefile:262: qemu-x86-existing] Terminated
