UEFI firmware (version  built at 01:01:27 on May  2 2026)
[2J[001;001H[=3h[2J[001;001H[2J[001;001H[8;042;160t[2J[001;001HBdsDxe: failed to load Boot0002 "UEFI Misc Device" from PciRoot(0x0)/Pci(0x1,0x0): Not Found
BdsDxe: failed to load Boot0003 "UEFI Misc Device 2" from PciRoot(0x0)/Pci(0x2,0x0): Not Found
BdsDxe: failed to load Boot0004 "UEFI QEMU NVMe Ctrl oxnvme 1" from PciRoot(0x0)/Pci(0xC,0x0)/NVMe(0x1,00-00-00-00-00-00-00-00): Not Found
BdsDxe: loading Boot0005 "UEFI Misc Device 3" from PciRoot(0x0)/Pci(0xE,0x0)
BdsDxe: starting Boot0005 "UEFI Misc Device 3" from PciRoot(0x0)/Pci(0xE,0x0)
  Booting `oxide (EFI-stub)'

A1BCDE[6.115] Kernel command line: BOOT_IMAGE=/boot/oxide-aarch64.Image root=/dev/vda rw earlycon printk.time=1 systemd.log_target=kmsg systemd.journald.forward_to_kmsg=1 sysctl.kernel.sysrq=1 console=ttyAMA0,115200 console=tty0 systemd.mask=firewalld.service systemd.mask=chronyd.service systemd.mask=ModemManager.service systemd.mask=plymouth-start.service systemd.mask=NetworkManager-wait-online.service systemd.mask=flatpak-add-fedora-repos.service systemd.debug_shell=ttyS0 systemd.mask=serial-getty@ttyS0.service oxide.b
[6.118] ootargs=grub
[46.403] [BOOT-DEV-NULL] type=8192 fs=devtmpfs
[46.768] systemd[1]: System time advanced to built-in epoch: Fri 2026-03-13 00:00:00 UTC
[46.865] systemd[1]: systemd 257.13-1.fc42 running in system mode (+PAM +AUDIT +SELINUX -APPARMOR +IMA +IPE +SMACK +SECCOMP -GCRYPT +GNUTLS +OPENSSL +ACL +BLKID +CURL +ELFUTILS +FIDO2 +IDN2 -IDN -IPTC +KMOD +LIBCRYPTSETUP +LIBCRYPTSETUP_PLUGINS +LIBFDISK +PCRE2 +PWQUALITY +P11KIT +QRENCODE +TPM2 +BZIP2 +LZ4 +XZ +ZLIB +ZSTD +BPF_FRAMEWORK +BTF +XKBCOMMON +UTMP +SYSVINIT +LIBARCHIVE)
[46.868] systemd[1]: Detected architecture arm64.
[46.999] systemd[1]: bpf-restrict-fs: BPF LSM hook not enabled in the kernel, BPF LSM not supported.
[50.168] systemd[1]: Queued start job for default target graphical.target.
[50.207] systemd[1]: Created slice system-getty.slice - Slice /system/getty.
[50.222] systemd[1]: Created slice system-modprobe.slice - Slice /system/modprobe.
[50.235] systemd[1]: Created slice system-sshd\x2dkeygen.slice - Slice /system/sshd-keygen.
[50.244] systemd[1]: Created slice system-systemd\x2dzram\x2dsetup.slice - Slice /system/systemd-zram-setup.
[50.253] systemd[1]: Created slice user.slice - User and Session Slice.
[50.261] systemd[1]: Started systemd-ask-password-console.path - Dispatch Password Requests to Console Directory Watch.
[50.267] systemd[1]: Started systemd-ask-password-wall.path - Forward Password Requests to Wall Directory Watch.
[50.288] systemd[1]: Set up automount proc-sys-fs-binfmt_misc.automount - Arbitrary Executable File Formats File System Automount Point.
[50.295] systemd[1]: Expecting device dev-zram0.device - /dev/zram0...
[50.297] systemd[1]: Reached target cryptsetup.target - Local Encrypted Volumes.
[50.303] systemd[1]: Reached target getty.target - Login Prompts.
[50.309] systemd[1]: Reached target integritysetup.target - Local Integrity Protected Volumes.
[50.315] systemd[1]: Reached target paths.target - Path Units.
[50.320] systemd[1]: Reached target remote-fs.target - Remote File Systems.
[50.326] systemd[1]: Reached target slices.target - Slice Units.
[50.333] systemd[1]: Reached target veritysetup.target - Local Verity Protected Volumes.
[50.365] systemd[1]: Listening on systemd-coredump.socket - Process Core Dump Socket.
[50.378] systemd[1]: Listening on systemd-creds.socket - Credential Encryption/Decryption.
[50.385] systemd[1]: Listening on systemd-initctl.socket - initctl Compatibility Named Pipe.
[50.392] systemd[1]: Listening on systemd-journald-audit.socket - Journal Audit Socket.
[50.425] systemd[1]: Listening on systemd-journald-dev-log.socket - Journal Socket (/dev/log).
[50.459] systemd[1]: Listening on systemd-journald.socket - Journal Sockets.
[50.491] systemd[1]: systemd-pcrextend.socket - TPM PCR Measurements skipped, unmet condition check ConditionSecurity=measured-uki
[50.503] systemd[1]: systemd-pcrlock.socket - Make TPM PCR Policy skipped, unmet condition check ConditionSecurity=measured-uki
[50.520] systemd[1]: Listening on systemd-udevd-control.socket - udev Control Socket.
[50.552] systemd[1]: Listening on systemd-udevd-kernel.socket - udev Kernel Socket.
[50.584] systemd[1]: Listening on systemd-userdbd.socket - User Database Manager Socket.
[50.668] systemd[1]: Mounting dev-hugepages.mount - Huge Pages File System...
[50.731] systemd[1]: Mounting dev-mqueue.mount - POSIX Message Queue File System...
[50.785] systemd[1]: sys-kernel-debug.mount: Directory /sys/kernel/debug to mount over is not empty, mounting anyway.
[50.818] systemd[1]: Mounting sys-kernel-debug.mount - Kernel Debug File System...
[50.880] systemd[1]: sys-kernel-tracing.mount: Directory /sys/kernel/tracing to mount over is not empty, mounting anyway.
[50.940] systemd[1]: Mounting sys-kernel-tracing.mount - Kernel Trace File System...
[51.014] systemd[1]: Started debug-shell.service - Early root shell on /dev/ttyS0 FOR DEBUGGING ONLY.
[51.076] systemd[1]: fips-crypto-policy-overlay.service - Bind-mount FIPS crypto-policy in FIPS mode skipped, unmet condition check ConditionKernelCommandLine=fips=1
[51.101] systemd[1]: kmod-static-nodes.service - Create List of Static Device Nodes skipped, unmet condition check ConditionFileNotEmpty=/lib/modules/6.19.0-oxide/modules.devname
[51.160] systemd[1]: Starting modprobe@configfs.service - Load Kernel Module configfs...
[!p]104[?7h[6n[32766;32766H[6n[51.248] systemd[1]: Starting modprobe@dm_mod.service - Load Kernel Module dm_mod...
[51.311] systemd[1]: Starting modprobe@drm.service - Load Kernel Module drm...
[51.389] systemd[1]: Starting modprobe@fuse.service - Load Kernel Module fuse...
[51.461] systemd[1]: Starting modprobe@loop.service - Load Kernel Module loop...
[51.525] systemd[1]: systemd-hibernate-clear.service - Clear Stale Hibernate Storage Info skipped, unmet condition check ConditionPathExists=/sys/firmware/efi/efivars/HibernateLocation-8cf2644b-4b0b-428f-9387-6d876050dc67
[!p]104[?7h[6n[32766;32766H[6n[51.602] systemd[1]: Starting systemd-journald.service - Journal Service...
[51.722] systemd[1]: Starting systemd-modules-load.service - Load Kernel Modules...
[51.760] systemd[1]: systemd-pcrmachine.service - TPM PCR Machine ID Measurement skipped, unmet condition check ConditionSecurity=measured-uki
[51.829] systemd[1]: Starting systemd-remount-fs.service - Remount Root and Kernel File Systems...
[52.001] systemd[1]: Starting systemd-tmpfiles-setup-dev-early.service - Create Static Device Nodes in /dev gracefully...
[?2004hsh-5.2# [52.078] systemd[1]: systemd-tpm2-setup-early.service - Early TPM SRK Setup skipped, unmet condition check ConditionSecurity=measured-uki
[52.179] systemd[1]: Starting systemd-udev-load-credentials.service - Load udev Rules from Credentials...
[52.292] systemd[1]: Starting systemd-udev-trigger.service - Coldplug All udev Devices...
[52.316] systemd-journald[35]: Collecting audit messages is enabled.
[52.403] systemd-modules-load[37]: Failed to find module 'i2c_dev'
[52.457] systemd[1]: Mounted dev-hugepages.mount - Huge Pages File System.
[52.504] systemd[1]: Mounted dev-mqueue.mount - POSIX Message Queue File System.
[52.572] systemd[1]: Mounted sys-kernel-debug.mount - Kernel Debug File System.
[52.625] systemd[1]: Mounted sys-kernel-tracing.mount - Kernel Trace File System.
[52.669] systemd[1]: Started systemd-journald.service - Journal Service.
[52.735] systemd[1]: modprobe@configfs.service: Deactivated successfully.
[52.757] systemd[1]: Finished modprobe@configfs.service - Load Kernel Module configfs.
[52.801] systemd[1]: modprobe@dm_mod.service: Deactivated successfully.
[52.819] systemd[1]: Finished modprobe@dm_mod.service - Load Kernel Module dm_mod.
[52.859] systemd[1]: modprobe@drm.service: Deactivated successfully.
[52.879] systemd[1]: Finished modprobe@drm.service - Load Kernel Module drm.
[52.919] systemd[1]: modprobe@fuse.service: Deactivated successfully.
[52.938] systemd[1]: Finished modprobe@fuse.service - Load Kernel Module fuse.
[52.983] systemd[1]: modprobe@loop.service: Deactivated successfully.
[53.002] systemd[1]: Finished modprobe@loop.service - Load Kernel Module loop.
[53.066] systemd[1]: Finished systemd-remount-fs.service - Remount Root and Kernel File Systems.
[53.129] systemd[1]: Finished systemd-modules-load.service - Load Kernel Modules.
[53.172] systemd[1]: Finished systemd-udev-load-credentials.service - Load udev Rules from Credentials.
[53.206] systemd[1]: Finished systemd-udev-trigger.service - Coldplug All udev Devices.
[53.490] systemd[1]: sys-fs-fuse-connections.mount - FUSE Control File System skipped, unmet condition check ConditionPathExists=/sys/fs/fuse/connections
[53.521] systemd[1]: Mounting sys-kernel-config.mount - Kernel Configuration File System...
[53.568] systemd[1]: systemd-hwdb-update.service - Rebuild Hardware Database skipped, unmet condition check ConditionNeedsUpdate=/etc
[53.608] systemd[1]: Starting systemd-journal-flush.service - Flush Journal to Persistent Storage...
[53.674] systemd[1]: Starting systemd-random-seed.service - Load/Save OS Random Seed...
[53.737] systemd-journald[35]: Received client request to flush runtime journal.
[53.760] systemd[1]: systemd-repart.service - Repartition Root Disk skipped, no trigger condition checks were met.
[53.828] systemd[1]: Starting systemd-sysctl.service - Apply Kernel Variables...
[53.876] systemd[1]: systemd-tpm2-setup.service - TPM SRK Setup skipped, unmet condition check ConditionSecurity=measured-uki
[53.920] systemd[1]: Starting systemd-userdbd.service - User Database Manager...
[53.966] systemd[1]: Mounted sys-kernel-config.mount - Kernel Configuration File System.
[54.638] systemd[1]: Finished systemd-journal-flush.service - Flush Journal to Persistent Storage.
[54.784] systemd[1]: Finished systemd-random-seed.service - Load/Save OS Random Seed.
[54.933] systemd[1]: Finished systemd-sysctl.service - Apply Kernel Variables.
[55.132] systemd[1]: Started systemd-userdbd.service - User Database Manager.
[55.653] systemd[1]: Finished systemd-tmpfiles-setup-dev-early.service - Create Static Device Nodes in /dev gracefully.
[55.710] systemd[1]: systemd-sysusers.service - Create System Users skipped, no trigger condition checks were met.
[55.757] systemd[1]: Starting systemd-tmpfiles-setup-dev.service - Create Static Device Nodes in /dev...
[56.314] systemd[1]: Finished systemd-tmpfiles-setup-dev.service - Create Static Device Nodes in /dev.
[56.366] systemd[1]: Reached target local-fs-pre.target - Preparation for Local File Systems.
[56.396] systemd[1]: Reached target local-fs.target - Local File Systems.
[56.461] systemd[1]: Listening on systemd-bootctl.socket - Boot Entries Service Socket.
[56.510] systemd[1]: Listening on systemd-sysext.socket - System Extension Image Management.
[56.561] systemd[1]: Starting plymouth-read-write.service - Tell Plymouth To Write Out Runtime Data...
[56.624] systemd[1]: Starting selinux-autorelabel-mark.service - Mark the need to relabel after reboot...
[56.708] systemd[1]: systemd-binfmt.service - Set Up Additional Binary Formats skipped, no trigger condition checks were met.
[56.725] systemd[1]: systemd-boot-random-seed.service - Update Boot Loader Random Seed skipped, no trigger condition checks were met.
[56.750] systemd[1]: systemd-confext.service - Merge System Configuration Images into /etc/ skipped, no trigger condition checks were met.
[56.771] systemd[1]: systemd-sysext.service - Merge System Extension Images into /usr/ and /opt/ skipped, no trigger condition checks were met.
[56.813] systemd[1]: Starting systemd-tmpfiles-setup.service - Create System Files and Directories...
[56.881] systemd[1]: Starting systemd-udevd.service - Rule-based Manager for Device Events and Files...
[56.959] systemd[1]: Starting v4l2-capture-smoke.service - Oxide V4L2 capture smoke...
[57.061] systemd[1]: Finished plymouth-read-write.service - Tell Plymouth To Write Out Runtime Data.
[57.127] systemd[1]: Finished selinux-autorelabel-mark.service - Mark the need to relabel after reboot.
v4l2_probe: driver=vivid card=Virtual Video Capture bus=platform:vivid-000 caps=0x84200001 device_caps=0x4200001
v4l2_probe: format[0] fourcc=YUYV desc=YUYV 4:2:2
v4l2_probe: format[1] fourcc=UYVY desc=UYVY 4:2:2
v4l2_probe: format[2] fourcc=RGB3 desc=24-bit RGB 8-8-8
v4l2_probe: format[3] fourcc=BGR3 desc=24-bit BGR 8-8-8
v4l2_probe: format[4] fourcc=RGBP desc=16-bit RGB 5-6-5
v4l2_probe: format[5] fourcc=GREY desc=8-bit Greyscale
v4l2_probe: input[0] name=Camera
v4l2_probe: controls=21
v4l2_probe: brightness 128 -> 135
v4l2_probe: step=g_fmt
v4l2_probe: negotiated 640x480 YUYV bytesperline=1280 sizeimage=614400
v4l2_probe: step=reqbufs want=3
v4l2_probe: reqbufs count=3 capabilities=0x1
v4l2_probe: step=mmap index=0 offset=0x0 length=614400
v4l2_probe: step=mmap index=1 offset=0x96000 length=614400
v4l2_probe: step=mmap index=2 offset=0x12c000 length=614400
v4l2_probe: mapped and queued 3 buffers
v4l2_probe: step=streamon
v4l2_probe: step=dqbuf
[57.207] systemd-udevd[81]: Using default interface naming scheme 'v257'.
v4l2_probe: frame index=0 bytesused=614400 seq=1 flags=0x2404 ts=57.261492 head=e200e294e200e294 nonzero=true
v4l2_probe: step=dqbuf
v4l2_probe: frame index=1 bytesused=614400 seq=2 flags=0x2404 ts=57.361644 head=b2abb200b2abb200 nonzero=true
v4l2_probe: step=dqbuf
v4l2_probe: frame index=2 bytesused=614400 seq=3 flags=0x2404 ts=57.461814 head=952c9515952c9515 nonzero=true
v4l2_probe: PASS 3 frames of 640x480 YUYV from Virtual Video Capture
[57.481] systemd[1]: v4l2-capture-smoke.service: Deactivated successfully.
[57.497] systemd[1]: Finished v4l2-capture-smoke.service - Oxide V4L2 capture smoke.
[57.916] systemd[1]: Started systemd-udevd.service - Rule-based Manager for Device Events and Files.
[58.114] (udev-worker)[90]: sda: /usr/lib/udev/rules.d/60-block-scheduler.rules:5 Failed to write ATTR{/sys/devices/virtual/block/sda/queue/scheduler}="bfq", ignoring: No such file or directory
[58.245] systemd[1]: Found device dev-zram0.device - /dev/zram0.
[58.536] systemd[1]: Starting systemd-zram-setup@zram0.service - Create swap on /dev/zram0...
[58.991] (udev-worker)[90]: controlC1: /usr/lib/udev/rules.d/78-sound-card.rules:5 Failed to write ATTR{/sys/devices/virtual/sound/controlC1/../uevent}="change", ignoring: No such file or directory
[sysrq] keys:
[59.135] (udev-worker)[97]: controlC0: /usr/lib/udev/rules.d/78-sound-card.rules:5 Failed to write ATTR{/sys/devices/virtual/sound/controlC0/../uevent}="change", ignoring: No such file or directory
[59.490] systemd[1]: fips-crypto-policy-overlay.service - Bind-mount FIPS crypto-policy in FIPS mode skipped, unmet condition check ConditionKernelCommandLine=fips=1
[59.517] systemd[1]: kmod-static-nodes.service - Create List of Static Device Nodes skipped, unmet condition check ConditionFileNotEmpty=/lib/modules/6.19.0-oxide/modules.devname
[59.608] systemd[1]: Starting modprobe@dm_mod.service - Load Kernel Module dm_mod...
[59.659] systemd-tmpfiles[79]: ACL operation on "/var/log/journal" failed: Invalid argument
[59.692] systemd[1]: Starting modprobe@fuse.service - Load Kernel Module fuse...
[59.852] systemd[1]: Starting modprobe@loop.service - Load Kernel Module loop...
[59.946] systemd[1]: systemd-binfmt.service - Set Up Additional Binary Formats skipped, no trigger condition checks were met.
[59.969] systemd[1]: systemd-boot-random-seed.service - Update Boot Loader Random Seed skipped, no trigger condition checks were met.
[60.015] systemd[1]: systemd-confext.service - Merge System Configuration Images into /etc/ skipped, no trigger condition checks were met.
[60.044] systemd[1]: systemd-hibernate-clear.service - Clear Stale Hibernate Storage Info skipped, unmet condition check ConditionPathExists=/sys/firmware/efi/efivars/HibernateLocation-8cf2644b-4b0b-428f-9387-6d876050dc67
[60.061] systemd[1]: systemd-hwdb-update.service - Rebuild Hardware Database skipped, unmet condition check ConditionNeedsUpdate=/etc
[60.076] systemd[1]: systemd-pcrmachine.service - TPM PCR Machine ID Measurement skipped, unmet condition check ConditionSecurity=measured-uki
[60.091] systemd[1]: systemd-sysext.service - Merge System Extension Images into /usr/ and /opt/ skipped, no trigger condition checks were met.
[60.105] systemd[1]: systemd-sysusers.service - Create System Users skipped, no trigger condition checks were met.
[60.118] systemd[1]: systemd-tpm2-setup-early.service - Early TPM SRK Setup skipped, unmet condition check ConditionSecurity=measured-uki
[60.131] systemd[1]: systemd-tpm2-setup.service - TPM SRK Setup skipped, unmet condition check ConditionSecurity=measured-uki
[60.169] systemd[1]: modprobe@dm_mod.service: Deactivated successfully.
[60.185] systemd[1]: Finished modprobe@dm_mod.service - Load Kernel Module dm_mod.
[60.222] systemd[1]: modprobe@fuse.service: Deactivated successfully.
[60.238] systemd[1]: Finished modprobe@fuse.service - Load Kernel Module fuse.
[60.272] systemd[1]: Finished systemd-zram-setup@zram0.service - Create swap on /dev/zram0.
[60.310] systemd[1]: modprobe@loop.service: Deactivated successfully.
[60.330] systemd[1]: Finished modprobe@loop.service - Load Kernel Module loop.
[60.519] systemd[1]: Activating swap dev-zram0.swap - Compressed Swap on /dev/zram0...
[60.594] systemd[1]: sys-fs-fuse-connections.mount - FUSE Control File System skipped, unmet condition check ConditionPathExists=/sys/fs/fuse/connections
[60.625] systemd[1]: systemd-repart.service - Repartition Root Disk skipped, no trigger condition checks were met.
[60.810] systemd[1]: Activated swap dev-zram0.swap - Compressed Swap on /dev/zram0.
[60.904] systemd[1]: Reached target swap.target - Swaps.
qemu-system-aarch64: terminating on signal 15 from pid 315440 (bash)
make[1]: *** [Makefile:265: qemu-arm-existing] Terminated
