UEFI firmware (version  built at 01:01:27 on May  2 2026)
[2J[001;001H[=3h[2J[001;001H[2J[001;001H[8;042;160t[2J[001;001HBdsDxe: failed to load Boot0002 "UEFI Misc Device" from PciRoot(0x0)/Pci(0x1,0x0): Not Found
BdsDxe: failed to load Boot0003 "UEFI Misc Device 2" from PciRoot(0x0)/Pci(0x2,0x0): Not Found
BdsDxe: failed to load Boot0004 "UEFI QEMU NVMe Ctrl oxnvme 1" from PciRoot(0x0)/Pci(0xC,0x0)/NVMe(0x1,00-00-00-00-00-00-00-00): Not Found
BdsDxe: loading Boot0005 "UEFI Misc Device 3" from PciRoot(0x0)/Pci(0xE,0x0)
BdsDxe: starting Boot0005 "UEFI Misc Device 3" from PciRoot(0x0)/Pci(0xE,0x0)
  Booting `oxide (EFI-stub)'

A1BCDE[6.147] Kernel command line: BOOT_IMAGE=/boot/oxide-aarch64.Image root=/dev/vda rw earlycon printk.time=1 systemd.log_target=kmsg systemd.journald.forward_to_kmsg=1 sysctl.kernel.sysrq=1 sysrq_always_enabled console=ttyAMA0,115200 console=tty0 systemd.mask=firewalld.service systemd.mask=chronyd.service systemd.mask=ModemManager.service systemd.mask=plymouth-start.service systemd.mask=NetworkManager-wait-online.service systemd.mask=flatpak-add-fedora-repos.service systemd.debug_shell=tty9 oxide.bootargs=grub
[6.172] [sysrq] always enabled by the boot line
[46.420] [BOOT-DEV-NULL] type=8192 fs=devtmpfs
[46.766] systemd[1]: System time advanced to built-in epoch: Fri 2026-03-13 00:00:00 UTC
[46.863] systemd[1]: systemd 257.13-1.fc42 running in system mode (+PAM +AUDIT +SELINUX -APPARMOR +IMA +IPE +SMACK +SECCOMP -GCRYPT +GNUTLS +OPENSSL +ACL +BLKID +CURL +ELFUTILS +FIDO2 +IDN2 -IDN -IPTC +KMOD +LIBCRYPTSETUP +LIBCRYPTSETUP_PLUGINS +LIBFDISK +PCRE2 +PWQUALITY +P11KIT +QRENCODE +TPM2 +BZIP2 +LZ4 +XZ +ZLIB +ZSTD +BPF_FRAMEWORK +BTF +XKBCOMMON +UTMP +SYSVINIT +LIBARCHIVE)
[46.865] systemd[1]: Detected architecture arm64.
[46.984] systemd[1]: bpf-restrict-fs: BPF LSM hook not enabled in the kernel, BPF LSM not supported.
[49.701] systemd[1]: Queued start job for default target graphical.target.
[49.732] systemd[1]: Created slice system-getty.slice - Slice /system/getty.
[49.742] systemd[1]: Created slice system-modprobe.slice - Slice /system/modprobe.
[49.750] systemd[1]: Created slice system-serial\x2dgetty.slice - Slice /system/serial-getty.
[49.757] systemd[1]: Created slice system-sshd\x2dkeygen.slice - Slice /system/sshd-keygen.
[49.763] systemd[1]: Created slice system-systemd\x2dzram\x2dsetup.slice - Slice /system/systemd-zram-setup.
[49.769] systemd[1]: Created slice user.slice - User and Session Slice.
[49.773] systemd[1]: Started systemd-ask-password-console.path - Dispatch Password Requests to Console Directory Watch.
[49.777] systemd[1]: Started systemd-ask-password-wall.path - Forward Password Requests to Wall Directory Watch.
[49.787] systemd[1]: Set up automount proc-sys-fs-binfmt_misc.automount - Arbitrary Executable File Formats File System Automount Point.
[49.791] systemd[1]: Expecting device dev-ttyS0.device - /dev/ttyS0...
[49.794] systemd[1]: Expecting device dev-zram0.device - /dev/zram0...
[49.797] systemd[1]: Reached target cryptsetup.target - Local Encrypted Volumes.
[49.800] systemd[1]: Reached target integritysetup.target - Local Integrity Protected Volumes.
[49.803] systemd[1]: Reached target paths.target - Path Units.
[49.806] systemd[1]: Reached target remote-fs.target - Remote File Systems.
[49.809] systemd[1]: Reached target slices.target - Slice Units.
[49.812] systemd[1]: Reached target veritysetup.target - Local Verity Protected Volumes.
[49.828] systemd[1]: Listening on systemd-coredump.socket - Process Core Dump Socket.
[49.839] systemd[1]: Listening on systemd-creds.socket - Credential Encryption/Decryption.
[49.844] systemd[1]: Listening on systemd-initctl.socket - initctl Compatibility Named Pipe.
[49.888] systemd[1]: Listening on systemd-journald-audit.socket - Journal Audit Socket.
[49.942] systemd[1]: Listening on systemd-journald-dev-log.socket - Journal Socket (/dev/log).
[49.995] systemd[1]: Listening on systemd-journald.socket - Journal Sockets.
[50.041] systemd[1]: systemd-pcrextend.socket - TPM PCR Measurements skipped, unmet condition check ConditionSecurity=measured-uki
[50.066] systemd[1]: systemd-pcrlock.socket - Make TPM PCR Policy skipped, unmet condition check ConditionSecurity=measured-uki
[50.095] systemd[1]: Listening on systemd-udevd-control.socket - udev Control Socket.
[50.144] systemd[1]: Listening on systemd-udevd-kernel.socket - udev Kernel Socket.
[50.189] systemd[1]: Listening on systemd-userdbd.socket - User Database Manager Socket.
[50.277] systemd[1]: Mounting dev-hugepages.mount - Huge Pages File System...
[50.336] systemd[1]: Mounting dev-mqueue.mount - POSIX Message Queue File System...
[50.413] systemd[1]: sys-kernel-debug.mount: Directory /sys/kernel/debug to mount over is not empty, mounting anyway.
[50.469] systemd[1]: Mounting sys-kernel-debug.mount - Kernel Debug File System...
[50.533] systemd[1]: sys-kernel-tracing.mount: Directory /sys/kernel/tracing to mount over is not empty, mounting anyway.
[50.574] systemd[1]: Mounting sys-kernel-tracing.mount - Kernel Trace File System...
[50.656] systemd[1]: Started debug-shell.service - Early root shell on /dev/tty9 FOR DEBUGGING ONLY.
[50.718] systemd[1]: fips-crypto-policy-overlay.service - Bind-mount FIPS crypto-policy in FIPS mode skipped, unmet condition check ConditionKernelCommandLine=fips=1
[50.748] systemd[1]: kmod-static-nodes.service - Create List of Static Device Nodes skipped, unmet condition check ConditionFileNotEmpty=/lib/modules/6.19.0-oxide/modules.devname
[50.778] systemd[1]: Starting modprobe@configfs.service - Load Kernel Module configfs...
[50.862] systemd[1]: Starting modprobe@dm_mod.service - Load Kernel Module dm_mod...
[50.928] systemd[1]: Starting modprobe@drm.service - Load Kernel Module drm...
[51.000] systemd[1]: Starting modprobe@fuse.service - Load Kernel Module fuse...
[51.073] systemd[1]: Starting modprobe@loop.service - Load Kernel Module loop...
[51.136] systemd[1]: systemd-hibernate-clear.service - Clear Stale Hibernate Storage Info skipped, unmet condition check ConditionPathExists=/sys/firmware/efi/efivars/HibernateLocation-8cf2644b-4b0b-428f-9387-6d876050dc67
[51.189] systemd[1]: Starting systemd-journald.service - Journal Service...
[51.249] systemd[1]: Starting systemd-modules-load.service - Load Kernel Modules...
[51.303] systemd[1]: systemd-pcrmachine.service - TPM PCR Machine ID Measurement skipped, unmet condition check ConditionSecurity=measured-uki
[51.370] systemd[1]: Starting systemd-remount-fs.service - Remount Root and Kernel File Systems...
[51.474] systemd[1]: Starting systemd-tmpfiles-setup-dev-early.service - Create Static Device Nodes in /dev gracefully...
[51.491] [BADSTACK] exception entry with SP outside the current kernel stack site=0 spsr=00000000800003c5 from=EL1
[51.491] [BADSTACK] sp_el1=fffffb000005ae80 stack=[fffffb000005b000,fffffb000005f000] BELOW-LO by 384 (stack overflow)
[51.492] [BADSTACK] esr=0000000096000047 elr=ffffffff805b786c far=fffffb000005aee0
[51.492] [BADSTACK] mpidr=0000000000000000 tpidr_el1=ffffffff852918c0
[51.493] [BADSTACK] preempt_count=0000000000000001 hardirq=0 softirq=0 kind=TASK slot=18 top_repeat=ffffffff81f64850 x132
[51.507] [BADSTACK] chain innermost-first: ffffffff805b2c1c ffffffff8139ff80 ffffffff8139ff80 ffffffff8139ff80 ffffffff805b8100 ffffffff8139ff80 ffffffff81f64850 ffffffff8060042c ffffffff808b79c8 ffffffff805aff14 ffffffff8086fb80 ffffffff80031cf8 ffffffff8086fb80 ffffffff80003eb0 ffffffff8139ff90 ffffffff81f64850 ffffffff81f64850 ffffffff805b18ac ffffffff805b18e0 ffffffff805b18ac ffffffff81f64840 ffffffff81f64850 ffffffff8139ff90 ffffffff8086fb80
[51.526] systemd[1]: systemd-tpm2-setup-early.service - Early TPM SRK Setup skipped, unmet condition check ConditionSecurity=measured-uki
[51.554] systemd[1]: Starting systemd-udev-load-credentials.service - Load udev Rules from Credentials...
[51.593] systemd[1]: Starting systemd-udev-trigger.service - Coldplug All udev Devices...
[51.653] systemd[1]: Mounted dev-hugepages.mount - Huge Pages File System.
[51.681] systemd[1]: Mounted dev-mqueue.mount - POSIX Message Queue File System.
[51.709] systemd[1]: Mounted sys-kernel-debug.mount - Kernel Debug File System.
[51.738] systemd[1]: Mounted sys-kernel-tracing.mount - Kernel Trace File System.
qemu-system-aarch64: terminating on signal 15 from pid 3813963 (bash)
make: *** [Makefile:264: qemu-arm-existing] Terminated
