UEFI firmware (version  built at 01:01:27 on May  2 2026)
[2J[001;001H[=3h[2J[001;001H[2J[001;001H[8;042;160t[2J[001;001HBdsDxe: failed to load Boot0002 "UEFI Misc Device" from PciRoot(0x0)/Pci(0x1,0x0): Not Found
BdsDxe: failed to load Boot0003 "UEFI Misc Device 2" from PciRoot(0x0)/Pci(0x2,0x0): Not Found
BdsDxe: failed to load Boot0004 "UEFI QEMU NVMe Ctrl oxnvme 1" from PciRoot(0x0)/Pci(0xC,0x0)/NVMe(0x1,00-00-00-00-00-00-00-00): Not Found
BdsDxe: loading Boot0005 "UEFI Misc Device 3" from PciRoot(0x0)/Pci(0xE,0x0)
BdsDxe: starting Boot0005 "UEFI Misc Device 3" from PciRoot(0x0)/Pci(0xE,0x0)
  Booting `oxide (EFI-stub)'

A1BCDE[5.951] Kernel command line: BOOT_IMAGE=/boot/oxide-aarch64.Image root=/dev/vda rw earlycon printk.time=1 systemd.log_target=kmsg systemd.journald.forward_to_kmsg=1 sysctl.kernel.sysrq=1 sysrq_always_enabled console=ttyAMA0,115200 console=tty0 systemd.mask=firewalld.service systemd.mask=chronyd.service systemd.mask=ModemManager.service systemd.mask=plymouth-start.service systemd.mask=NetworkManager-wait-online.service systemd.mask=flatpak-add-fedora-repos.service systemd.debug_shell=ttyS0 systemd.mask=serial-getty@
[5.953] ttyS0.service oxide.bootargs=grub
[5.973] [sysrq] always enabled by the boot line
[46.183] [BOOT-DEV-NULL] type=8192 fs=devtmpfs
[46.496] systemd[1]: System time advanced to built-in epoch: Fri 2026-03-13 00:00:00 UTC
[46.580] systemd[1]: systemd 257.13-1.fc42 running in system mode (+PAM +AUDIT +SELINUX -APPARMOR +IMA +IPE +SMACK +SECCOMP -GCRYPT +GNUTLS +OPENSSL +ACL +BLKID +CURL +ELFUTILS +FIDO2 +IDN2 -IDN -IPTC +KMOD +LIBCRYPTSETUP +LIBCRYPTSETUP_PLUGINS +LIBFDISK +PCRE2 +PWQUALITY +P11KIT +QRENCODE +TPM2 +BZIP2 +LZ4 +XZ +ZLIB +ZSTD +BPF_FRAMEWORK +BTF +XKBCOMMON +UTMP +SYSVINIT +LIBARCHIVE)
[46.582] systemd[1]: Detected architecture arm64.
[46.694] systemd[1]: bpf-restrict-fs: BPF LSM hook not enabled in the kernel, BPF LSM not supported.
[48.944] systemd[1]: Queued start job for default target graphical.target.
[48.973] systemd[1]: Created slice system-getty.slice - Slice /system/getty.
[48.981] systemd[1]: Created slice system-modprobe.slice - Slice /system/modprobe.
[48.986] systemd[1]: Created slice system-sshd\x2dkeygen.slice - Slice /system/sshd-keygen.
[48.992] systemd[1]: Created slice system-systemd\x2dzram\x2dsetup.slice - Slice /system/systemd-zram-setup.
[48.997] systemd[1]: Created slice user.slice - User and Session Slice.
[49.001] systemd[1]: Started systemd-ask-password-console.path - Dispatch Password Requests to Console Directory Watch.
[49.004] systemd[1]: Started systemd-ask-password-wall.path - Forward Password Requests to Wall Directory Watch.
[49.012] systemd[1]: Set up automount proc-sys-fs-binfmt_misc.automount - Arbitrary Executable File Formats File System Automount Point.
[49.015] systemd[1]: Expecting device dev-zram0.device - /dev/zram0...
[49.017] systemd[1]: Reached target cryptsetup.target - Local Encrypted Volumes.
[49.020] systemd[1]: Reached target getty.target - Login Prompts.
[49.023] systemd[1]: Reached target integritysetup.target - Local Integrity Protected Volumes.
[49.025] systemd[1]: Reached target paths.target - Path Units.
[49.028] systemd[1]: Reached target remote-fs.target - Remote File Systems.
[49.031] systemd[1]: Reached target slices.target - Slice Units.
[49.033] systemd[1]: Reached target veritysetup.target - Local Verity Protected Volumes.
[49.052] systemd[1]: Listening on systemd-coredump.socket - Process Core Dump Socket.
[49.063] systemd[1]: Listening on systemd-creds.socket - Credential Encryption/Decryption.
[49.067] systemd[1]: Listening on systemd-initctl.socket - initctl Compatibility Named Pipe.
[49.073] systemd[1]: Listening on systemd-journald-audit.socket - Journal Audit Socket.
[49.102] systemd[1]: Listening on systemd-journald-dev-log.socket - Journal Socket (/dev/log).
[49.129] systemd[1]: Listening on systemd-journald.socket - Journal Sockets.
[49.155] systemd[1]: systemd-pcrextend.socket - TPM PCR Measurements skipped, unmet condition check ConditionSecurity=measured-uki
[49.166] systemd[1]: systemd-pcrlock.socket - Make TPM PCR Policy skipped, unmet condition check ConditionSecurity=measured-uki
[49.180] systemd[1]: Listening on systemd-udevd-control.socket - udev Control Socket.
[49.206] systemd[1]: Listening on systemd-udevd-kernel.socket - udev Kernel Socket.
[49.233] systemd[1]: Listening on systemd-userdbd.socket - User Database Manager Socket.
[49.288] systemd[1]: Mounting dev-hugepages.mount - Huge Pages File System...
[49.336] systemd[1]: Mounting dev-mqueue.mount - POSIX Message Queue File System...
[49.371] systemd[1]: sys-kernel-debug.mount: Directory /sys/kernel/debug to mount over is not empty, mounting anyway.
[49.401] systemd[1]: Mounting sys-kernel-debug.mount - Kernel Debug File System...
[49.442] systemd[1]: sys-kernel-tracing.mount: Directory /sys/kernel/tracing to mount over is not empty, mounting anyway.
[49.486] systemd[1]: Mounting sys-kernel-tracing.mount - Kernel Trace File System...
[49.556] systemd[1]: Started debug-shell.service - Early root shell on /dev/ttyS0 FOR DEBUGGING ONLY.
[!p]104[?7h[6n[32766;32766H[6n[49.594] systemd[1]: fips-crypto-policy-overlay.service - Bind-mount FIPS crypto-policy in FIPS mode skipped, unmet condition check ConditionKernelCommandLine=fips=1
[49.608] systemd[1]: kmod-static-nodes.service - Create List of Static Device Nodes skipped, unmet condition check ConditionFileNotEmpty=/lib/modules/6.19.0-oxide/modules.devname
[49.632] systemd[1]: Starting modprobe@configfs.service - Load Kernel Module configfs...
[49.686] systemd[1]: Starting modprobe@dm_mod.service - Load Kernel Module dm_mod...
qemu-system-aarch64: terminating on signal 15 from pid 889499 (bash)
make: *** [Makefile:264: qemu-arm-existing] Terminated
