[H[J[1;1H[H[J[1;1H  Booting `oxide (multiboot2)'

MB2
L64
[XSTATE] xsave=on pre_osxsave=0 cpuid0d_eax=0000000000000007 xcr0=0000000000000007 area=832
[1.351] Kernel command line: BOOT_IMAGE=/boot/oxide-x86_64 root=/dev/vda rw earlycon printk.time=1 systemd.log_target=kmsg systemd.journald.forward_to_kmsg=1 sysctl.kernel.sysrq=1 sysrq_always_enabled console=ttyS0,115200 console=tty0 systemd.mask=firewalld.service systemd.mask=chronyd.service systemd.mask=ModemManager.service systemd.mask=plymouth-start.service systemd.mask=NetworkManager-wait-online.service systemd.mask=flatpak-add-fedora-repos.service systemd.debug_shell=ttyS0 systemd.mask=serial-getty@ttyS0.ser
[1.359] vice oxide.bootargs=grub
[1.361] [sysrq] always enabled by the boot line
[42.521] [BOOT-DEV-NULL] type=8192 fs=devtmpfs
[42.611] systemd[1]: systemd 257.13-1.fc42 running in system mode (+PAM +AUDIT +SELINUX -APPARMOR +IMA +IPE +SMACK +SECCOMP -GCRYPT +GNUTLS +OPENSSL +ACL +BLKID +CURL +ELFUTILS +FIDO2 +IDN2 -IDN -IPTC +KMOD +LIBCRYPTSETUP +LIBCRYPTSETUP_PLUGINS +LIBFDISK +PCRE2 +PWQUALITY +P11KIT +QRENCODE +TPM2 +BZIP2 +LZ4 +XZ +ZLIB +ZSTD +BPF_FRAMEWORK +BTF +XKBCOMMON +UTMP +SYSVINIT +LIBARCHIVE)
[42.616] systemd[1]: Detected virtualization kvm.
[42.617] systemd[1]: Detected architecture x86-64.
[42.630] systemd[1]: bpf-restrict-fs: BPF LSM hook not enabled in the kernel, BPF LSM not supported.
[42.891] systemd[1]: Queued start job for default target graphical.target.
[42.895] systemd[1]: Created slice system-getty.slice - Slice /system/getty.
[42.895] systemd[1]: Created slice system-modprobe.slice - Slice /system/modprobe.
[42.896] systemd[1]: Created slice system-sshd\x2dkeygen.slice - Slice /system/sshd-keygen.
[42.897] systemd[1]: Created slice system-systemd\x2dzram\x2dsetup.slice - Slice /system/systemd-zram-setup.
[42.897] systemd[1]: Created slice user.slice - User and Session Slice.
[42.898] systemd[1]: Started systemd-ask-password-console.path - Dispatch Password Requests to Console Directory Watch.
[42.898] systemd[1]: Started systemd-ask-password-wall.path - Forward Password Requests to Wall Directory Watch.
[42.899] systemd[1]: Set up automount proc-sys-fs-binfmt_misc.automount - Arbitrary Executable File Formats File System Automount Point.
[42.899] systemd[1]: Expecting device dev-zram0.device - /dev/zram0...
[42.900] systemd[1]: Reached target cryptsetup.target - Local Encrypted Volumes.
[42.900] systemd[1]: Reached target getty.target - Login Prompts.
[42.900] systemd[1]: Reached target integritysetup.target - Local Integrity Protected Volumes.
[42.901] systemd[1]: Reached target paths.target - Path Units.
[42.901] systemd[1]: Reached target remote-fs.target - Remote File Systems.
[42.902] systemd[1]: Reached target slices.target - Slice Units.
[42.902] systemd[1]: Reached target veritysetup.target - Local Verity Protected Volumes.
[42.913] systemd[1]: Listening on systemd-coredump.socket - Process Core Dump Socket.
[42.915] systemd[1]: Listening on systemd-creds.socket - Credential Encryption/Decryption.
[42.918] systemd[1]: Listening on systemd-initctl.socket - initctl Compatibility Named Pipe.
[42.921] systemd[1]: Listening on systemd-journald-audit.socket - Journal Audit Socket.
[42.924] systemd[1]: Listening on systemd-journald-dev-log.socket - Journal Socket (/dev/log).
[42.927] systemd[1]: Listening on systemd-journald.socket - Journal Sockets.
[42.929] systemd[1]: systemd-pcrextend.socket - TPM PCR Measurements skipped, unmet condition check ConditionSecurity=measured-uki
[42.931] systemd[1]: systemd-pcrlock.socket - Make TPM PCR Policy skipped, unmet condition check ConditionSecurity=measured-uki
[42.932] systemd[1]: Listening on systemd-udevd-control.socket - udev Control Socket.
[42.935] systemd[1]: Listening on systemd-udevd-kernel.socket - udev Kernel Socket.
[42.938] systemd[1]: Listening on systemd-userdbd.socket - User Database Manager Socket.
[42.945] systemd[1]: Mounting dev-hugepages.mount - Huge Pages File System...
[42.953] systemd[1]: Mounting dev-mqueue.mount - POSIX Message Queue File System...
[42.955] systemd[1]: sys-kernel-debug.mount: Directory /sys/kernel/debug to mount over is not empty, mounting anyway.
[42.958] systemd[1]: Mounting sys-kernel-debug.mount - Kernel Debug File System...
[42.960] systemd[1]: sys-kernel-tracing.mount: Directory /sys/kernel/tracing to mount over is not empty, mounting anyway.
[42.962] systemd[1]: Mounting sys-kernel-tracing.mount - Kernel Trace File System...
[!p]104[?7h[6n[32766;32766H[6n[42.969] systemd[1]: Started debug-shell.service - Early root shell on /dev/ttyS0 FOR DEBUGGING ONLY.
[42.973] systemd[1]: fips-crypto-policy-overlay.service - Bind-mount FIPS crypto-policy in FIPS mode skipped, unmet condition check ConditionKernelCommandLine=fips=1
[42.976] systemd[1]: kmod-static-nodes.service - Create List of Static Device Nodes skipped, unmet condition check ConditionFileNotEmpty=/lib/modules/6.19.0-oxide/modules.devname
[42.981] systemd[1]: Starting modprobe@configfs.service - Load Kernel Module configfs...
[42.989] systemd[1]: Starting modprobe@dm_mod.service - Load Kernel Module dm_mod...
[42.992] systemd[1]: Starting modprobe@drm.service - Load Kernel Module drm...
[42.999] systemd[1]: Starting modprobe@fuse.service - Load Kernel Module fuse...
[43.002] systemd[1]: Starting modprobe@loop.service - Load Kernel Module loop...
[43.005] systemd[1]: systemd-hibernate-clear.service - Clear Stale Hibernate Storage Info skipped, unmet condition check ConditionPathExists=/sys/firmware/efi/efivars/HibernateLocation-8cf2644b-4b0b-428f-9387-6d876050dc67
[43.010] systemd[1]: Starting systemd-journald.service - Journal Service...
[43.019] systemd[1]: Starting systemd-modules-load.service - Load Kernel Modules...
[43.022] systemd[1]: systemd-pcrmachine.service - TPM PCR Machine ID Measurement skipped, unmet condition check ConditionSecurity=measured-uki
[43.025] systemd-journald[35]: Collecting audit messages is enabled.
[43.026] systemd[1]: Starting systemd-remount-fs.service - Remount Root and Kernel File Systems...
[43.040] systemd-modules-load[38]: Failed to find module 'i2c_dev'
[43.042] systemd-modules-load[38]: Failed to find module 'msr'
[!p]104[?7h[6n[32766;32766H[6n[?2004hsh-5.2# [111.274] [sysrq] task dump  switches=5407 current=tid:0
[111.275]   PID   TID name             ST onrq oncpu onwl cpu  last-sysc  nsysc      cputime_ms
[111.276]  4096   4096 ktimers          S  n  n    n     0  none                0         27 tgid=  4096 vtid=     0 ptid=     0 wake_dl_ns=111279767649
[111.278]  4097   4097 ksoftirqd        S  n  n    n     0  none                0          0 tgid=  4097 vtid=     0 ptid=     0
[111.279]  4098   4098 ksoftirqd        S  n  n    n     1  none                0          0 tgid=  4098 vtid=     0 ptid=     0
[111.280]  4099   4099 kworker          S  n  n    n     0  none                0          1 tgid=  4099 vtid=     0 ptid=     0
[111.282]  4100   4100 kworkermgr       S  n  n    n     0  none                0          0 tgid=  4100 vtid=     0 ptid=     0
[111.283]  4101   4101 kworker          S  n  n    n     1  none                0          0 tgid=  4101 vtid=     0 ptid=     0
[111.284]  4102   4102 kworkermgr       S  n  n    n     1  none                0          0 tgid=  4102 vtid=     0 ptid=     0
[111.285]  4103   4103 khelper          S  n  n    n     0  none                0          0 tgid=  4103 vtid=     0 ptid=     0
[111.287]  4104   4104 kswapd0          S  n  n    n     0  none                0          0 tgid=  4104 vtid=     0 ptid=     0
[111.288]  4105   4105 oom_reaper       S  n  n    n     0  none                0          0 tgid=  4105 vtid=     0 ptid=     0 wake_dl_ns=112522744362
[111.289]  4106   4106 netns_reaper     S  n  n    n     0  none                0          0 tgid=  4106 vtid=     0 ptid=     0
[111.290]  4107   4107 sock-rtnl-reap   S  n  n    n     0  none                0          0 tgid=  4107 vtid=     0 ptid=     0
[111.291]  4108   4108 fw_loader        S  n  n    n     0  none                0          0 tgid=  4108 vtid=     0 ptid=     0
[111.293]    25   4132 mount            Z  n  n    n     0  exit_group        688          7 tgid=  4132 vtid=    25 ptid=3235774466 exe=/usr/bin/mount
[111.294]    26   4133 mount            Z  n  n    n     1  exit_group        688          4 tgid=  4133 vtid=    26 ptid=3235774466 exe=/usr/bin/mount
[111.295]    27   4134 mount            Z  n  n    n     0  exit_group        690          7 tgid=  4134 vtid=    27 ptid=3235774466 exe=/usr/bin/mount
[111.296]    28   4135 mount            Z  n  n    n     1  exit_group        690          4 tgid=  4135 vtid=    28 ptid=3235774466 exe=/usr/bin/mount
[111.298]    29   4136 sh               S  n  n    n     0  pselect6          858          8 tgid=  4136 vtid=    29 ptid=3235774466 exe=/bin/sh
[111.299]    30   4137 modprobe         Z  n  n    n     0  exit_group        642          4 tgid=  4137 vtid=    30 ptid=3235774466 exe=/sbin/modprobe
[111.300]    31   4138 modprobe         Z  n  n    n     0  exit_group        642          5 tgid=  4138 vtid=    31 ptid=3235774466 exe=/sbin/modprobe
[111.301]    32   4139 modprobe         Z  n  n    n     0  exit_group        642          4 tgid=  4139 vtid=    32 ptid=3235774466 exe=/sbin/modprobe
[111.302]    33   4140 modprobe         Z  n  n    n     0  exit_group        643          3 tgid=  4140 vtid=    33 ptid=3235774466 exe=/sbin/modprobe
[111.303]    34   4141 modprobe         Z  n  n    n     0  exit_group        643          7 tgid=  4141 vtid=    34 ptid=3235774466 exe=/sbin/modprobe
[111.305]    35   4142 systemd-journal  S  n  n    n     1  epoll_wait       2734         28 tgid=  4142 vtid=    35 ptid=3235774466 wake_dl_ns=343224425000 exe=/usr/lib/systemd/systemd-journald
[111.306]    38   4145 systemd-modules  Z  n  n    n     0  exit_group        964         13 tgid=  4145 vtid=    38 ptid=3235774466 exe=/usr/lib/systemd/systemd-modules-load
[111.307]    39   4146 systemd-remount  Z  n  n    n     1  exit_group        759         10 tgid=  4146 vtid=    39 ptid=3235774466 exe=/usr/lib/systemd/systemd-remount-fs
[111.308]    40   4147 systemd          S  n  n    n     1  execve              3          0 tgid=  4147 vtid=    40 ptid=3235774466
[111.309]     1 3235774466 systemd          S  n  n    n     1  clone3          29511        210 tgid=3235774466 vtid=     1 ptid=     0
[114.274] [sysrq] task dump  switches=5469 current=tid:0
[114.276]   PID   TID name             ST onrq oncpu onwl cpu  last-sysc  nsysc      cputime_ms
[114.277]  4096   4096 ktimers          S  n  n    n     0  none                0         28 tgid=  4096 vtid=     0 ptid=     0 wake_dl_ns=114363339429
[114.278]  4097   4097 ksoftirqd        S  n  n    n     0  none                0          0 tgid=  4097 vtid=     0 ptid=     0
[114.280]  4098   4098 ksoftirqd        S  n  n    n     1  none                0          0 tgid=  4098 vtid=     0 ptid=     0
[114.281]  4099   4099 kworker          S  n  n    n     0  none                0          1 tgid=  4099 vtid=     0 ptid=     0
[114.282]  4100   4100 kworkermgr       S  n  n    n     0  none                0          0 tgid=  4100 vtid=     0 ptid=     0
[114.284]  4101   4101 kworker          S  n  n    n     1  none                0          0 tgid=  4101 vtid=     0 ptid=     0
[114.285]  4102   4102 kworkermgr       S  n  n    n     1  none                0          0 tgid=  4102 vtid=     0 ptid=     0
[114.286]  4103   4103 khelper          S  n  n    n     0  none                0          0 tgid=  4103 vtid=     0 ptid=     0
[114.288]  4104   4104 kswapd0          S  n  n    n     0  none                0          0 tgid=  4104 vtid=     0 ptid=     0
[114.289]  4105   4105 oom_reaper       S  n  n    n     0  none                0          0 tgid=  4105 vtid=     0 ptid=     0 wake_dl_ns=114522815243
[114.290]  4106   4106 netns_reaper     S  n  n    n     0  none                0          0 tgid=  4106 vtid=     0 ptid=     0
[114.292]  4107   4107 sock-rtnl-reap   S  n  n    n     0  none                0          0 tgid=  4107 vtid=     0 ptid=     0
[114.293]  4108   4108 fw_loader        S  n  n    n     0  none                0          0 tgid=  4108 vtid=     0 ptid=     0
[114.294]    25   4132 mount            Z  n  n    n     0  exit_group        688          7 tgid=  4132 vtid=    25 ptid=3235774466 exe=/usr/bin/mount
[114.295]    26   4133 mount            Z  n  n    n     1  exit_group        688          4 tgid=  4133 vtid=    26 ptid=3235774466 exe=/usr/bin/mount
[114.296]    27   4134 mount            Z  n  n    n     0  exit_group        690          7 tgid=  4134 vtid=    27 ptid=3235774466 exe=/usr/bin/mount
[114.298]    28   4135 mount            Z  n  n    n     1  exit_group        690          4 tgid=  4135 vtid=    28 ptid=3235774466 exe=/usr/bin/mount
[114.299]    29   4136 sh               S  n  n    n     0  pselect6          858          8 tgid=  4136 vtid=    29 ptid=3235774466 exe=/bin/sh
[114.300]    30   4137 modprobe         Z  n  n    n     0  exit_group        642          4 tgid=  4137 vtid=    30 ptid=3235774466 exe=/sbin/modprobe
[114.301]    31   4138 modprobe         Z  n  n    n     0  exit_group        642          5 tgid=  4138 vtid=    31 ptid=3235774466 exe=/sbin/modprobe
[114.303]    32   4139 modprobe         Z  n  n    n     0  exit_group        642          4 tgid=  4139 vtid=    32 ptid=3235774466 exe=/sbin/modprobe
[114.304]    33   4140 modprobe         Z  n  n    n     0  exit_group        643          3 tgid=  4140 vtid=    33 ptid=3235774466 exe=/sbin/modprobe
[114.305]    34   4141 modprobe         Z  n  n    n     0  exit_group        643          7 tgid=  4141 vtid=    34 ptid=3235774466 exe=/sbin/modprobe
[114.307]    35   4142 systemd-journal  S  n  n    n     1  epoll_wait       2734         28 tgid=  4142 vtid=    35 ptid=3235774466 wake_dl_ns=343224425000 exe=/usr/lib/systemd/systemd-journald
[114.308]    38   4145 systemd-modules  Z  n  n    n     0  exit_group        964         13 tgid=  4145 vtid=    38 ptid=3235774466 exe=/usr/lib/systemd/systemd-modules-load
[114.309]    39   4146 systemd-remount  Z  n  n    n     1  exit_group        759         10 tgid=  4146 vtid=    39 ptid=3235774466 exe=/usr/lib/systemd/systemd-remount-fs
[114.310]    40   4147 systemd          S  n  n    n     1  execve              3          0 tgid=  4147 vtid=    40 ptid=3235774466
[114.311]     1 3235774466 systemd          S  n  n    n     1  clone3          29511        210 tgid=3235774466 vtid=     1 ptid=     0
[116.275] [sysrq] per-cpu heartbeats:
[116.277]   CPU  age_ms  last-tid  last-syscall  nr_run  preempt_count  resched  ttwu_pending  wake_list
[116.278]   0    5     0  none  0  0x0000000000010000  0  0  0
[116.279]   1    2     65536  none  0  0x0000000000000000  0  0  0
[118.276] [sysrq] backtrace: poking all CPUs (NMI/FIQ)
[118.277] [NMI-BT] cpu=0000000000000000 rip=ffffffff80031e5f rsp=fffffb0000009d70 rflags=0000000000000056 cs=0000000000000028
[118.279] [NMI-BT] rbp=fffffb0000009d70 rbx=0000000000000000 r12=ffffffff80abf401 r13=0000000000000000 r14=ffffffff80a16788 r15=0000000000000002
[118.280] [NMI-BT] cpu=0000000000000001 rip=ffffffff8008f959 rsp=ffffffff8116cca8 rflags=0000000000000286 cs=0000000000000028
[118.281] [NMI-BT] rbp=ffffffff8116cca8 rbx=0000001b899d64ea r12=0000001b899d64ea r13=0000000000000000 r14=ffffffff80d16520 r15=00000000000000ff
[120.277] [sysrq] backtrace: poking all CPUs (NMI/FIQ)
[120.279] [NMI-BT] cpu=0000000000000000 rip=ffffffff80031e5f rsp=fffffb0000009d70 rflags=0000000000000056 cs=0000000000000028
[120.280] [NMI-BT] rbp=fffffb0000009d70 rbx=0000000000000000 r12=ffffffff80abf401 r13=0000000000000000 r14=ffffffff80a16788 r15=0000000000000002
[120.281] [NMI-BT] cpu=0000000000000001 rip=ffffffff8008f959 rsp=ffffffff8116cca8 rflags=0000000000000286 cs=0000000000000028
[120.283] [NMI-BT] rbp=ffffffff8116cca8 rbx=0000001c00d2f9c5 r12=0000001c00d2f9c5 r13=0000000000000000 r14=ffffffff80d16520 r15=00000000000000ff
[122.278] [sysrq] per-cpu heartbeats:
[122.280]   CPU  age_ms  last-tid  last-syscall  nr_run  preempt_count  resched  ttwu_pending  wake_list
[122.281]   0    8     0  none  0  0x0000000000010000  0  0  0
[122.282]   1    5     65536  none  0  0x0000000000000000  0  0  0
qemu-system-x86_64: terminating on signal 15 from pid 716549 (bash)
make: *** [Makefile:261: qemu-x86-existing] Terminated
