UEFI firmware (version  built at 01:01:27 on May  2 2026)
[2J[001;001H[=3h[2J[001;001H[2J[001;001H[8;042;160t[2J[001;001HBdsDxe: failed to load Boot0002 "UEFI Misc Device" from PciRoot(0x0)/Pci(0x1,0x0): Not Found
BdsDxe: failed to load Boot0003 "UEFI Misc Device 2" from PciRoot(0x0)/Pci(0x2,0x0): Not Found
BdsDxe: failed to load Boot0004 "UEFI QEMU NVMe Ctrl oxnvme 1" from PciRoot(0x0)/Pci(0xC,0x0)/NVMe(0x1,00-00-00-00-00-00-00-00): Not Found
BdsDxe: loading Boot0005 "UEFI Misc Device 3" from PciRoot(0x0)/Pci(0xE,0x0)
BdsDxe: starting Boot0005 "UEFI Misc Device 3" from PciRoot(0x0)/Pci(0xE,0x0)
  Booting `oxide (EFI-stub)'

A1BCDE[5.960] Kernel command line: BOOT_IMAGE=/boot/oxide-aarch64.Image root=/dev/vda rw earlycon printk.time=1 systemd.log_target=kmsg systemd.journald.forward_to_kmsg=1 sysctl.kernel.sysrq=1 console=ttyAMA0,115200 console=tty0 systemd.mask=firewalld.service systemd.mask=chronyd.service systemd.mask=ModemManager.service systemd.mask=plymouth-start.service systemd.mask=NetworkManager-wait-online.service systemd.mask=flatpak-add-fedora-repos.service systemd.debug_shell=ttyS0 systemd.mask=serial-getty@ttyS0.service oxide.b
[5.961] ootargs=grub
[46.202] [BOOT-DEV-NULL] type=8192 fs=devtmpfs
[46.517] systemd[1]: System time advanced to built-in epoch: Fri 2026-03-13 00:00:00 UTC
[46.598] systemd[1]: systemd 257.13-1.fc42 running in system mode (+PAM +AUDIT +SELINUX -APPARMOR +IMA +IPE +SMACK +SECCOMP -GCRYPT +GNUTLS +OPENSSL +ACL +BLKID +CURL +ELFUTILS +FIDO2 +IDN2 -IDN -IPTC +KMOD +LIBCRYPTSETUP +LIBCRYPTSETUP_PLUGINS +LIBFDISK +PCRE2 +PWQUALITY +P11KIT +QRENCODE +TPM2 +BZIP2 +LZ4 +XZ +ZLIB +ZSTD +BPF_FRAMEWORK +BTF +XKBCOMMON +UTMP +SYSVINIT +LIBARCHIVE)
[46.600] systemd[1]: Detected architecture arm64.
[46.702] systemd[1]: bpf-restrict-fs: BPF LSM hook not enabled in the kernel, BPF LSM not supported.
[48.875] systemd[1]: Queued start job for default target graphical.target.
[48.905] systemd[1]: Created slice system-getty.slice - Slice /system/getty.
[48.912] systemd[1]: Created slice system-modprobe.slice - Slice /system/modprobe.
[48.917] systemd[1]: Created slice system-sshd\x2dkeygen.slice - Slice /system/sshd-keygen.
[48.923] systemd[1]: Created slice system-systemd\x2dzram\x2dsetup.slice - Slice /system/systemd-zram-setup.
[48.928] systemd[1]: Created slice user.slice - User and Session Slice.
[48.932] systemd[1]: Started systemd-ask-password-console.path - Dispatch Password Requests to Console Directory Watch.
[48.935] systemd[1]: Started systemd-ask-password-wall.path - Forward Password Requests to Wall Directory Watch.
[48.943] systemd[1]: Set up automount proc-sys-fs-binfmt_misc.automount - Arbitrary Executable File Formats File System Automount Point.
[48.946] systemd[1]: Expecting device dev-zram0.device - /dev/zram0...
[48.948] systemd[1]: Reached target cryptsetup.target - Local Encrypted Volumes.
[48.950] systemd[1]: Reached target getty.target - Login Prompts.
[48.951] systemd[1]: Reached target integritysetup.target - Local Integrity Protected Volumes.
[48.953] systemd[1]: Reached target paths.target - Path Units.
[48.956] systemd[1]: Reached target remote-fs.target - Remote File Systems.
[48.961] systemd[1]: Reached target slices.target - Slice Units.
[48.963] systemd[1]: Reached target veritysetup.target - Local Verity Protected Volumes.
[48.979] systemd[1]: Listening on systemd-coredump.socket - Process Core Dump Socket.
[48.989] systemd[1]: Listening on systemd-creds.socket - Credential Encryption/Decryption.
[48.993] systemd[1]: Listening on systemd-initctl.socket - initctl Compatibility Named Pipe.
[48.999] systemd[1]: Listening on systemd-journald-audit.socket - Journal Audit Socket.
[49.028] systemd[1]: Listening on systemd-journald-dev-log.socket - Journal Socket (/dev/log).
[49.054] systemd[1]: Listening on systemd-journald.socket - Journal Sockets.
[49.081] systemd[1]: systemd-pcrextend.socket - TPM PCR Measurements skipped, unmet condition check ConditionSecurity=measured-uki
[49.093] systemd[1]: systemd-pcrlock.socket - Make TPM PCR Policy skipped, unmet condition check ConditionSecurity=measured-uki
[49.108] systemd[1]: Listening on systemd-udevd-control.socket - udev Control Socket.
[49.135] systemd[1]: Listening on systemd-udevd-kernel.socket - udev Kernel Socket.
[49.162] systemd[1]: Listening on systemd-userdbd.socket - User Database Manager Socket.
[49.221] systemd[1]: Mounting dev-hugepages.mount - Huge Pages File System...
[49.284] systemd[1]: Mounting dev-mqueue.mount - POSIX Message Queue File System...
[49.325] systemd[1]: sys-kernel-debug.mount: Directory /sys/kernel/debug to mount over is not empty, mounting anyway.
[49.356] systemd[1]: Mounting sys-kernel-debug.mount - Kernel Debug File System...
[49.391] systemd[1]: sys-kernel-tracing.mount: Directory /sys/kernel/tracing to mount over is not empty, mounting anyway.
[49.421] systemd[1]: Mounting sys-kernel-tracing.mount - Kernel Trace File System...
[49.481] systemd[1]: Started debug-shell.service - Early root shell on /dev/ttyS0 FOR DEBUGGING ONLY.
[!p]104[?7h[6n[32766;32766H[6n[49.524] systemd[1]: fips-crypto-policy-overlay.service - Bind-mount FIPS crypto-policy in FIPS mode skipped, unmet condition check ConditionKernelCommandLine=fips=1
[49.544] systemd[1]: kmod-static-nodes.service - Create List of Static Device Nodes skipped, unmet condition check ConditionFileNotEmpty=/lib/modules/6.19.0-oxide/modules.devname
[49.577] systemd[1]: Starting modprobe@configfs.service - Load Kernel Module configfs...
[49.632] systemd[1]: Starting modprobe@dm_mod.service - Load Kernel Module dm_mod...
[49.697] systemd[1]: Starting modprobe@drm.service - Load Kernel Module drm...
[49.761] systemd[1]: Starting modprobe@fuse.service - Load Kernel Module fuse...
[49.818] systemd[1]: Starting modprobe@loop.service - Load Kernel Module loop...
[!p]104[?7h[49.866] systemd[1]: systemd-hibernate-clear.service - Clear Stale Hibernate Storage Info skipped, unmet condition check ConditionPathExists=/sys/firmware/efi/efivars/HibernateLocation-8cf2644b-4b0b-428f-9387-6d876050dc67
[6n[32766;32766H[6n[49.917] systemd[1]: Starting systemd-journald.service - Journal Service...
[49.976] systemd[1]: Starting systemd-modules-load.service - Load Kernel Modules...
[50.026] systemd[1]: systemd-pcrmachine.service - TPM PCR Machine ID Measurement skipped, unmet condition check ConditionSecurity=measured-uki
[50.070] systemd[1]: Starting systemd-remount-fs.service - Remount Root and Kernel File Systems...
[50.129] systemd[1]: Starting systemd-tmpfiles-setup-dev-early.service - Create Static Device Nodes in /dev gracefully...
[50.174] systemd-modules-load[36]: Failed to find module 'i2c_dev'
[50.196] systemd[1]: systemd-tpm2-setup-early.service - Early TPM SRK Setup skipped, unmet condition check ConditionSecurity=measured-uki
[50.243] systemd[1]: Starting systemd-udev-load-credentials.service - Load udev Rules from Credentials...
[50.317] systemd[1]: Starting systemd-udev-trigger.service - Coldplug All udev Devices...
[?2004hsh-5.2# [50.462] systemd[1]: Mounted dev-mqueue.mount - POSIX Message Queue File System.
[50.518] systemd[1]: Mounted dev-hugepages.mount - Huge Pages File System.
[50.561] systemd[1]: Mounted sys-kernel-debug.mount - Kernel Debug File System.
[50.607] systemd[1]: Mounted sys-kernel-tracing.mount - Kernel Trace File System.
[50.655] systemd[1]: modprobe@configfs.service: Deactivated successfully.
[50.673] systemd[1]: Finished modprobe@configfs.service - Load Kernel Module configfs.
[50.713] systemd[1]: modprobe@dm_mod.service: Deactivated successfully.
[50.730] systemd[1]: Finished modprobe@dm_mod.service - Load Kernel Module dm_mod.
[50.763] systemd[1]: modprobe@drm.service: Deactivated successfully.
[50.778] systemd[1]: Finished modprobe@drm.service - Load Kernel Module drm.
[50.810] systemd[1]: modprobe@fuse.service: Deactivated successfully.
[50.826] systemd[1]: Finished modprobe@fuse.service - Load Kernel Module fuse.
[50.859] systemd[1]: modprobe@loop.service: Deactivated successfully.
[50.875] systemd[1]: Finished modprobe@loop.service - Load Kernel Module loop.
[50.904] systemd[1]: Finished systemd-modules-load.service - Load Kernel Modules.
[50.933] systemd[1]: Finished systemd-remount-fs.service - Remount Root and Kernel File Systems.
[50.961] systemd[1]: Finished systemd-udev-load-credentials.service - Load udev Rules from Credentials.
[50.990] systemd[1]: Finished systemd-udev-trigger.service - Coldplug All udev Devices.
[51.038] systemd[1]: sys-fs-fuse-connections.mount - FUSE Control File System skipped, unmet condition check ConditionPathExists=/sys/fs/fuse/connections
[51.059] systemd[1]: Mounting sys-kernel-config.mount - Kernel Configuration File System...
[51.106] systemd[1]: systemd-hwdb-update.service - Rebuild Hardware Database skipped, unmet condition check ConditionNeedsUpdate=/etc
[51.129] systemd[1]: Starting systemd-random-seed.service - Load/Save OS Random Seed...
[51.162] systemd[1]: systemd-repart.service - Repartition Root Disk skipped, no trigger condition checks were met.
[51.198] systemd[1]: Starting systemd-sysctl.service - Apply Kernel Variables...
[51.236] systemd[1]: systemd-tpm2-setup.service - TPM SRK Setup skipped, unmet condition check ConditionSecurity=measured-uki
[51.285] systemd[1]: Starting systemd-userdbd.service - User Database Manager...
[51.325] systemd[1]: Mounted sys-kernel-config.mount - Kernel Configuration File System.
[51.363] systemd[1]: Finished systemd-random-seed.service - Load/Save OS Random Seed.
[51.464] systemd[1]: Finished systemd-sysctl.service - Apply Kernel Variables.
[51.588] systemd[1]: Started systemd-userdbd.service - User Database Manager.
[51.883] systemd[1]: Finished systemd-tmpfiles-setup-dev-early.service - Create Static Device Nodes in /dev gracefully.
[51.911] systemd[1]: systemd-sysusers.service - Create System Users skipped, no trigger condition checks were met.
[51.934] systemd[1]: Starting systemd-tmpfiles-setup-dev.service - Create Static Device Nodes in /dev...
[52.303] systemd[1]: Finished systemd-tmpfiles-setup-dev.service - Create Static Device Nodes in /dev.
[52.331] systemd[1]: Reached target local-fs-pre.target - Preparation for Local File Systems.
[52.357] systemd[1]: Reached target local-fs.target - Local File Systems.
[52.391] systemd[1]: Listening on systemd-bootctl.socket - Boot Entries Service Socket.
[52.426] systemd[1]: Listening on systemd-sysext.socket - System Extension Image Management.
[52.463] systemd[1]: Starting plymouth-read-write.service - Tell Plymouth To Write Out Runtime Data...
[52.507] systemd[1]: Starting selinux-autorelabel-mark.service - Mark the need to relabel after reboot...
[52.544] systemd[1]: systemd-binfmt.service - Set Up Additional Binary Formats skipped, no trigger condition checks were met.
[52.559] systemd[1]: systemd-boot-random-seed.service - Update Boot Loader Random Seed skipped, no trigger condition checks were met.
[52.574] systemd[1]: systemd-confext.service - Merge System Configuration Images into /etc/ skipped, no trigger condition checks were met.
[52.587] systemd[1]: systemd-sysext.service - Merge System Extension Images into /usr/ and /opt/ skipped, no trigger condition checks were met.
[52.611] systemd[1]: Starting systemd-udevd.service - Rule-based Manager for Device Events and Files...
[52.652] systemd[1]: Finished plymouth-read-write.service - Tell Plymouth To Write Out Runtime Data.
[52.686] systemd[1]: Finished selinux-autorelabel-mark.service - Mark the need to relabel after reboot.
[52.775] systemd-udevd[57]: Using default interface naming scheme 'v257'.
[53.095] systemd[1]: Started systemd-udevd.service - Rule-based Manager for Device Events and Files.
[53.237] (udev-worker)[64]: sda: /usr/lib/udev/rules.d/60-block-scheduler.rules:5 Failed to write ATTR{/sys/devices/virtual/block/sda/queue/scheduler}="bfq", ignoring: No such file or directory
[53.383] systemd[1]: Found device dev-zram0.device - /dev/zram0.
[53.777] systemd[1]: Starting systemd-zram-setup@zram0.service - Create swap on /dev/zram0...
[53.894] (udev-worker)[63]: controlC0: /usr/lib/udev/rules.d/78-sound-card.rules:5 Failed to write ATTR{/sys/devices/virtual/sound/controlC0/../uevent}="change", ignoring: No such file or directory
[53.930] (udev-worker)[70]: controlC1: /usr/lib/udev/rules.d/78-sound-card.rules:5 Failed to write ATTR{/sys/devices/virtual/sound/controlC1/../uevent}="change", ignoring: No such file or directory
[54.259] systemd[1]: fips-crypto-policy-overlay.service - Bind-mount FIPS crypto-policy in FIPS mode skipped, unmet condition check ConditionKernelCommandLine=fips=1
[54.272] systemd[1]: kmod-static-nodes.service - Create List of Static Device Nodes skipped, unmet condition check ConditionFileNotEmpty=/lib/modules/6.19.0-oxide/modules.devname
[54.312] systemd[1]: Starting modprobe@dm_mod.service - Load Kernel Module dm_mod...
[54.392] systemd[1]: Starting modprobe@fuse.service - Load Kernel Module fuse...
[54.454] systemd[1]: Starting modprobe@loop.service - Load Kernel Module loop...
[54.496] systemd[1]: systemd-binfmt.service - Set Up Additional Binary Formats skipped, no trigger condition checks were met.
[54.515] systemd[1]: systemd-boot-random-seed.service - Update Boot Loader Random Seed skipped, no trigger condition checks were met.
[54.531] systemd[1]: systemd-confext.service - Merge System Configuration Images into /etc/ skipped, no trigger condition checks were met.
[54.562] systemd[1]: systemd-hibernate-clear.service - Clear Stale Hibernate Storage Info skipped, unmet condition check ConditionPathExists=/sys/firmware/efi/efivars/HibernateLocation-8cf2644b-4b0b-428f-9387-6d876050dc67
[54.579] systemd[1]: systemd-hwdb-update.service - Rebuild Hardware Database skipped, unmet condition check ConditionNeedsUpdate=/etc
[54.592] systemd[1]: systemd-pcrmachine.service - TPM PCR Machine ID Measurement skipped, unmet condition check ConditionSecurity=measured-uki
[54.609] systemd[1]: systemd-sysext.service - Merge System Extension Images into /usr/ and /opt/ skipped, no trigger condition checks were met.
[54.624] systemd[1]: systemd-sysusers.service - Create System Users skipped, no trigger condition checks were met.
[54.637] systemd[1]: systemd-tpm2-setup-early.service - Early TPM SRK Setup skipped, unmet condition check ConditionSecurity=measured-uki
[54.648] systemd[1]: systemd-tpm2-setup.service - TPM SRK Setup skipped, unmet condition check ConditionSecurity=measured-uki
[54.671] systemd[1]: Finished systemd-zram-setup@zram0.service - Create swap on /dev/zram0.
[54.703] systemd[1]: modprobe@dm_mod.service: Deactivated successfully.
[54.719] systemd[1]: Finished modprobe@dm_mod.service - Load Kernel Module dm_mod.
[54.751] systemd[1]: modprobe@fuse.service: Deactivated successfully.
[54.765] systemd[1]: Finished modprobe@fuse.service - Load Kernel Module fuse.
[54.797] systemd[1]: modprobe@loop.service: Deactivated successfully.
[54.811] systemd[1]: Finished modprobe@loop.service - Load Kernel Module loop.
[54.884] systemd[1]: Activating swap dev-zram0.swap - Compressed Swap on /dev/zram0...
[54.918] systemd[1]: sys-fs-fuse-connections.mount - FUSE Control File System skipped, unmet condition check ConditionPathExists=/sys/fs/fuse/connections
[54.930] systemd[1]: systemd-repart.service - Repartition Root Disk skipped, no trigger condition checks were met.
[55.048] systemd[1]: Activated swap dev-zram0.swap - Compressed Swap on /dev/zram0.
[55.075] systemd[1]: Reached target swap.target - Swaps.
[94.120] systemd[1]: systemd-journald.service: start operation timed out. Terminating.
[139.370] systemd[1]: systemd-journald.service: State 'final-sigterm' timed out. Aborting.
[184.620] systemd[1]: systemd-journald.service: State 'final-watchdog' timed out. Killing.
[201.438] [sysrq] this operation is disabled by kernel.sysrq
[204.439] [sysrq] this operation is disabled by kernel.sysrq
[206.440] [sysrq] this operation is disabled by kernel.sysrq
qemu-system-aarch64: terminating on signal 15 from pid 2980113 (bash)
make: *** [Makefile:264: qemu-arm-existing] Terminated
