UEFI firmware (version  built at 01:01:27 on May  2 2026)
[2J[001;001H[=3h[2J[001;001H[2J[001;001H[8;042;160t[2J[001;001HBdsDxe: failed to load Boot0002 "UEFI Misc Device" from PciRoot(0x0)/Pci(0x1,0x0): Not Found
BdsDxe: failed to load Boot0003 "UEFI Misc Device 2" from PciRoot(0x0)/Pci(0x2,0x0): Not Found
BdsDxe: failed to load Boot0004 "UEFI QEMU NVMe Ctrl oxnvme 1" from PciRoot(0x0)/Pci(0xC,0x0)/NVMe(0x1,00-00-00-00-00-00-00-00): Not Found
BdsDxe: loading Boot0005 "UEFI Misc Device 3" from PciRoot(0x0)/Pci(0xE,0x0)
BdsDxe: starting Boot0005 "UEFI Misc Device 3" from PciRoot(0x0)/Pci(0xE,0x0)
  Booting `oxide (EFI-stub)'

A1BCDE[6.241] Kernel command line: BOOT_IMAGE=/boot/oxide-aarch64.Image root=/dev/vda rw earlycon printk.time=1 systemd.log_target=kmsg systemd.journald.forward_to_kmsg=1 sysctl.kernel.sysrq=1 sysrq_always_enabled console=ttyAMA0,115200 console=tty0 systemd.mask=firewalld.service systemd.mask=chronyd.service systemd.mask=ModemManager.service systemd.mask=plymouth-start.service systemd.mask=NetworkManager-wait-online.service systemd.mask=flatpak-add-fedora-repos.service systemd.debug_shell=tty9 oxide.bootargs=grub
[6.268] [sysrq] always enabled by the boot line
[46.523] [BOOT-DEV-NULL] type=8192 fs=devtmpfs
[46.975] systemd[1]: System time advanced to built-in epoch: Fri 2026-03-13 00:00:00 UTC
[47.096] systemd[1]: systemd 257.13-1.fc42 running in system mode (+PAM +AUDIT +SELINUX -APPARMOR +IMA +IPE +SMACK +SECCOMP -GCRYPT +GNUTLS +OPENSSL +ACL +BLKID +CURL +ELFUTILS +FIDO2 +IDN2 -IDN -IPTC +KMOD +LIBCRYPTSETUP +LIBCRYPTSETUP_PLUGINS +LIBFDISK +PCRE2 +PWQUALITY +P11KIT +QRENCODE +TPM2 +BZIP2 +LZ4 +XZ +ZLIB +ZSTD +BPF_FRAMEWORK +BTF +XKBCOMMON +UTMP +SYSVINIT +LIBARCHIVE)
[47.098] systemd[1]: Detected architecture arm64.
[47.284] systemd[1]: bpf-restrict-fs: BPF LSM hook not enabled in the kernel, BPF LSM not supported.
[50.310] systemd[1]: Queued start job for default target graphical.target.
[50.353] systemd[1]: Created slice system-getty.slice - Slice /system/getty.
[50.363] systemd[1]: Created slice system-modprobe.slice - Slice /system/modprobe.
[50.371] systemd[1]: Created slice system-serial\x2dgetty.slice - Slice /system/serial-getty.
[50.378] systemd[1]: Created slice system-sshd\x2dkeygen.slice - Slice /system/sshd-keygen.
[50.385] systemd[1]: Created slice system-systemd\x2dzram\x2dsetup.slice - Slice /system/systemd-zram-setup.
[50.392] systemd[1]: Created slice user.slice - User and Session Slice.
[50.398] systemd[1]: Started systemd-ask-password-console.path - Dispatch Password Requests to Console Directory Watch.
[50.402] systemd[1]: Started systemd-ask-password-wall.path - Forward Password Requests to Wall Directory Watch.
[50.412] systemd[1]: Set up automount proc-sys-fs-binfmt_misc.automount - Arbitrary Executable File Formats File System Automount Point.
[50.416] systemd[1]: Expecting device dev-ttyS0.device - /dev/ttyS0...
[50.419] systemd[1]: Expecting device dev-zram0.device - /dev/zram0...
[50.422] systemd[1]: Reached target cryptsetup.target - Local Encrypted Volumes.
[50.425] systemd[1]: Reached target integritysetup.target - Local Integrity Protected Volumes.
[50.429] systemd[1]: Reached target paths.target - Path Units.
[50.432] systemd[1]: Reached target remote-fs.target - Remote File Systems.
[50.436] systemd[1]: Reached target slices.target - Slice Units.
[50.439] systemd[1]: Reached target veritysetup.target - Local Verity Protected Volumes.
[50.458] systemd[1]: Listening on systemd-coredump.socket - Process Core Dump Socket.
[50.470] systemd[1]: Listening on systemd-creds.socket - Credential Encryption/Decryption.
[50.476] systemd[1]: Listening on systemd-initctl.socket - initctl Compatibility Named Pipe.
[50.518] systemd[1]: Listening on systemd-journald-audit.socket - Journal Audit Socket.
[50.558] systemd[1]: Listening on systemd-journald-dev-log.socket - Journal Socket (/dev/log).
[50.587] systemd[1]: Listening on systemd-journald.socket - Journal Sockets.
[50.617] systemd[1]: systemd-pcrextend.socket - TPM PCR Measurements skipped, unmet condition check ConditionSecurity=measured-uki
[50.629] systemd[1]: systemd-pcrlock.socket - Make TPM PCR Policy skipped, unmet condition check ConditionSecurity=measured-uki
[50.646] systemd[1]: Listening on systemd-udevd-control.socket - udev Control Socket.
[50.681] systemd[1]: Listening on systemd-udevd-kernel.socket - udev Kernel Socket.
[50.715] systemd[1]: Listening on systemd-userdbd.socket - User Database Manager Socket.
[50.789] systemd[1]: Mounting dev-hugepages.mount - Huge Pages File System...
[50.850] systemd[1]: Mounting dev-mqueue.mount - POSIX Message Queue File System...
[50.899] systemd[1]: sys-kernel-debug.mount: Directory /sys/kernel/debug to mount over is not empty, mounting anyway.
[50.938] systemd[1]: Mounting sys-kernel-debug.mount - Kernel Debug File System...
[50.998] systemd[1]: sys-kernel-tracing.mount: Directory /sys/kernel/tracing to mount over is not empty, mounting anyway.
[51.062] systemd[1]: Mounting sys-kernel-tracing.mount - Kernel Trace File System...
[51.137] systemd[1]: Started debug-shell.service - Early root shell on /dev/tty9 FOR DEBUGGING ONLY.
[51.181] systemd[1]: fips-crypto-policy-overlay.service - Bind-mount FIPS crypto-policy in FIPS mode skipped, unmet condition check ConditionKernelCommandLine=fips=1
[51.214] systemd[1]: kmod-static-nodes.service - Create List of Static Device Nodes skipped, unmet condition check ConditionFileNotEmpty=/lib/modules/6.19.0-oxide/modules.devname
[51.270] systemd[1]: Starting modprobe@configfs.service - Load Kernel Module configfs...
[51.326] systemd[1]: Starting modprobe@dm_mod.service - Load Kernel Module dm_mod...
[51.386] systemd[1]: Starting modprobe@drm.service - Load Kernel Module drm...
[51.456] systemd[1]: Starting modprobe@fuse.service - Load Kernel Module fuse...
[51.543] systemd[1]: Starting modprobe@loop.service - Load Kernel Module loop...
[51.593] systemd[1]: systemd-hibernate-clear.service - Clear Stale Hibernate Storage Info skipped, unmet condition check ConditionPathExists=/sys/firmware/efi/efivars/HibernateLocation-8cf2644b-4b0b-428f-9387-6d876050dc67
[51.693] systemd[1]: Starting systemd-journald.service - Journal Service...
[51.751] systemd[1]: Starting systemd-modules-load.service - Load Kernel Modules...
[51.799] systemd[1]: systemd-pcrmachine.service - TPM PCR Machine ID Measurement skipped, unmet condition check ConditionSecurity=measured-uki
[51.841] systemd[1]: Starting systemd-remount-fs.service - Remount Root and Kernel File Systems...
[51.945] systemd[1]: Starting systemd-tmpfiles-setup-dev-early.service - Create Static Device Nodes in /dev gracefully...
[52.019] systemd[1]: systemd-tpm2-setup-early.service - Early TPM SRK Setup skipped, unmet condition check ConditionSecurity=measured-uki
[52.035] systemd-journald[35]: Collecting audit messages is enabled.
[52.067] systemd-modules-load[36]: Failed to find module 'i2c_dev'
[52.122] systemd[1]: Starting systemd-udev-load-credentials.service - Load udev Rules from Credentials...
[52.199] systemd[1]: Starting systemd-udev-trigger.service - Coldplug All udev Devices...
[52.420] systemd[1]: Started systemd-journald.service - Journal Service.
[52.476] systemd[1]: Mounted dev-mqueue.mount - POSIX Message Queue File System.
[52.507] systemd[1]: Mounted dev-hugepages.mount - Huge Pages File System.
[52.540] systemd[1]: Mounted sys-kernel-debug.mount - Kernel Debug File System.
[52.572] systemd[1]: Mounted sys-kernel-tracing.mount - Kernel Trace File System.
[52.612] systemd[1]: modprobe@dm_mod.service: Deactivated successfully.
[52.634] systemd[1]: Finished modprobe@dm_mod.service - Load Kernel Module dm_mod.
[52.676] systemd[1]: modprobe@configfs.service: Deactivated successfully.
[52.696] systemd[1]: Finished modprobe@configfs.service - Load Kernel Module configfs.
[52.736] systemd[1]: modprobe@drm.service: Deactivated successfully.
[52.754] systemd[1]: Finished modprobe@drm.service - Load Kernel Module drm.
[52.793] systemd[1]: modprobe@fuse.service: Deactivated successfully.
[52.812] systemd[1]: Finished modprobe@fuse.service - Load Kernel Module fuse.
[52.851] systemd[1]: modprobe@loop.service: Deactivated successfully.
[52.867] systemd[1]: Finished modprobe@loop.service - Load Kernel Module loop.
[52.902] systemd[1]: Finished systemd-remount-fs.service - Remount Root and Kernel File Systems.
[52.944] systemd[1]: Finished systemd-modules-load.service - Load Kernel Modules.
[52.978] systemd[1]: Finished systemd-udev-load-credentials.service - Load udev Rules from Credentials.
[53.015] systemd[1]: Finished systemd-udev-trigger.service - Coldplug All udev Devices.
[53.296] systemd[1]: sys-fs-fuse-connections.mount - FUSE Control File System skipped, unmet condition check ConditionPathExists=/sys/fs/fuse/connections
[53.326] systemd[1]: Mounting sys-kernel-config.mount - Kernel Configuration File System...
[53.385] systemd[1]: systemd-hwdb-update.service - Rebuild Hardware Database skipped, unmet condition check ConditionNeedsUpdate=/etc
[53.425] systemd[1]: Starting systemd-journal-flush.service - Flush Journal to Persistent Storage...
[53.496] systemd[1]: Starting systemd-random-seed.service - Load/Save OS Random Seed...
[53.555] systemd[1]: systemd-repart.service - Repartition Root Disk skipped, no trigger condition checks were met.
[53.573] systemd-journald[35]: Received client request to flush runtime journal.
[53.602] systemd[1]: Starting systemd-sysctl.service - Apply Kernel Variables...
[53.648] systemd[1]: systemd-tpm2-setup.service - TPM SRK Setup skipped, unmet condition check ConditionSecurity=measured-uki
[53.693] systemd[1]: Starting systemd-userdbd.service - User Database Manager...
[53.742] systemd[1]: Mounted sys-kernel-config.mount - Kernel Configuration File System.
[54.344] systemd[1]: Finished systemd-random-seed.service - Load/Save OS Random Seed.
[54.421] systemd[1]: Finished systemd-sysctl.service - Apply Kernel Variables.
[54.487] systemd[1]: Finished systemd-journal-flush.service - Flush Journal to Persistent Storage.
[54.656] systemd[1]: Started systemd-userdbd.service - User Database Manager.
[55.015] systemd[1]: Finished systemd-tmpfiles-setup-dev-early.service - Create Static Device Nodes in /dev gracefully.
[55.063] systemd[1]: systemd-sysusers.service - Create System Users skipped, no trigger condition checks were met.
[55.091] systemd[1]: Starting systemd-tmpfiles-setup-dev.service - Create Static Device Nodes in /dev...
[55.591] systemd[1]: Finished systemd-tmpfiles-setup-dev.service - Create Static Device Nodes in /dev.
[55.643] systemd[1]: Reached target local-fs-pre.target - Preparation for Local File Systems.
[55.672] systemd[1]: Reached target local-fs.target - Local File Systems.
[55.711] systemd[1]: Listening on systemd-bootctl.socket - Boot Entries Service Socket.
[55.752] systemd[1]: Listening on systemd-sysext.socket - System Extension Image Management.
[55.793] systemd[1]: Starting plymouth-read-write.service - Tell Plymouth To Write Out Runtime Data...
[55.853] systemd[1]: Starting selinux-autorelabel-mark.service - Mark the need to relabel after reboot...
[55.901] systemd[1]: systemd-binfmt.service - Set Up Additional Binary Formats skipped, no trigger condition checks were met.
[55.918] systemd[1]: systemd-boot-random-seed.service - Update Boot Loader Random Seed skipped, no trigger condition checks were met.
[55.931] systemd[1]: systemd-confext.service - Merge System Configuration Images into /etc/ skipped, no trigger condition checks were met.
[55.944] systemd[1]: systemd-sysext.service - Merge System Extension Images into /usr/ and /opt/ skipped, no trigger condition checks were met.
[56.000] systemd[1]: Starting systemd-tmpfiles-setup.service - Create System Files and Directories...
[56.106] systemd[1]: Starting systemd-udevd.service - Rule-based Manager for Device Events and Files...
[56.227] systemd[1]: Finished plymouth-read-write.service - Tell Plymouth To Write Out Runtime Data.
[56.287] systemd[1]: Finished selinux-autorelabel-mark.service - Mark the need to relabel after reboot.
[56.537] systemd-udevd[80]: Using default interface naming scheme 'v257'.
[57.214] systemd[1]: Started systemd-udevd.service - Rule-based Manager for Device Events and Files.
[57.425] (udev-worker)[90]: sda: /usr/lib/udev/rules.d/60-block-scheduler.rules:5 Failed to write ATTR{/sys/devices/virtual/block/sda/queue/scheduler}="bfq", ignoring: No such file or directory
[57.653] systemd[1]: Found device dev-zram0.device - /dev/zram0.
[57.880] systemd[1]: Found device dev-ttyS0.device - /dev/ttyS0.
[58.198] (udev-worker)[98]: controlC0: /usr/lib/udev/rules.d/78-sound-card.rules:5 Failed to write ATTR{/sys/devices/virtual/sound/controlC0/../uevent}="change", ignoring: No such file or directory
[58.328] (udev-worker)[87]: controlC1: /usr/lib/udev/rules.d/78-sound-card.rules:5 Failed to write ATTR{/sys/devices/virtual/sound/controlC1/../uevent}="change", ignoring: No such file or directory
[58.792] systemd[1]: Starting systemd-zram-setup@zram0.service - Create swap on /dev/zram0...
[58.853] systemd-tmpfiles[79]: ACL operation on "/var/log/journal" failed: Invalid argument
[63.922] systemd[1]: Finished systemd-zram-setup@zram0.service - Create swap on /dev/zram0.
[64.069] systemd[1]: Activating swap dev-zram0.swap - Compressed Swap on /dev/zram0...
[69.237] systemd[1]: Finished systemd-tmpfiles-setup.service - Create System Files and Directories.
[69.295] systemd[1]: Starting auditd.service - Security Audit Logging Service...
[69.335] systemd[1]: ldconfig.service - Rebuild Dynamic Linker Cache skipped, no trigger condition checks were met.
[69.356] systemd[1]: systemd-firstboot.service - First Boot Wizard skipped, unmet condition check ConditionFirstBoot=yes
[69.375] systemd[1]: first-boot-complete.target - First Boot Complete skipped, unmet condition check ConditionFirstBoot=yes
[69.396] systemd[1]: systemd-journal-catalog-update.service - Rebuild Journal Catalog skipped, unmet condition check ConditionNeedsUpdate=/var
[69.416] systemd[1]: systemd-machine-id-commit.service - Save Transient machine-id to Disk skipped, unmet condition check ConditionPathIsMountPoint=/etc/machine-id
[79.043] (udev-worker)[87]: controlC1: Failed to apply ACL: Operation not supported
[79.058] (udev-worker)[98]: controlC0: Failed to apply ACL: Operation not supported
[79.063] systemd[1]: Starting systemd-resolved.service - Network Name Resolution...
[79.110] systemd[1]: systemd-update-done.service - Update is Completed skipped, no trigger condition checks were met.
[79.253] auditd[119]: No plugins found, not dispatching events
[79.305] systemd[1]: Activated swap dev-zram0.swap - Compressed Swap on /dev/zram0.
[79.343] systemd[1]: Started auditd.service - Security Audit Logging Service.
[79.463] systemd[1]: Reached target swap.target - Swaps.
[79.528] systemd[1]: Starting audit-rules.service - Load Audit Rules...
[79.574] systemd[1]: fips-crypto-policy-overlay.service - Bind-mount FIPS crypto-policy in FIPS mode skipped, unmet condition check ConditionKernelCommandLine=fips=1
[79.604] systemd[1]: kmod-static-nodes.service - Create List of Static Device Nodes skipped, unmet condition check ConditionFileNotEmpty=/lib/modules/6.19.0-oxide/modules.devname
[79.660] systemd[1]: Starting modprobe@dm_mod.service - Load Kernel Module dm_mod...
[79.736] systemd[1]: Starting modprobe@fuse.service - Load Kernel Module fuse...
[79.861] systemd[1]: Starting modprobe@loop.service - Load Kernel Module loop...
[79.936] systemd[1]: systemd-binfmt.service - Set Up Additional Binary Formats skipped, no trigger condition checks were met.
[79.974] systemd[1]: systemd-boot-random-seed.service - Update Boot Loader Random Seed skipped, no trigger condition checks were met.
[80.016] systemd[1]: systemd-confext.service - Merge System Configuration Images into /etc/ skipped, no trigger condition checks were met.
[80.045] systemd[1]: ldconfig.service - Rebuild Dynamic Linker Cache skipped, no trigger condition checks were met.
[80.076] systemd[1]: systemd-hibernate-clear.service - Clear Stale Hibernate Storage Info skipped, unmet condition check ConditionPathExists=/sys/firmware/efi/efivars/HibernateLocation-8cf2644b-4b0b-428f-9387-6d876050dc67
[80.166] systemd[1]: systemd-hwdb-update.service - Rebuild Hardware Database skipped, unmet condition check ConditionNeedsUpdate=/etc
[80.217] systemd[1]: systemd-journal-catalog-update.service - Rebuild Journal Catalog skipped, unmet condition check ConditionNeedsUpdate=/var
[80.234] systemd[1]: systemd-pcrmachine.service - TPM PCR Machine ID Measurement skipped, unmet condition check ConditionSecurity=measured-uki
[80.255] systemd[1]: systemd-sysext.service - Merge System Extension Images into /usr/ and /opt/ skipped, no trigger condition checks were met.
[80.315] systemd[1]: systemd-sysusers.service - Create System Users skipped, no trigger condition checks were met.
[80.374] systemd[1]: systemd-firstboot.service - First Boot Wizard skipped, unmet condition check ConditionFirstBoot=yes
[80.396] systemd[1]: first-boot-complete.target - First Boot Complete skipped, unmet condition check ConditionFirstBoot=yes
[80.425] systemd[1]: systemd-machine-id-commit.service - Save Transient machine-id to Disk skipped, unmet condition check ConditionPathIsMountPoint=/etc/machine-id
[80.452] systemd[1]: systemd-tpm2-setup-early.service - Early TPM SRK Setup skipped, unmet condition check ConditionSecurity=measured-uki
[80.484] systemd[1]: systemd-tpm2-setup.service - TPM SRK Setup skipped, unmet condition check ConditionSecurity=measured-uki
[80.502] systemd[1]: systemd-update-done.service - Update is Completed skipped, no trigger condition checks were met.
[80.560] systemd[1]: Starting systemd-update-utmp.service - Record System Boot/Shutdown in UTMP...
[80.693] systemd[1]: modprobe@dm_mod.service: Deactivated successfully.
[80.730] systemd[1]: Finished modprobe@dm_mod.service - Load Kernel Module dm_mod.
[80.869] systemd[1]: modprobe@fuse.service: Deactivated successfully.
[80.892] systemd[1]: Finished modprobe@fuse.service - Load Kernel Module fuse.
[80.963] systemd[1]: modprobe@loop.service: Deactivated successfully.
[80.994] systemd[1]: Finished modprobe@loop.service - Load Kernel Module loop.
[81.045] systemd[1]: audit-rules.service: Deactivated successfully.
[81.077] systemd[1]: Finished audit-rules.service - Load Audit Rules.
[81.123] systemd[1]: Started systemd-resolved.service - Network Name Resolution.
[81.269] systemd[1]: Reached target nss-lookup.target - Host and Network Name Lookups.
[81.302] systemd[1]: sys-fs-fuse-connections.mount - FUSE Control File System skipped, unmet condition check ConditionPathExists=/sys/fs/fuse/connections
[81.320] systemd[1]: systemd-repart.service - Repartition Root Disk skipped, no trigger condition checks were met.
[81.359] systemd[1]: Finished systemd-update-utmp.service - Record System Boot/Shutdown in UTMP.
[81.412] systemd[1]: Reached target sysinit.target - System Initialization.
[81.445] systemd[1]: Started dnf-makecache.timer - dnf5 makecache.
[81.481] systemd[1]: Started fstrim.timer - Discard unused filesystem blocks once a week.
[81.517] systemd[1]: Started raid-check.timer - Weekly RAID setup health check.
[81.548] systemd[1]: Started sysstat-collect.timer - Run system activity accounting tool every 10 minutes.
[81.580] systemd[1]: Started sysstat-rotate.timer - Rotate daily system activity data file at midnight.
[81.611] systemd[1]: Started sysstat-summary.timer - Generate summary of yesterday's process accounting.
[81.642] systemd[1]: Started systemd-tmpfiles-clean.timer - Daily Cleanup of Temporary Directories.
[81.672] systemd[1]: Reached target timers.target - Timer Units.
[81.704] systemd[1]: Listening on dbus.socket - D-Bus System Message Bus Socket.
[81.750] systemd[1]: Listening on sshd-unix-local.socket - OpenSSH Server Socket (systemd-ssh-generator, AF_UNIX Local).
[81.782] systemd[1]: Listening on sssd-kcm.socket - SSSD Kerberos Cache Manager responder socket.
[81.814] systemd[1]: Listening on systemd-hostnamed.socket - Hostname Service Socket.
[81.844] systemd[1]: Reached target sockets.target - Socket Units.
[81.893] systemd[1]: Starting dbus-broker.service - D-Bus System Message Bus...
[81.933] systemd[1]: rpmdb-rebuild.service - RPM database rebuild skipped, unmet condition check ConditionPathExists=/usr/lib/sysimage/rpm/.rebuilddb
[81.952] systemd[1]: systemd-pcrphase-sysinit.service - TPM PCR Barrier (Initialization) skipped, unmet condition check ConditionSecurity=measured-uki
[82.165] systemd[1]: Started dbus-broker.service - D-Bus System Message Bus.
[82.240] systemd[1]: Reached target basic.target - Basic System.
[82.295] systemd[1]: Starting NetworkManager.service - Network Manager...
[82.415] systemd[1]: Starting dracut-shutdown.service - Restore /run/initramfs on shutdown...
[82.510] systemd[1]: mdmonitor.service - Software RAID monitoring and management skipped, unmet condition check ConditionPathExists=/etc/mdadm.conf
[82.571] systemd[1]: Starting rtkit-daemon.service - RealtimeKit Scheduling Policy Service...
[82.695] systemd[1]: Starting ssh-host-keys-migration.service - Update OpenSSH host key permissions...
[82.813] systemd[1]: Starting sshd-keygen@ecdsa.service - OpenSSH ecdsa Server Key Generation...
[82.975] systemd[1]: Starting sshd-keygen@ed25519.service - OpenSSH ed25519 Server Key Generation...
[83.123] systemd[1]: Starting sshd-keygen@rsa.service - OpenSSH rsa Server Key Generation...
[83.235] systemd[1]: sssd.service - System Security Services Daemon skipped, no trigger condition checks were met.
[83.281] systemd[1]: Reached target nss-user-lookup.target - User and Group Name Lookups.
[83.451] systemd[1]: Starting accounts-daemon.service - Accounts Service...
[83.691] systemd[1]: Starting switcheroo-control.service - Switcheroo Control Proxy service...
[83.936] systemd[1]: Starting sysstat.service - Resets System Activity Logs...
[84.319] systemd[1]: Starting systemd-logind.service - User Login Management...
[84.459] systemd[1]: systemd-pcrphase.service - TPM PCR Barrier (User) skipped, unmet condition check ConditionSecurity=measured-uki
[84.648] systemd[1]: Starting udisks2.service - Disk Manager...
[84.866] systemd[1]: Starting upower.service - Daemon for power management...
[85.720] systemd[1]: Finished dracut-shutdown.service - Restore /run/initramfs on shutdown.
[85.892] systemd[1]: sshd-keygen@ecdsa.service: Deactivated successfully.
[85.934] systemd[1]: Finished sshd-keygen@ecdsa.service - OpenSSH ecdsa Server Key Generation.
[86.205] systemd[1]: sshd-keygen@ed25519.service: Deactivated successfully.
[86.323] systemd[1]: Finished sshd-keygen@ed25519.service - OpenSSH ed25519 Server Key Generation.
[86.450] systemd[1]: Finished sysstat.service - Resets System Activity Logs.
[86.523] systemd[1]: Finished ssh-host-keys-migration.service - Update OpenSSH host key permissions.
[86.809] systemd[1]: Started systemd-logind.service - User Login Management.
[86.943] systemd[1]: Started rtkit-daemon.service - RealtimeKit Scheduling Policy Service.
[86.993] systemd[1]: Started switcheroo-control.service - Switcheroo Control Proxy service.
[87.181] systemd[1]: alsa-restore.service - Save/Restore Sound Card State skipped, unmet condition check ConditionPathExists=!/etc/alsa/state-daemon.conf
[87.232] systemd[1]: Started alsa-state.service - Manage Sound Card State (restore and store).
[87.332] systemd[1]: Reached target sound.target - Sound Card.
[87.443] systemd[1]: Starting polkit.service - Authorization Manager...
[87.525] alsactl[214]: /usr/sbin/alsactl: load_state:1745: Cannot open /var/lib/alsa/asound.state for reading: No such file or directory
[87.572] alsactl[214]: alsa-lib main.c:1804:(snd_use_case_mgr_open) [error.ucm] failed to import hw:0 use case configuration -2
[87.630] systemd[1]: Starting systemd-hostnamed.service - Hostname Service...
[88.208] systemd[1]: Started systemd-hostnamed.service - Hostname Service.
[93.618] systemd[1]: sshd-keygen@rsa.service: Deactivated successfully.
[93.635] systemd[1]: Finished sshd-keygen@rsa.service - OpenSSH rsa Server Key Generation.
[93.679] systemd[1]: Reached target sshd-keygen.target.
[103.399] NetworkManager[150]: <warn>  [1773360056.4329] platform-linux: do-add-ip6-address[2: fe80::8e79:23e6:f7f:eb43]: failure 97 (Address family not supported by protocol)
[103.420] NetworkManager[150]: <warn>  [1773360056.4507] l3cfg[9d262bd920c36cfa,ifindex=2]: unable to configure IPv6 route: type unicast fe80::/64 dev 2 metric 1024 mss 0 rt-src ipv6ll
[103.553] NetworkManager[150]: <warn>  [1773360056.5862] platform-linux: do-add-ip6-address[2: fe80::8e79:23e6:f7f:eb43]: failure 97 (Address family not supported by protocol)
[103.599] NetworkManager[150]: <warn>  [1773360056.6281] platform-linux: do-add-ip6-address[2: fe80::8e79:23e6:f7f:eb43]: failure 97 (Address family not supported by protocol)
[105.406] NetworkManager[150]: <warn>  [1773360058.4324] platform-linux: do-add-ip6-address[2: fe80::8d95:e837:bc72:baff]: failure 97 (Address family not supported by protocol)
[107.404] NetworkManager[150]: <warn>  [1773360060.4342] platform-linux: do-add-ip6-address[2: fe80::4d95:52ce:901a:e8a7]: failure 97 (Address family not supported by protocol)
[107.740] systemd[1]: Started polkit.service - Authorization Manager.
[107.861] systemd[1]: Started NetworkManager.service - Network Manager.
[107.968] systemd[1]: Started accounts-daemon.service - Accounts Service.
[108.096] systemd[1]: Reached target network.target - Network.
[108.149] systemd[1]: Reached target network-online.target - Network is Online.
[108.266] systemd[1]: Starting NetworkManager-dispatcher.service - Network Manager Script Dispatcher Service...
[108.378] systemd[1]: Starting sshd.service - OpenSSH server daemon...
[108.507] systemd[1]: Starting systemd-user-sessions.service - Permit User Sessions...
[108.861] systemd[1]: Started NetworkManager-dispatcher.service - Network Manager Script Dispatcher Service.
[109.054] systemd[1]: Finished systemd-user-sessions.service - Permit User Sessions.
[109.131] systemd[1]: Started sshd.service - OpenSSH server daemon.
[109.151] udisksd[181]: Error getting 'loop1' information: Failed to get status of the device loop1: Inappropriate ioctl for device (g-bd-loop-error-quark, 1)
[109.188] udisksd[181]: Error getting 'loop2' information: Failed to get status of the device loop2: Inappropriate ioctl for device (g-bd-loop-error-quark, 1)
[109.195] udisksd[181]: Error getting 'loop3' information: Failed to get status of the device loop3: Inappropriate ioctl for device (g-bd-loop-error-quark, 1)
[109.235] udisksd[181]: Error getting 'loop4' information: Failed to get status of the device loop4: Inappropriate ioctl for device (g-bd-loop-error-quark, 1)
[109.270] udisksd[181]: Error getting 'loop5' information: Failed to get status of the device loop5: Inappropriate ioctl for device (g-bd-loop-error-quark, 1)
[109.350] udisksd[181]: Error getting 'loop6' information: Failed to get status of the device loop6: Inappropriate ioctl for device (g-bd-loop-error-quark, 1)
[109.378] udisksd[181]: Error getting 'loop7' information: Failed to get status of the device loop7: Inappropriate ioctl for device (g-bd-loop-error-quark, 1)
[109.400] NetworkManager[150]: <warn>  [1773360062.4337] platform-linux: do-add-ip6-address[2: fe80::9f83:258f:5a14:9630]: failure 97 (Address family not supported by protocol)
[109.468] systemd[1]: Starting gdm.service - GNOME Display Manager...
[109.654] systemd[1]: Starting plymouth-quit-wait.service - Hold until boot process finishes up...
[109.771] udisksd[181]: Error getting 'loop1' information: Failed to get status of the device loop1: Inappropriate ioctl for device (g-bd-loop-error-quark, 1)
[109.825] udisksd[181]: Error getting 'loop2' information: Failed to get status of the device loop2: Inappropriate ioctl for device (g-bd-loop-error-quark, 1)
[109.899] udisksd[181]: Error getting 'loop3' information: Failed to get status of the device loop3: Inappropriate ioctl for device (g-bd-loop-error-quark, 1)
[109.935] udisksd[181]: Error getting 'loop4' information: Failed to get status of the device loop4: Inappropriate ioctl for device (g-bd-loop-error-quark, 1)
[109.965] udisksd[181]: Error getting 'loop5' information: Failed to get status of the device loop5: Inappropriate ioctl for device (g-bd-loop-error-quark, 1)
[110.054] udisksd[181]: Error getting 'loop6' information: Failed to get status of the device loop6: Inappropriate ioctl for device (g-bd-loop-error-quark, 1)
[110.095] udisksd[181]: Error getting 'loop7' information: Failed to get status of the device loop7: Inappropriate ioctl for device (g-bd-loop-error-quark, 1)
[110.213] systemd[1]: Finished plymouth-quit-wait.service - Hold until boot process finishes up.
[110.340] systemd[1]: Started udisks2.service - Disk Manager.
[110.452] systemd[1]: Started serial-getty@ttyS0.service - Serial Getty on ttyS0.
[110.531] systemd[1]: Reached target getty.target - Login Prompts.
[110.601] systemd[1]: Reached target multi-user.target - Multi-User System.
[110.697] systemd[1]: Starting power-profiles-daemon.service - Power Profiles daemon...
[110.785] systemd[1]: Started gdm.service - GNOME Display Manager.
[110.846] systemd[1]: Started upower.service - Daemon for power management.
[111.351] systemd[1]: Started power-profiles-daemon.service - Power Profiles daemon.
[111.391] systemd[1]: Reached target graphical.target - Graphical Interface.
[111.422] NetworkManager[150]: <warn>  [1773360064.4487] platform-linux: do-add-ip6-address[2: fe80::4ad7:cfb:c988:5dfd]: failure 97 (Address family not supported by protocol)
[111.467] systemd[1]: Starting systemd-update-utmp-runlevel.service - Record Runlevel Change in UTMP...
[111.639] systemd[1]: systemd-update-utmp-runlevel.service: Deactivated successfully.
[111.659] systemd[1]: Finished systemd-update-utmp-runlevel.service - Record Runlevel Change in UTMP.
[111.694] systemd[1]: Startup finished in 46.838s (kernel) + 1min 4.854s (userspace) = 1min 51.693s.
[!p]104[?7h[6n[32766;32766H[6n[!p]104[?7h[6n[32766;32766H[6n[112.500] agetty[264]: failed to open credentials directory
[113.421] NetworkManager[150]: <warn>  [1773360066.4515] platform-linux: do-add-ip6-address[2: fe80::3639:a701:d6b7:3f84]: failure 97 (Address family not supported by protocol)

Fedora Linux 42 (Adams)
Kernel 6.19.0-oxide on aarch64 (ttyS0)

oxide login: qemu-system-aarch64: terminating on signal 15 from pid 3747734 (bash)
make: *** [Makefile:264: qemu-arm-existing] Terminated
