UEFI firmware (version  built at 01:01:27 on May  2 2026)
[2J[001;001H[=3h[2J[001;001H[2J[001;001H[8;042;160t[2J[001;001HBdsDxe: failed to load Boot0002 "UEFI Misc Device" from PciRoot(0x0)/Pci(0x1,0x0): Not Found
BdsDxe: failed to load Boot0003 "UEFI Misc Device 2" from PciRoot(0x0)/Pci(0x2,0x0): Not Found
BdsDxe: failed to load Boot0004 "UEFI QEMU NVMe Ctrl oxnvme 1" from PciRoot(0x0)/Pci(0xC,0x0)/NVMe(0x1,00-00-00-00-00-00-00-00): Not Found
BdsDxe: loading Boot0005 "UEFI Misc Device 3" from PciRoot(0x0)/Pci(0xE,0x0)
BdsDxe: starting Boot0005 "UEFI Misc Device 3" from PciRoot(0x0)/Pci(0xE,0x0)
  Booting `oxide (EFI-stub)'

A1BCDE[6.020] Kernel command line: BOOT_IMAGE=/boot/oxide-aarch64.Image root=/dev/vda rw earlycon printk.time=1 systemd.log_target=kmsg systemd.journald.forward_to_kmsg=1 sysctl.kernel.sysrq=1 console=ttyAMA0,115200 console=tty0 systemd.mask=firewalld.service systemd.mask=chronyd.service systemd.mask=ModemManager.service systemd.mask=plymouth-start.service systemd.mask=NetworkManager-wait-online.service systemd.mask=flatpak-add-fedora-repos.service systemd.debug_shell=ttyS0 systemd.mask=serial-getty@ttyS0.service oxide.b
[6.022] ootargs=grub
[46.283] [BOOT-DEV-NULL] type=8192 fs=devtmpfs
[46.609] systemd[1]: System time advanced to built-in epoch: Fri 2026-03-13 00:00:00 UTC
[46.698] systemd[1]: systemd 257.13-1.fc42 running in system mode (+PAM +AUDIT +SELINUX -APPARMOR +IMA +IPE +SMACK +SECCOMP -GCRYPT +GNUTLS +OPENSSL +ACL +BLKID +CURL +ELFUTILS +FIDO2 +IDN2 -IDN -IPTC +KMOD +LIBCRYPTSETUP +LIBCRYPTSETUP_PLUGINS +LIBFDISK +PCRE2 +PWQUALITY +P11KIT +QRENCODE +TPM2 +BZIP2 +LZ4 +XZ +ZLIB +ZSTD +BPF_FRAMEWORK +BTF +XKBCOMMON +UTMP +SYSVINIT +LIBARCHIVE)
[46.700] systemd[1]: Detected architecture arm64.
[46.805] systemd[1]: bpf-restrict-fs: BPF LSM hook not enabled in the kernel, BPF LSM not supported.
[49.084] systemd[1]: Queued start job for default target graphical.target.
[49.114] systemd[1]: Created slice system-getty.slice - Slice /system/getty.
[49.122] systemd[1]: Created slice system-modprobe.slice - Slice /system/modprobe.
[49.127] systemd[1]: Created slice system-sshd\x2dkeygen.slice - Slice /system/sshd-keygen.
[49.133] systemd[1]: Created slice system-systemd\x2dzram\x2dsetup.slice - Slice /system/systemd-zram-setup.
[49.138] systemd[1]: Created slice user.slice - User and Session Slice.
[49.142] systemd[1]: Started systemd-ask-password-console.path - Dispatch Password Requests to Console Directory Watch.
[49.146] systemd[1]: Started systemd-ask-password-wall.path - Forward Password Requests to Wall Directory Watch.
[49.153] systemd[1]: Set up automount proc-sys-fs-binfmt_misc.automount - Arbitrary Executable File Formats File System Automount Point.
[49.157] systemd[1]: Expecting device dev-zram0.device - /dev/zram0...
[49.159] systemd[1]: Reached target cryptsetup.target - Local Encrypted Volumes.
[49.162] systemd[1]: Reached target getty.target - Login Prompts.
[49.165] systemd[1]: Reached target integritysetup.target - Local Integrity Protected Volumes.
[49.167] systemd[1]: Reached target paths.target - Path Units.
[49.170] systemd[1]: Reached target remote-fs.target - Remote File Systems.
[49.173] systemd[1]: Reached target slices.target - Slice Units.
[49.176] systemd[1]: Reached target veritysetup.target - Local Verity Protected Volumes.
[49.192] systemd[1]: Listening on systemd-coredump.socket - Process Core Dump Socket.
[49.202] systemd[1]: Listening on systemd-creds.socket - Credential Encryption/Decryption.
[49.207] systemd[1]: Listening on systemd-initctl.socket - initctl Compatibility Named Pipe.
[49.212] systemd[1]: Listening on systemd-journald-audit.socket - Journal Audit Socket.
[49.241] systemd[1]: Listening on systemd-journald-dev-log.socket - Journal Socket (/dev/log).
[49.269] systemd[1]: Listening on systemd-journald.socket - Journal Sockets.
[49.297] systemd[1]: systemd-pcrextend.socket - TPM PCR Measurements skipped, unmet condition check ConditionSecurity=measured-uki
[49.309] systemd[1]: systemd-pcrlock.socket - Make TPM PCR Policy skipped, unmet condition check ConditionSecurity=measured-uki
[49.323] systemd[1]: Listening on systemd-udevd-control.socket - udev Control Socket.
[49.350] systemd[1]: Listening on systemd-udevd-kernel.socket - udev Kernel Socket.
[49.378] systemd[1]: Listening on systemd-userdbd.socket - User Database Manager Socket.
[49.435] systemd[1]: Mounting dev-hugepages.mount - Huge Pages File System...
[49.478] systemd[1]: Mounting dev-mqueue.mount - POSIX Message Queue File System...
[49.514] systemd[1]: sys-kernel-debug.mount: Directory /sys/kernel/debug to mount over is not empty, mounting anyway.
[49.546] systemd[1]: Mounting sys-kernel-debug.mount - Kernel Debug File System...
[49.594] systemd[1]: sys-kernel-tracing.mount: Directory /sys/kernel/tracing to mount over is not empty, mounting anyway.
[49.627] systemd[1]: Mounting sys-kernel-tracing.mount - Kernel Trace File System...
[49.677] systemd[1]: Started debug-shell.service - Early root shell on /dev/ttyS0 FOR DEBUGGING ONLY.
[49.714] systemd[1]: fips-crypto-policy-overlay.service - Bind-mount FIPS crypto-policy in FIPS mode skipped, unmet condition check ConditionKernelCommandLine=fips=1
[!p]104[?7h[49.732] systemd[1]: kmod-static-nodes.service - Create List of Static Device Nodes skipped, unmet condition check ConditionFileNotEmpty=/lib/modules/6.19.0-oxide/modules.devname
[6n[32766;32766H[6n[49.759] systemd[1]: Starting modprobe@configfs.service - Load Kernel Module configfs...
[49.804] systemd[1]: Starting modprobe@dm_mod.service - Load Kernel Module dm_mod...
[49.853] systemd[1]: Starting modprobe@drm.service - Load Kernel Module drm...
[49.907] systemd[1]: Starting modprobe@fuse.service - Load Kernel Module fuse...
[49.969] systemd[1]: Starting modprobe@loop.service - Load Kernel Module loop...
[50.008] systemd[1]: systemd-hibernate-clear.service - Clear Stale Hibernate Storage Info skipped, unmet condition check ConditionPathExists=/sys/firmware/efi/efivars/HibernateLocation-8cf2644b-4b0b-428f-9387-6d876050dc67
[50.069] systemd[1]: Starting systemd-journald.service - Journal Service...
[!p]104[?7h[6n[32766;32766H[6n[50.126] systemd[1]: Starting systemd-modules-load.service - Load Kernel Modules...
[50.163] systemd[1]: systemd-pcrmachine.service - TPM PCR Machine ID Measurement skipped, unmet condition check ConditionSecurity=measured-uki
[50.189] systemd[1]: Starting systemd-remount-fs.service - Remount Root and Kernel File Systems...
[50.237] systemd[1]: Starting systemd-tmpfiles-setup-dev-early.service - Create Static Device Nodes in /dev gracefully...
[50.286] systemd[1]: systemd-tpm2-setup-early.service - Early TPM SRK Setup skipped, unmet condition check ConditionSecurity=measured-uki
[50.311] systemd-modules-load[36]: Failed to find module 'i2c_dev'
[50.323] systemd[1]: Starting systemd-udev-load-credentials.service - Load udev Rules from Credentials...
[50.387] systemd[1]: Starting systemd-udev-trigger.service - Coldplug All udev Devices...
[?2004hsh-5.2# [50.579] systemd[1]: Mounted dev-mqueue.mount - POSIX Message Queue File System.
[50.619] systemd[1]: Mounted dev-hugepages.mount - Huge Pages File System.
[50.649] systemd[1]: Mounted sys-kernel-debug.mount - Kernel Debug File System.
[50.678] systemd[1]: Mounted sys-kernel-tracing.mount - Kernel Trace File System.
[50.714] systemd[1]: modprobe@configfs.service: Deactivated successfully.
[50.732] systemd[1]: Finished modprobe@configfs.service - Load Kernel Module configfs.
[50.767] systemd[1]: modprobe@dm_mod.service: Deactivated successfully.
[50.782] systemd[1]: Finished modprobe@dm_mod.service - Load Kernel Module dm_mod.
[50.816] systemd[1]: modprobe@drm.service: Deactivated successfully.
[50.832] systemd[1]: Finished modprobe@drm.service - Load Kernel Module drm.
[50.868] systemd[1]: modprobe@fuse.service: Deactivated successfully.
[50.884] systemd[1]: Finished modprobe@fuse.service - Load Kernel Module fuse.
[50.920] systemd[1]: modprobe@loop.service: Deactivated successfully.
[50.935] systemd[1]: Finished modprobe@loop.service - Load Kernel Module loop.
[50.964] systemd[1]: Finished systemd-remount-fs.service - Remount Root and Kernel File Systems.
[50.993] systemd[1]: Finished systemd-modules-load.service - Load Kernel Modules.
[51.023] systemd[1]: Finished systemd-udev-load-credentials.service - Load udev Rules from Credentials.
[51.052] systemd[1]: Finished systemd-udev-trigger.service - Coldplug All udev Devices.
sleep 30; echo t > /proc/sysrq-trigger; d=$(dirname $(grep -l systemd-jouurnal /proc/[0-9]*/comm | head -1)); echo PJDIR $d; cat $d/stat; ls -l $d/fd; sleeep 5; cat $d/stat; echo PJEND
[?2004l[51.110] systemd[1]: sys-fs-fuse-connections.mount - FUSE Control File System skipped, unmet condition check ConditionPathExists=/sys/fs/fuse/connections
[51.142] systemd[1]: Mounting sys-kernel-config.mount - Kernel Configuration File System...
[51.186] systemd[1]: systemd-hwdb-update.service - Rebuild Hardware Database skipped, unmet condition check ConditionNeedsUpdate=/etc
[51.221] systemd[1]: Starting systemd-random-seed.service - Load/Save OS Random Seed...
[51.263] systemd[1]: systemd-repart.service - Repartition Root Disk skipped, no trigger condition checks were met.
[51.303] systemd[1]: Starting systemd-sysctl.service - Apply Kernel Variables...
[51.343] systemd[1]: systemd-tpm2-setup.service - TPM SRK Setup skipped, unmet condition check ConditionSecurity=measured-uki
[51.389] systemd[1]: Starting systemd-userdbd.service - User Database Manager...
[51.454] systemd[1]: Mounted sys-kernel-config.mount - Kernel Configuration File System.
[51.501] systemd[1]: Finished systemd-random-seed.service - Load/Save OS Random Seed.
[51.551] systemd[1]: Finished systemd-sysctl.service - Apply Kernel Variables.
[51.822] systemd[1]: Started systemd-userdbd.service - User Database Manager.
[52.152] systemd[1]: Finished systemd-tmpfiles-setup-dev-early.service - Create Static Device Nodes in /dev gracefully.
[52.181] systemd[1]: systemd-sysusers.service - Create System Users skipped, no trigger condition checks were met.
[52.206] systemd[1]: Starting systemd-tmpfiles-setup-dev.service - Create Static Device Nodes in /dev...
[52.611] systemd[1]: Finished systemd-tmpfiles-setup-dev.service - Create Static Device Nodes in /dev.
[52.644] systemd[1]: Reached target local-fs-pre.target - Preparation for Local File Systems.
[52.674] systemd[1]: Reached target local-fs.target - Local File Systems.
[52.714] systemd[1]: Listening on systemd-bootctl.socket - Boot Entries Service Socket.
[52.753] systemd[1]: Listening on systemd-sysext.socket - System Extension Image Management.
[52.795] systemd[1]: Starting plymouth-read-write.service - Tell Plymouth To Write Out Runtime Data...
[52.844] systemd[1]: Starting selinux-autorelabel-mark.service - Mark the need to relabel after reboot...
[52.881] systemd[1]: systemd-binfmt.service - Set Up Additional Binary Formats skipped, no trigger condition checks were met.
[52.898] systemd[1]: systemd-boot-random-seed.service - Update Boot Loader Random Seed skipped, no trigger condition checks were met.
[52.911] systemd[1]: systemd-confext.service - Merge System Configuration Images into /etc/ skipped, no trigger condition checks were met.
[52.923] systemd[1]: systemd-sysext.service - Merge System Extension Images into /usr/ and /opt/ skipped, no trigger condition checks were met.
[52.960] systemd[1]: Starting systemd-udevd.service - Rule-based Manager for Device Events and Files...
[53.003] systemd[1]: Finished plymouth-read-write.service - Tell Plymouth To Write Out Runtime Data.
[53.040] systemd[1]: Finished selinux-autorelabel-mark.service - Mark the need to relabel after reboot.
[53.125] systemd-udevd[58]: Using default interface naming scheme 'v257'.
[53.531] systemd[1]: Started systemd-udevd.service - Rule-based Manager for Device Events and Files.
[53.806] (udev-worker)[60]: sda: /usr/lib/udev/rules.d/60-block-scheduler.rules:5 Failed to write ATTR{/sys/devices/virtual/block/sda/queue/scheduler}="bfq", ignoring: No such file or directory
[53.964] systemd[1]: Found device dev-zram0.device - /dev/zram0.
[54.179] systemd[1]: Starting systemd-zram-setup@zram0.service - Create swap on /dev/zram0...
[54.665] (udev-worker)[65]: controlC1: /usr/lib/udev/rules.d/78-sound-card.rules:5 Failed to write ATTR{/sys/devices/virtual/sound/controlC1/../uevent}="change", ignoring: No such file or directory
[54.700] (udev-worker)[60]: controlC0: /usr/lib/udev/rules.d/78-sound-card.rules:5 Failed to write ATTR{/sys/devices/virtual/sound/controlC0/../uevent}="change", ignoring: No such file or directory
[55.028] systemd[1]: fips-crypto-policy-overlay.service - Bind-mount FIPS crypto-policy in FIPS mode skipped, unmet condition check ConditionKernelCommandLine=fips=1
[55.043] systemd[1]: kmod-static-nodes.service - Create List of Static Device Nodes skipped, unmet condition check ConditionFileNotEmpty=/lib/modules/6.19.0-oxide/modules.devname
[55.079] systemd[1]: Starting modprobe@dm_mod.service - Load Kernel Module dm_mod...
[55.199] systemd[1]: Starting modprobe@fuse.service - Load Kernel Module fuse...
[55.297] systemd[1]: Starting modprobe@loop.service - Load Kernel Module loop...
[55.348] systemd[1]: systemd-binfmt.service - Set Up Additional Binary Formats skipped, no trigger condition checks were met.
[55.366] systemd[1]: systemd-boot-random-seed.service - Update Boot Loader Random Seed skipped, no trigger condition checks were met.
[55.367] systemd[1]: systemd-confext.service - Merge System Configuration Images into /etc/ skipped, no trigger condition checks were met.
[55.368] systemd[1]: systemd-hibernate-clear.service - Clear Stale Hibernate Storage Info skipped, unmet condition check ConditionPathExists=/sys/firmware/efi/efivars/HibernateLocation-8cf2644b-4b0b-428f-9387-6d876050dc67
[55.380] systemd[1]: systemd-hwdb-update.service - Rebuild Hardware Database skipped, unmet condition check ConditionNeedsUpdate=/etc
[55.391] systemd[1]: systemd-pcrmachine.service - TPM PCR Machine ID Measurement skipped, unmet condition check ConditionSecurity=measured-uki
[55.403] systemd[1]: systemd-sysext.service - Merge System Extension Images into /usr/ and /opt/ skipped, no trigger condition checks were met.
[55.424] systemd[1]: systemd-sysusers.service - Create System Users skipped, no trigger condition checks were met.
[55.445] systemd[1]: systemd-tpm2-setup-early.service - Early TPM SRK Setup skipped, unmet condition check ConditionSecurity=measured-uki
[55.466] systemd[1]: systemd-tpm2-setup.service - TPM SRK Setup skipped, unmet condition check ConditionSecurity=measured-uki
[55.497] systemd[1]: Finished systemd-zram-setup@zram0.service - Create swap on /dev/zram0.
[55.538] systemd[1]: modprobe@fuse.service: Deactivated successfully.
[55.552] systemd[1]: Finished modprobe@fuse.service - Load Kernel Module fuse.
[55.592] systemd[1]: modprobe@dm_mod.service: Deactivated successfully.
[55.615] systemd[1]: Finished modprobe@dm_mod.service - Load Kernel Module dm_mod.
[55.655] systemd[1]: modprobe@loop.service: Deactivated successfully.
[55.671] systemd[1]: Finished modprobe@loop.service - Load Kernel Module loop.
[55.735] systemd[1]: Activating swap dev-zram0.swap - Compressed Swap on /dev/zram0...
[55.778] systemd[1]: sys-fs-fuse-connections.mount - FUSE Control File System skipped, unmet condition check ConditionPathExists=/sys/fs/fuse/connections
[55.791] systemd[1]: systemd-repart.service - Repartition Root Disk skipped, no trigger condition checks were met.
[55.880] systemd[1]: Activated swap dev-zram0.swap - Compressed Swap on /dev/zram0.
[55.911] systemd[1]: Reached target swap.target - Swaps.
[81.110] [sysrq] task dump  switches=19390 current=tid:4137
[81.121]   PID   TID name             ST onrq oncpu onwl cpu  last-sysc  nsysc      cputime_ms
[81.133]  4096   4096 ktimers          W  n  n    y     0 wake=listed wake_age_ms=7  none                0        116 tgid=  4096 vtid=     0 ptid=     0
[81.144]  4097   4097 ksoftirqd        S  n  n    n     0  none                0          0 tgid=  4097 vtid=     0 ptid=     0
[81.155]  4098   4098 ksoftirqd        S  n  n    n     1  none                0          1 tgid=  4098 vtid=     0 ptid=     0
[81.167]  4099   4099 kworker          S  n  n    n     0  none                0         73 tgid=  4099 vtid=     0 ptid=     0
[81.179]  4100   4100 kworkermgr       S  n  n    n     0  none                0         21 tgid=  4100 vtid=     0 ptid=     0
[81.191]  4101   4101 kworker          S  n  n    n     1  none                0         66 tgid=  4101 vtid=     0 ptid=     0
[81.203]  4102   4102 kworkermgr       S  n  n    n     1  none                0          5 tgid=  4102 vtid=     0 ptid=     0
[81.213]  4103   4103 khelper          S  n  n    n     0  none                0          0 tgid=  4103 vtid=     0 ptid=     0
[81.225]  4104   4104 kswapd0          S  n  n    n     0  none                0          0 tgid=  4104 vtid=     0 ptid=     0
[81.236]  4105   4105 oom_reaper       S  n  n    n     1  none                0          2 tgid=  4105 vtid=     0 ptid=     0 wake_dl_ns=82232193152
[81.247]  4106   4106 netns_reaper     S  n  n    n     0  none                0          0 tgid=  4106 vtid=     0 ptid=     0
[81.258]  4107   4107 sock-rtnl-reap   S  n  n    n     0  none                0          0 tgid=  4107 vtid=     0 ptid=     0
[81.268]  4108   4108 kworker          S  n  n    n     0  none                0         20 tgid=  4108 vtid=     0 ptid=     0
[81.279]  4109   4109 fw_loader        S  n  n    n     1  none                0          0 tgid=  4109 vtid=     0 ptid=     0
[81.291]    29   4137 sh               R  n  y    n     0  write            1513        122 tgid=  4137 vtid=    29 ptid=3235774466 exe=/bin/sh
[81.302]    35   4143 (journald)       S  n  n    n     1  waitid            927         62 tgid=  4143 vtid=    35 ptid=3235774466 exe=/proc/self/fd/9
[81.313]    37   4145 (sd-mkuserns)    S  n  n    n     1  ppoll              11          1 tgid=  4145 vtid=    37 ptid=  4143 exe=/proc/self/fd/9
[81.324]    49   4157 systemd-userdbd  S  n  n    n     0  epoll_pwai       2499        290 tgid=  4157 vtid=    49 ptid=3235774466 exe=/usr/lib/systemd/systemd-userdbd
[81.335]    51   4159 systemd-userwor  S  n  n    n     0  accept4          6409        281 tgid=  4159 vtid=    51 ptid=  4157 wake_dl_ns=103452872896 exe=/usr/lib/systemd/systemd-userwork
[81.346]    52   4160 systemd-userwor  S  n  n    n     0  accept4           922         77 tgid=  4160 vtid=    52 ptid=  4157 wake_dl_ns=102496811072 exe=/usr/lib/systemd/systemd-userwork
[81.357]    55   4163 systemd-userwor  S  n  n    n     0  accept4           388         46 tgid=  4163 vtid=    55 ptid=  4157 wake_dl_ns=102499771760 exe=/usr/lib/systemd/systemd-userwork
[81.368]    58   4166 systemd-udevd    S  n  n    n     1  epoll_pwai      10503        669 tgid=  4166 vtid=    58 ptid=3235774466 wake_dl_ns=83214742000 exe=/usr/lib/systemd/systemd-udevd
[81.379]    59   4167 (udev-worker)    Z  n  n    n     0  exit_group       1386        184 tgid=  4167 vtid=    59 ptid=  4166 exe=/usr/lib/systemd/systemd-udevd
[81.391] 3235774465 3235774465 elf-user-arm     Z  n  n    n     0  exit                2          7 tgid=3235774465 vtid=     0 ptid=     0
[81.402]     1 3235774466 systemd          S  n  n    n     1  epoll_pwai      50497       4273 tgid=3235774466 vtid=     1 ptid=     0 wake_dl_ns=81464742000
dirname: missing operand
Try 'dirname --help' for more information.
PJDIR
cat: /stat: No such file or directory
ls: cannot access '/fd': No such file or directory
cat: /stat: No such file or directory
PJEND
[?2004hsh-5.2# [94.215] systemd[1]: systemd-journald.service: start operation timed out. Terminating.
[139.465] systemd[1]: systemd-journald.service: State 'final-sigterm' timed out. Aborting.
[171.485] [sysrq] this operation is disabled by kernel.sysrq
[174.485] [sysrq] this operation is disabled by kernel.sysrq
[176.487] [sysrq] this operation is disabled by kernel.sysrq
qemu-system-aarch64: terminating on signal 15 from pid 3063717 (bash)
make: *** [Makefile:264: qemu-arm-existing] Terminated
