UEFI firmware (version  built at 01:01:27 on May  2 2026)
[2J[001;001H[=3h[2J[001;001H[2J[001;001H[8;042;160t[2J[001;001HBdsDxe: failed to load Boot0002 "UEFI Misc Device" from PciRoot(0x0)/Pci(0x1,0x0): Not Found
BdsDxe: failed to load Boot0003 "UEFI Misc Device 2" from PciRoot(0x0)/Pci(0x2,0x0): Not Found
BdsDxe: failed to load Boot0004 "UEFI QEMU NVMe Ctrl oxnvme 1" from PciRoot(0x0)/Pci(0xC,0x0)/NVMe(0x1,00-00-00-00-00-00-00-00): Not Found
BdsDxe: loading Boot0005 "UEFI Misc Device 3" from PciRoot(0x0)/Pci(0xE,0x0)
BdsDxe: starting Boot0005 "UEFI Misc Device 3" from PciRoot(0x0)/Pci(0xE,0x0)
  Booting `oxide (EFI-stub)'

A1BCDE[7.795] Kernel command line: BOOT_IMAGE=/boot/oxide-aarch64.Image root=/dev/vda rw earlycon printk.time=1 systemd.log_target=kmsg systemd.journald.forward_to_kmsg=1 sysctl.kernel.sysrq=1 sysrq_always_enabled enforcing=0 console=ttyAMA0,115200 console=tty0 systemd.mask=firewalld.service systemd.mask=chronyd.service systemd.mask=ModemManager.service systemd.mask=plymouth-start.service systemd.mask=NetworkManager-wait-online.service systemd.mask=flatpak-add-fedora-repos.service systemd.debug_shell=ttyS0 systemd.mask=s
[7.797] erial-getty@ttyS0.service oxide.bootargs=grub
[7.798] [INFO]  selinux: enabled, awaiting policy
[7.821] [sysrq] always enabled by the boot line
[48.111] [BOOT-DEV-NULL] type=8192 fs=devtmpfs
[48.641] systemd[1]: Failed to compute init label, ignoring.
[48.642] systemd[1]: Successfully loaded SELinux policy in 208.757ms.
[48.684] systemd[1]: System time advanced to built-in epoch: Fri 2026-03-13 00:00:00 UTC
[48.835] systemd[1]: Relabeled /dev/, /dev/shm/, /run/ in 66.178ms.
[48.891] systemd[1]: systemd 257.13-1.fc42 running in system mode (+PAM +AUDIT +SELINUX -APPARMOR +IMA +IPE +SMACK +SECCOMP -GCRYPT +GNUTLS +OPENSSL +ACL +BLKID +CURL +ELFUTILS +FIDO2 +IDN2 -IDN -IPTC +KMOD +LIBCRYPTSETUP +LIBCRYPTSETUP_PLUGINS +LIBFDISK +PCRE2 +PWQUALITY +P11KIT +QRENCODE +TPM2 +BZIP2 +LZ4 +XZ +ZLIB +ZSTD +BPF_FRAMEWORK +BTF +XKBCOMMON +UTMP +SYSVINIT +LIBARCHIVE)
[48.893] systemd[1]: Detected architecture arm64.
[49.022] systemd[1]: bpf-restrict-fs: BPF LSM hook not enabled in the kernel, BPF LSM not supported.
[50.702] systemd[1]: local-fs.target: Failed to read SELinux context of '/usr/lib/systemd/system/local-fs.target', ignoring: Operation not permitted
[50.714] systemd[1]: systemd-remount-fs.service: Failed to read SELinux context of '/usr/lib/systemd/system/systemd-remount-fs.service', ignoring: Operation not permitted
[50.724] systemd[1]: systemd-journald.socket: Failed to read SELinux context of '/usr/lib/systemd/system/systemd-journald.socket', ignoring: Operation not permitted
[50.732] systemd[1]: systemd-journald.service: Failed to read SELinux context of '/usr/lib/systemd/system/systemd-journald.service', ignoring: Operation not permitted
[50.754] systemd[1]: systemd-soft-reboot.service: Failed to read SELinux context of '/usr/lib/systemd/system/systemd-soft-reboot.service', ignoring: Operation not permitted
[50.761] systemd[1]: final.target: Failed to read SELinux context of '/usr/lib/systemd/system/final.target', ignoring: Operation not permitted
[50.763] systemd[1]: umount.target: Failed to read SELinux context of '/usr/lib/systemd/system/umount.target', ignoring: Operation not permitted
[50.777] systemd[1]: soft-reboot.target: Failed to read SELinux context of '/usr/lib/systemd/system/soft-reboot.target', ignoring: Operation not permitted
[50.780] systemd[1]: sysinit.target: Failed to read SELinux context of '/usr/lib/systemd/system/sysinit.target', ignoring: Operation not permitted
[50.823] systemd[1]: veritysetup.target: Failed to read SELinux context of '/usr/lib/systemd/system/veritysetup.target', ignoring: Operation not permitted
[50.826] systemd[1]: systemd-update-utmp.service: Failed to read SELinux context of '/usr/lib/systemd/system/systemd-update-utmp.service', ignoring: Operation not permitted
[50.847] systemd[1]: auditd.service: Failed to read SELinux context of '/usr/lib/systemd/system/auditd.service', ignoring: Operation not permitted
[50.853] systemd[1]: audit-rules.service: Failed to read SELinux context of '/usr/lib/systemd/system/audit-rules.service', ignoring: Operation not permitted
[50.858] systemd[1]: systemd-update-done.service: Failed to read SELinux context of '/usr/lib/systemd/system/systemd-update-done.service', ignoring: Operation not permitted
[50.869] systemd[1]: systemd-udevd.service: Failed to read SELinux context of '/usr/lib/systemd/system/systemd-udevd.service', ignoring: Operation not permitted
[50.881] systemd[1]: systemd-udevd-kernel.socket: Failed to read SELinux context of '/usr/lib/systemd/system/systemd-udevd-kernel.socket', ignoring: Operation not permitted
[50.885] systemd[1]: systemd-udevd-control.socket: Failed to read SELinux context of '/usr/lib/systemd/system/systemd-udevd-control.socket', ignoring: Operation not permitted
[50.890] systemd[1]: systemd-udev-load-credentials.service: Failed to read SELinux context of '/usr/lib/systemd/system/systemd-udev-load-credentials.service', ignoring: Operation not permitted
[50.900] systemd[1]: initrd-switch-root.target: Failed to read SELinux context of '/usr/lib/systemd/system/initrd-switch-root.target', ignoring: Operation not permitted
[50.910] systemd[1]: plymouth-switch-root.service: Failed to read SELinux context of '/usr/lib/systemd/system/plymouth-switch-root.service', ignoring: Operation not permitted
[50.920] systemd[1]: initrd-cleanup.service: Failed to read SELinux context of '/usr/lib/systemd/system/initrd-cleanup.service', ignoring: Operation not permitted
[50.925] systemd[1]: initrd.target: Failed to read SELinux context of '/usr/lib/systemd/system/initrd.target', ignoring: Operation not permitted
[50.935] systemd[1]: systemd-pcrphase-initrd.service: Failed to read SELinux context of '/usr/lib/systemd/system/systemd-pcrphase-initrd.service', ignoring: Operation not permitted
[50.942] systemd[1]: cryptsetup-pre.target: Failed to read SELinux context of '/usr/lib/systemd/system/cryptsetup-pre.target', ignoring: Operation not permitted
[50.959] systemd[1]: tpm2.target: Failed to read SELinux context of '/usr/lib/systemd/system/tpm2.target', ignoring: Operation not permitted
[50.977] systemd[1]: systemd-bsod.service: Failed to read SELinux context of '/usr/lib/systemd/system/systemd-bsod.service', ignoring: Operation not permitted
[50.999] systemd[1]: systemd-battery-check.service: Failed to read SELinux context of '/usr/lib/systemd/system/systemd-battery-check.service', ignoring: Operation not permitted
[51.019] systemd[1]: systemd-hibernate-resume.service: Failed to read SELinux context of '/usr/lib/systemd/system/systemd-hibernate-resume.service', ignoring: Operation not permitted
[51.040] systemd[1]: dracut-pre-udev.service: Failed to read SELinux context of '/usr/lib/systemd/system/dracut-pre-udev.service', ignoring: Operation not permitted
[51.060] systemd[1]: dracut-pre-trigger.service: Failed to read SELinux context of '/usr/lib/systemd/system/dracut-pre-trigger.service', ignoring: Operation not permitted
[51.080] systemd[1]: dracut-pre-pivot.service: Failed to read SELinux context of '/usr/lib/systemd/system/dracut-pre-pivot.service', ignoring: Operation not permitted
[51.103] systemd[1]: remote-fs.target: Failed to read SELinux context of '/usr/lib/systemd/system/remote-fs.target', ignoring: Operation not permitted
[51.130] systemd[1]: remote-fs-pre.target: Failed to read SELinux context of '/usr/lib/systemd/system/remote-fs-pre.target', ignoring: Operation not permitted
[51.148] systemd[1]: dracut-pre-mount.service: Failed to read SELinux context of '/usr/lib/systemd/system/dracut-pre-mount.service', ignoring: Operation not permitted
[51.171] systemd[1]: dracut-mount.service: Failed to read SELinux context of '/usr/lib/systemd/system/dracut-mount.service', ignoring: Operation not permitted
[51.191] systemd[1]: dracut-initqueue.service: Failed to read SELinux context of '/usr/lib/systemd/system/dracut-initqueue.service', ignoring: Operation not permitted
[51.210] systemd[1]: dracut-cmdline.service: Failed to read SELinux context of '/usr/lib/systemd/system/dracut-cmdline.service', ignoring: Operation not permitted
[51.229] systemd[1]: rescue.target: Failed to read SELinux context of '/usr/lib/systemd/system/rescue.target', ignoring: Operation not permitted
[51.250] systemd[1]: systemd-update-utmp-runlevel.service: Failed to read SELinux context of '/usr/lib/systemd/system/systemd-update-utmp-runlevel.service', ignoring: Operation not permitted
[51.271] systemd[1]: runlevel5.target: Failed to read SELinux context of '/usr/lib/systemd/system/graphical.target', ignoring: Operation not permitted
[51.296] systemd[1]: upower.service: Failed to read SELinux context of '/usr/lib/systemd/system/upower.service', ignoring: Operation not permitted
[51.317] systemd[1]: dbus.socket: Failed to read SELinux context of '/usr/lib/systemd/system/dbus.socket', ignoring: Operation not permitted
[51.333] systemd[1]: dbus.service: Failed to read SELinux context of '/usr/lib/systemd/system/dbus-broker.service', ignoring: Operation not permitted
[51.351] systemd[1]: udisks2.service: Failed to read SELinux context of '/usr/lib/systemd/system/udisks2.service', ignoring: Operation not permitted
[51.368] systemd[1]: switcheroo-control.service: Failed to read SELinux context of '/usr/lib/systemd/system/switcheroo-control.service', ignoring: Operation not permitted
[51.386] systemd[1]: alsa-state.service: Failed to read SELinux context of '/usr/lib/systemd/system/alsa-state.service', ignoring: Operation not permitted
[51.404] systemd[1]: alsa-restore.service: Failed to read SELinux context of '/usr/lib/systemd/system/alsa-restore.service', ignoring: Operation not permitted
[51.422] systemd[1]: rtkit-daemon.service: Failed to read SELinux context of '/usr/lib/systemd/system/rtkit-daemon.service', ignoring: Operation not permitted
[51.440] systemd[1]: power-profiles-daemon.service: Failed to read SELinux context of '/usr/lib/systemd/system/power-profiles-daemon.service', ignoring: Operation not permitted
[51.468] systemd[1]: debug-shell.service: Failed to read SELinux context of '/usr/lib/systemd/system/debug-shell.service', ignoring: Operation not permitted
[51.492] systemd[1]: systemd-vconsole-setup.service: Failed to read SELinux context of '/usr/lib/systemd/system/systemd-vconsole-setup.service', ignoring: Operation not permitted
[51.512] systemd[1]: accounts-daemon.service: Failed to read SELinux context of '/usr/lib/systemd/system/accounts-daemon.service', ignoring: Operation not permitted
[51.544] systemd[1]: nss-user-lookup.target: Failed to read SELinux context of '/usr/lib/systemd/system/nss-user-lookup.target', ignoring: Operation not permitted
[51.561] systemd[1]: display-manager.service: Failed to read SELinux context of '/usr/lib/systemd/system/gdm.service', ignoring: Operation not permitted
[51.592] systemd[1]: systemd-user-sessions.service: Failed to read SELinux context of '/usr/lib/systemd/system/systemd-user-sessions.service', ignoring: Operation not permitted
[51.617] systemd[1]: network.target: Failed to read SELinux context of '/usr/lib/systemd/system/network.target', ignoring: Operation not permitted
[51.634] systemd[1]: network-pre.target: Failed to read SELinux context of '/usr/lib/systemd/system/network-pre.target', ignoring: Operation not permitted
[51.653] systemd[1]: rc-local.service: Failed to read SELinux context of '/usr/lib/systemd/system/rc-local.service', ignoring: Operation not permitted
[51.673] systemd[1]: plymouth-quit.service: Failed to read SELinux context of '/usr/lib/systemd/system/plymouth-quit.service', ignoring: Operation not permitted
[51.694] systemd[1]: getty@tty1.service: Failed to read SELinux context of '/usr/lib/systemd/system/getty@.service', ignoring: Operation not permitted
[51.717] systemd[1]: getty.target: Failed to read SELinux context of '/usr/lib/systemd/system/getty.target', ignoring: Operation not permitted
[51.738] systemd[1]: getty-pre.target: Failed to read SELinux context of '/usr/lib/systemd/system/getty-pre.target', ignoring: Operation not permitted
[51.754] systemd[1]: plymouth-quit-wait.service: Failed to read SELinux context of '/usr/lib/systemd/system/plymouth-quit-wait.service', ignoring: Operation not permitted
[51.774] systemd[1]: multi-user.target: Failed to read SELinux context of '/usr/lib/systemd/system/multi-user.target', ignoring: Operation not permitted
[51.813] systemd[1]: systemd-logind.service: Failed to read SELinux context of '/usr/lib/systemd/system/systemd-logind.service', ignoring: Operation not permitted
[51.838] systemd[1]: modprobe@drm.service: Failed to read SELinux context of '/usr/lib/systemd/system/modprobe@.service', ignoring: Operation not permitted
[51.859] systemd[1]: user.slice: Failed to read SELinux context of '/usr/lib/systemd/system/user.slice', ignoring: Operation not permitted
[51.877] systemd[1]: slices.target: Failed to read SELinux context of '/usr/lib/systemd/system/slices.target', ignoring: Operation not permitted
[51.894] systemd[1]: systemd-ask-password-wall.path: Failed to read SELinux context of '/usr/lib/systemd/system/systemd-ask-password-wall.path', ignoring: Operation not permitted
[51.914] systemd[1]: systemd-ask-password-wall.service: Failed to read SELinux context of '/usr/lib/systemd/system/systemd-ask-password-wall.service', ignoring: Operation not permitted
[51.936] systemd[1]: paths.target: Failed to read SELinux context of '/usr/lib/systemd/system/paths.target', ignoring: Operation not permitted
[51.953] systemd[1]: sysstat.service: Failed to read SELinux context of '/usr/lib/systemd/system/sysstat.service', ignoring: Operation not permitted
[51.976] systemd[1]: sysstat-summary.timer: Failed to read SELinux context of '/usr/lib/systemd/system/sysstat-summary.timer', ignoring: Operation not permitted
[51.995] systemd[1]: time-set.target: Failed to read SELinux context of '/usr/lib/systemd/system/time-set.target', ignoring: Operation not permitted
[52.011] systemd[1]: time-sync.target: Failed to read SELinux context of '/usr/lib/systemd/system/time-sync.target', ignoring: Operation not permitted
[52.027] systemd[1]: timers.target: Failed to read SELinux context of '/usr/lib/systemd/system/timers.target', ignoring: Operation not permitted
[52.056] systemd[1]: systemd-tmpfiles-clean.timer: Failed to read SELinux context of '/usr/lib/systemd/system/systemd-tmpfiles-clean.timer', ignoring: Operation not permitted
[52.074] systemd[1]: systemd-tmpfiles-clean.service: Failed to read SELinux context of '/usr/lib/systemd/system/systemd-tmpfiles-clean.service', ignoring: Operation not permitted
[52.094] systemd[1]: raid-check.timer: Failed to read SELinux context of '/usr/lib/systemd/system/raid-check.timer', ignoring: Operation not permitted
[52.111] systemd[1]: raid-check.service: Failed to read SELinux context of '/usr/lib/systemd/system/raid-check.service', ignoring: Operation not permitted
[52.129] systemd[1]: fstrim.timer: Failed to read SELinux context of '/usr/lib/systemd/system/fstrim.timer', ignoring: Operation not permitted
[52.147] systemd[1]: fstrim.service: Failed to read SELinux context of '/usr/lib/systemd/system/fstrim.service', ignoring: Operation not permitted
[52.170] systemd[1]: dnf-makecache.timer: Failed to read SELinux context of '/usr/lib/systemd/system/dnf-makecache.timer', ignoring: Operation not permitted
[52.188] systemd[1]: dnf5-makecache.service: Failed to read SELinux context of '/usr/lib/systemd/system/dnf-makecache.service', ignoring: Operation not permitted
[52.208] systemd[1]: network-online.target: Failed to read SELinux context of '/usr/lib/systemd/system/network-online.target', ignoring: Operation not permitted
[52.227] systemd[1]: sysstat-summary.service: Failed to read SELinux context of '/usr/lib/systemd/system/sysstat-summary.service', ignoring: Operation not permitted
[52.257] systemd[1]: sysstat-rotate.timer: Failed to read SELinux context of '/usr/lib/systemd/system/sysstat-rotate.timer', ignoring: Operation not permitted
[52.274] systemd[1]: sysstat-rotate.service: Failed to read SELinux context of '/usr/lib/systemd/system/sysstat-rotate.service', ignoring: Operation not permitted
[52.293] systemd[1]: sysstat-collect.timer: Failed to read SELinux context of '/usr/lib/systemd/system/sysstat-collect.timer', ignoring: Operation not permitted
[52.311] systemd[1]: sysstat-collect.service: Failed to read SELinux context of '/usr/lib/systemd/system/sysstat-collect.service', ignoring: Operation not permitted
[52.332] systemd[1]: sssd.service: Failed to read SELinux context of '/usr/lib/systemd/system/sssd.service', ignoring: Operation not permitted
[52.353] systemd[1]: sshd.service: Failed to read SELinux context of '/usr/lib/systemd/system/sshd.service', ignoring: Operation not permitted
[52.376] systemd[1]: ssh-host-keys-migration.service: Failed to read SELinux context of '/usr/lib/systemd/system/ssh-host-keys-migration.service', ignoring: Operation not permitted
[52.399] systemd[1]: sshd-keygen.target: Failed to read SELinux context of '/usr/lib/systemd/system/sshd-keygen.target', ignoring: Operation not permitted
[52.426] systemd[1]: sshd-keygen@ed25519.service: Failed to read SELinux context of '/usr/lib/systemd/system/sshd-keygen@.service', ignoring: Operation not permitted
[52.457] systemd[1]: sshd-keygen@ecdsa.service: Failed to read SELinux context of '/usr/lib/systemd/system/sshd-keygen@.service', ignoring: Operation not permitted
[52.486] systemd[1]: sshd-keygen@rsa.service: Failed to read SELinux context of '/usr/lib/systemd/system/sshd-keygen@.service', ignoring: Operation not permitted
[52.508] systemd[1]: mdmonitor.service: Failed to read SELinux context of '/usr/lib/systemd/system/mdmonitor.service', ignoring: Operation not permitted
[52.542] systemd[1]: NetworkManager.service: Failed to read SELinux context of '/usr/lib/systemd/system/NetworkManager.service', ignoring: Operation not permitted
[52.577] systemd[1]: rescue.service: Failed to read SELinux context of '/usr/lib/systemd/system/rescue.service', ignoring: Operation not permitted
[52.610] systemd[1]: initrd-parse-etc.service: Failed to read SELinux context of '/usr/lib/systemd/system/initrd-parse-etc.service', ignoring: Operation not permitted
[52.637] systemd[1]: initrd-usr-fs.target: Failed to read SELinux context of '/usr/lib/systemd/system/initrd-usr-fs.target', ignoring: Operation not permitted
[52.669] systemd[1]: initrd-root-device.target: Failed to read SELinux context of '/usr/lib/systemd/system/initrd-root-device.target', ignoring: Operation not permitted
[52.704] systemd[1]: remote-veritysetup.target: Failed to read SELinux context of '/usr/lib/systemd/system/remote-veritysetup.target', ignoring: Operation not permitted
[52.734] systemd[1]: veritysetup-pre.target: Failed to read SELinux context of '/usr/lib/systemd/system/veritysetup-pre.target', ignoring: Operation not permitted
[52.762] systemd[1]: remote-cryptsetup.target: Failed to read SELinux context of '/usr/lib/systemd/system/remote-cryptsetup.target', ignoring: Operation not permitted
[52.782] systemd[1]: basic.target: Failed to read SELinux context of '/usr/lib/systemd/system/basic.target', ignoring: Operation not permitted
[52.805] systemd[1]: rpmdb-rebuild.service: Failed to read SELinux context of '/usr/lib/systemd/system/rpmdb-rebuild.service', ignoring: Operation not permitted
[52.828] systemd[1]: initrd-fs.target: Failed to read SELinux context of '/usr/lib/systemd/system/initrd-fs.target', ignoring: Operation not permitted
[52.857] systemd[1]: initrd-root-fs.target: Failed to read SELinux context of '/usr/lib/systemd/system/initrd-root-fs.target', ignoring: Operation not permitted
[52.898] systemd[1]: initrd-udevadm-cleanup-db.service: Failed to read SELinux context of '/usr/lib/systemd/system/initrd-udevadm-cleanup-db.service', ignoring: Operation not permitted
[52.931] systemd[1]: systemd-udev-settle.service: Failed to read SELinux context of '/usr/lib/systemd/system/systemd-udev-settle.service', ignoring: Operation not permitted
[52.966] systemd[1]: initrd-switch-root.service: Failed to read SELinux context of '/usr/lib/systemd/system/initrd-switch-root.service', ignoring: Operation not permitted
[53.000] systemd[1]: systemd-udev-trigger.service: Failed to read SELinux context of '/usr/lib/systemd/system/systemd-udev-trigger.service', ignoring: Operation not permitted
[53.038] systemd[1]: systemd-tpm2-setup.service: Failed to read SELinux context of '/usr/lib/systemd/system/systemd-tpm2-setup.service', ignoring: Operation not permitted
[53.060] systemd[1]: systemd-tpm2-setup-early.service: Failed to read SELinux context of '/usr/lib/systemd/system/systemd-tpm2-setup-early.service', ignoring: Operation not permitted
[53.085] systemd[1]: systemd-tmpfiles-setup.service: Failed to read SELinux context of '/usr/lib/systemd/system/systemd-tmpfiles-setup.service', ignoring: Operation not permitted
[53.110] systemd[1]: systemd-tmpfiles-setup-dev.service: Failed to read SELinux context of '/usr/lib/systemd/system/systemd-tmpfiles-setup-dev.service', ignoring: Operation not permitted
[53.143] systemd[1]: systemd-tmpfiles-setup-dev-early.service: Failed to read SELinux context of '/usr/lib/systemd/system/systemd-tmpfiles-setup-dev-early.service', ignoring: Operation not permitted
[53.176] systemd[1]: systemd-sysusers.service: Failed to read SELinux context of '/usr/lib/systemd/system/systemd-sysusers.service', ignoring: Operation not permitted
[53.194] systemd[1]: systemd-sysext.service: Failed to read SELinux context of '/usr/lib/systemd/system/systemd-sysext.service', ignoring: Operation not permitted
[53.230] systemd[1]: systemd-sysctl.service: Failed to read SELinux context of '/usr/lib/systemd/system/systemd-sysctl.service', ignoring: Operation not permitted
[53.256] systemd[1]: systemd-resolved.service: Failed to read SELinux context of '/usr/lib/systemd/system/systemd-resolved.service', ignoring: Operation not permitted
[53.279] systemd[1]: nss-lookup.target: Failed to read SELinux context of '/usr/lib/systemd/system/nss-lookup.target', ignoring: Operation not permitted
[53.321] systemd[1]: systemd-repart.service: Failed to read SELinux context of '/usr/lib/systemd/system/systemd-repart.service', ignoring: Operation not permitted
[53.345] systemd[1]: modprobe@dm_mod.service: Failed to read SELinux context of '/usr/lib/systemd/system/modprobe@.service', ignoring: Operation not permitted
[53.372] systemd[1]: modprobe@loop.service: Failed to read SELinux context of '/usr/lib/systemd/system/modprobe@.service', ignoring: Operation not permitted
[53.398] systemd[1]: systemd-random-seed.service: Failed to read SELinux context of '/usr/lib/systemd/system/systemd-random-seed.service', ignoring: Operation not permitted
[53.431] systemd[1]: first-boot-complete.target: Failed to read SELinux context of '/usr/lib/systemd/system/first-boot-complete.target', ignoring: Operation not permitted
[53.448] systemd[1]: systemd-pcrphase.service: Failed to read SELinux context of '/usr/lib/systemd/system/systemd-pcrphase.service', ignoring: Operation not permitted
[53.473] systemd[1]: systemd-pcrphase-sysinit.service: Failed to read SELinux context of '/usr/lib/systemd/system/systemd-pcrphase-sysinit.service', ignoring: Operation not permitted
[53.500] systemd[1]: systemd-pcrmachine.service: Failed to read SELinux context of '/usr/lib/systemd/system/systemd-pcrmachine.service', ignoring: Operation not permitted
[53.519] systemd[1]: systemd-modules-load.service: Failed to read SELinux context of '/usr/lib/systemd/system/systemd-modules-load.service', ignoring: Operation not permitted
[53.539] systemd[1]: systemd-machine-id-commit.service: Failed to read SELinux context of '/usr/lib/systemd/system/systemd-machine-id-commit.service', ignoring: Operation not permitted
[53.559] systemd[1]: systemd-journal-flush.service: Failed to read SELinux context of '/usr/lib/systemd/system/systemd-journal-flush.service', ignoring: Operation not permitted
[53.579] systemd[1]: systemd-quotacheck-root.service: Failed to read SELinux context of '/usr/lib/systemd/system/systemd-quotacheck-root.service', ignoring: Operation not permitted
[53.599] systemd[1]: systemd-journal-catalog-update.service: Failed to read SELinux context of '/usr/lib/systemd/system/systemd-journal-catalog-update.service', ignoring: Operation not permitted
[53.620] systemd[1]: systemd-hwdb-update.service: Failed to read SELinux context of '/usr/lib/systemd/system/systemd-hwdb-update.service', ignoring: Operation not permitted
[53.640] systemd[1]: systemd-hibernate-clear.service: Failed to read SELinux context of '/usr/lib/systemd/system/systemd-hibernate-clear.service', ignoring: Operation not permitted
[53.659] systemd[1]: systemd-firstboot.service: Failed to read SELinux context of '/usr/lib/systemd/system/systemd-firstboot.service', ignoring: Operation not permitted
[53.680] systemd[1]: systemd-confext.service: Failed to read SELinux context of '/usr/lib/systemd/system/systemd-confext.service', ignoring: Operation not permitted
[53.700] systemd[1]: systemd-boot-random-seed.service: Failed to read SELinux context of '/usr/lib/systemd/system/systemd-boot-random-seed.service', ignoring: Operation not permitted
[53.720] systemd[1]: systemd-binfmt.service: Failed to read SELinux context of '/usr/lib/systemd/system/systemd-binfmt.service', ignoring: Operation not permitted
[53.739] systemd[1]: proc-sys-fs-binfmt_misc.mount: Failed to read SELinux context of '/usr/lib/systemd/system/proc-sys-fs-binfmt_misc.mount', ignoring: Operation not permitted
[53.761] systemd[1]: systemd-ask-password-console.path: Failed to read SELinux context of '/usr/lib/systemd/system/systemd-ask-password-console.path', ignoring: Operation not permitted
[53.779] systemd[1]: systemd-ask-password-console.service: Failed to read SELinux context of '/usr/lib/systemd/system/systemd-ask-password-console.service', ignoring: Operation not permitted
[53.799] systemd[1]: sys-kernel-tracing.mount: Failed to read SELinux context of '/usr/lib/systemd/system/sys-kernel-tracing.mount', ignoring: Operation not permitted
[53.818] systemd[1]: sys-kernel-debug.mount: Failed to read SELinux context of '/usr/lib/systemd/system/sys-kernel-debug.mount', ignoring: Operation not permitted
[53.836] systemd[1]: sys-kernel-config.mount: Failed to read SELinux context of '/usr/lib/systemd/system/sys-kernel-config.mount', ignoring: Operation not permitted
[53.856] systemd[1]: modprobe@configfs.service: Failed to read SELinux context of '/usr/lib/systemd/system/modprobe@.service', ignoring: Operation not permitted
[53.874] systemd[1]: sys-fs-fuse-connections.mount: Failed to read SELinux context of '/usr/lib/systemd/system/sys-fs-fuse-connections.mount', ignoring: Operation not permitted
[53.899] systemd[1]: modprobe@fuse.service: Failed to read SELinux context of '/usr/lib/systemd/system/modprobe@.service', ignoring: Operation not permitted
[53.919] systemd[1]: selinux-autorelabel-mark.service: Failed to read SELinux context of '/usr/lib/systemd/system/selinux-autorelabel-mark.service', ignoring: Operation not permitted
[53.939] systemd[1]: proc-sys-fs-binfmt_misc.automount: Failed to read SELinux context of '/usr/lib/systemd/system/proc-sys-fs-binfmt_misc.automount', ignoring: Operation not permitted
[53.958] systemd[1]: plymouth-read-write.service: Failed to read SELinux context of '/usr/lib/systemd/system/plymouth-read-write.service', ignoring: Operation not permitted
[53.979] systemd[1]: ldconfig.service: Failed to read SELinux context of '/usr/lib/systemd/system/ldconfig.service', ignoring: Operation not permitted
[54.002] systemd[1]: kmod-static-nodes.service: Failed to read SELinux context of '/usr/lib/systemd/system/kmod-static-nodes.service', ignoring: Operation not permitted
[54.022] systemd[1]: integritysetup.target: Failed to read SELinux context of '/usr/lib/systemd/system/integritysetup.target', ignoring: Operation not permitted
[54.039] systemd[1]: fips-crypto-policy-overlay.service: Failed to read SELinux context of '/usr/lib/systemd/system/fips-crypto-policy-overlay.service', ignoring: Operation not permitted
[54.060] systemd[1]: dracut-shutdown.service: Failed to read SELinux context of '/usr/lib/systemd/system/dracut-shutdown.service', ignoring: Operation not permitted
[54.093] systemd[1]: dracut-shutdown-onfailure.service: Failed to read SELinux context of '/usr/lib/systemd/system/dracut-shutdown-onfailure.service', ignoring: Operation not permitted
[54.114] systemd[1]: dev-mqueue.mount: Failed to read SELinux context of '/usr/lib/systemd/system/dev-mqueue.mount', ignoring: Operation not permitted
[54.144] systemd[1]: dev-hugepages.mount: Failed to read SELinux context of '/usr/lib/systemd/system/dev-hugepages.mount', ignoring: Operation not permitted
[54.160] systemd[1]: cryptsetup.target: Failed to read SELinux context of '/usr/lib/systemd/system/cryptsetup.target', ignoring: Operation not permitted
[54.176] systemd[1]: emergency.service: Failed to read SELinux context of '/usr/lib/systemd/system/emergency.service', ignoring: Operation not permitted
[54.199] systemd[1]: swap.target: Failed to read SELinux context of '/usr/lib/systemd/system/swap.target', ignoring: Operation not permitted
[54.216] systemd[1]: dev-zram0.swap: Failed to read SELinux context of '/run/systemd/generator/dev-zram0.swap', ignoring: Operation not permitted
[54.238] systemd[1]: blockdev@dev-zram0.target: Failed to read SELinux context of '/usr/lib/systemd/system/blockdev@.target', ignoring: Operation not permitted
[54.258] systemd[1]: systemd-zram-setup@zram0.service: Failed to read SELinux context of '/usr/lib/systemd/system/systemd-zram-setup@.service', ignoring: Operation not permitted
[54.282] systemd[1]: syslog.socket: Failed to read SELinux context of '/usr/lib/systemd/system/syslog.socket', ignoring: Operation not permitted
[54.308] systemd[1]: systemd-journald-audit.socket: Failed to read SELinux context of '/usr/lib/systemd/system/systemd-journald-audit.socket', ignoring: Operation not permitted
[54.328] systemd[1]: systemd-journald-dev-log.socket: Failed to read SELinux context of '/usr/lib/systemd/system/systemd-journald-dev-log.socket', ignoring: Operation not permitted
[54.348] systemd[1]: sockets.target: Failed to read SELinux context of '/usr/lib/systemd/system/sockets.target', ignoring: Operation not permitted
[54.376] systemd[1]: systemd-userdbd.socket: Failed to read SELinux context of '/usr/lib/systemd/system/systemd-userdbd.socket', ignoring: Operation not permitted
[54.394] systemd[1]: systemd-userdbd.service: Failed to read SELinux context of '/usr/lib/systemd/system/systemd-userdbd.service', ignoring: Operation not permitted
[54.414] systemd[1]: systemd-sysext.socket: Failed to read SELinux context of '/usr/lib/systemd/system/systemd-sysext.socket', ignoring: Operation not permitted
[54.430] systemd[1]: systemd-pcrlock.socket: Failed to read SELinux context of '/usr/lib/systemd/system/systemd-pcrlock.socket', ignoring: Operation not permitted
[54.447] systemd[1]: systemd-pcrextend.socket: Failed to read SELinux context of '/usr/lib/systemd/system/systemd-pcrextend.socket', ignoring: Operation not permitted
[54.463] systemd[1]: systemd-initctl.socket: Failed to read SELinux context of '/usr/lib/systemd/system/systemd-initctl.socket', ignoring: Operation not permitted
[54.479] systemd[1]: systemd-initctl.service: Failed to read SELinux context of '/usr/lib/systemd/system/systemd-initctl.service', ignoring: Operation not permitted
[54.499] systemd[1]: systemd-hostnamed.socket: Failed to read SELinux context of '/usr/lib/systemd/system/systemd-hostnamed.socket', ignoring: Operation not permitted
[54.515] systemd[1]: systemd-hostnamed.service: Failed to read SELinux context of '/usr/lib/systemd/system/systemd-hostnamed.service', ignoring: Operation not permitted
[54.542] systemd[1]: systemd-creds.socket: Failed to read SELinux context of '/usr/lib/systemd/system/systemd-creds.socket', ignoring: Operation not permitted
[54.557] systemd[1]: systemd-coredump.socket: Failed to read SELinux context of '/usr/lib/systemd/system/systemd-coredump.socket', ignoring: Operation not permitted
[54.573] systemd[1]: systemd-bootctl.socket: Failed to read SELinux context of '/usr/lib/systemd/system/systemd-bootctl.socket', ignoring: Operation not permitted
[54.588] systemd[1]: sssd-kcm.socket: Failed to read SELinux context of '/usr/lib/systemd/system/sssd-kcm.socket', ignoring: Operation not permitted
[54.603] systemd[1]: sssd-kcm.service: Failed to read SELinux context of '/usr/lib/systemd/system/sssd-kcm.service', ignoring: Operation not permitted
[54.620] systemd[1]: sshd-unix-local.socket: Failed to read SELinux context of '/run/systemd/generator/sshd-unix-local.socket', ignoring: Operation not permitted
[54.634] systemd[1]: systemd-fsck-root.service: Failed to read SELinux context of '/usr/lib/systemd/system/systemd-fsck-root.service', ignoring: Operation not permitted
[54.659] systemd[1]: emergency.target: Failed to read SELinux context of '/usr/lib/systemd/system/emergency.target', ignoring: Operation not permitted
[54.674] systemd[1]: shutdown.target: Failed to read SELinux context of '/usr/lib/systemd/system/shutdown.target', ignoring: Operation not permitted
[54.688] systemd[1]: local-fs-pre.target: Failed to read SELinux context of '/usr/lib/systemd/system/local-fs-pre.target', ignoring: Operation not permitted
[54.722] systemd[1]: tmp.mount: Failed to read SELinux context of '/usr/lib/systemd/system/tmp.mount', ignoring: Operation not permitted
[54.784] systemd[1]: Queued start job for default target graphical.target.
[54.831] systemd[1]: Created slice system-getty.slice - Slice /system/getty.
[54.867] systemd[1]: Created slice system-modprobe.slice - Slice /system/modprobe.
[54.899] systemd[1]: Created slice system-sshd\x2dkeygen.slice - Slice /system/sshd-keygen.
[54.932] systemd[1]: Created slice system-systemd\x2dzram\x2dsetup.slice - Slice /system/systemd-zram-setup.
[54.967] systemd[1]: Created slice user.slice - User and Session Slice.
[55.008] systemd[1]: Started systemd-ask-password-console.path - Dispatch Password Requests to Console Directory Watch.
[55.037] systemd[1]: Started systemd-ask-password-wall.path - Forward Password Requests to Wall Directory Watch.
[55.073] systemd[1]: Set up automount proc-sys-fs-binfmt_misc.automount - Arbitrary Executable File Formats File System Automount Point.
[55.102] systemd[1]: Expecting device dev-zram0.device - /dev/zram0...
[55.131] systemd[1]: Reached target cryptsetup.target - Local Encrypted Volumes.
[55.157] systemd[1]: Reached target getty.target - Login Prompts.
[55.183] systemd[1]: Reached target integritysetup.target - Local Integrity Protected Volumes.
[55.209] systemd[1]: Reached target paths.target - Path Units.
[55.235] systemd[1]: Reached target remote-fs.target - Remote File Systems.
[55.262] systemd[1]: Reached target slices.target - Slice Units.
[55.289] systemd[1]: Reached target veritysetup.target - Local Verity Protected Volumes.
[55.320] systemd[1]: systemd-coredump@internal.service: Failed to read SELinux context of '/usr/lib/systemd/system/systemd-coredump@.service', ignoring: Operation not permitted
[55.348] systemd[1]: Listening on systemd-coredump.socket - Process Core Dump Socket.
[55.378] systemd[1]: systemd-creds@internal.service: Failed to read SELinux context of '/usr/lib/systemd/system/systemd-creds@.service', ignoring: Operation not permitted
[55.401] systemd[1]: Listening on systemd-creds.socket - Credential Encryption/Decryption.
[55.432] systemd[1]: Listening on systemd-initctl.socket - initctl Compatibility Named Pipe.
[55.465] systemd[1]: Listening on systemd-journald-audit.socket - Journal Audit Socket.
[55.498] systemd[1]: Listening on systemd-journald-dev-log.socket - Journal Socket (/dev/log).
[55.531] systemd[1]: Listening on systemd-journald.socket - Journal Sockets.
[55.560] systemd[1]: systemd-pcrextend.socket - TPM PCR Measurements skipped, unmet condition check ConditionSecurity=measured-uki
[55.572] systemd[1]: systemd-pcrlock.socket - Make TPM PCR Policy skipped, unmet condition check ConditionSecurity=measured-uki
[55.594] systemd[1]: Listening on systemd-udevd-control.socket - udev Control Socket.
[55.622] systemd[1]: Listening on systemd-udevd-kernel.socket - udev Kernel Socket.
[55.654] systemd[1]: Listening on systemd-userdbd.socket - User Database Manager Socket.
[55.721] systemd[1]: Mounting dev-hugepages.mount - Huge Pages File System...
[55.796] systemd[1]: Mounting dev-mqueue.mount - POSIX Message Queue File System...
[55.835] systemd[1]: sys-kernel-debug.mount: Directory /sys/kernel/debug to mount over is not empty, mounting anyway.
[55.868] systemd[1]: Mounting sys-kernel-debug.mount - Kernel Debug File System...
[55.917] systemd[1]: sys-kernel-tracing.mount: Directory /sys/kernel/tracing to mount over is not empty, mounting anyway.
[55.971] systemd[1]: Mounting sys-kernel-tracing.mount - Kernel Trace File System...
[56.032] systemd[1]: Started debug-shell.service - Early root shell on /dev/ttyS0 FOR DEBUGGING ONLY.
[!p]104[?7h[6n[32766;32766H[6n[56.074] systemd[1]: fips-crypto-policy-overlay.service - Bind-mount FIPS crypto-policy in FIPS mode skipped, unmet condition check ConditionKernelCommandLine=fips=1
[56.097] systemd[1]: kmod-static-nodes.service - Create List of Static Device Nodes skipped, unmet condition check ConditionFileNotEmpty=/lib/modules/6.19.0-oxide/modules.devname
[56.134] systemd[1]: Starting modprobe@configfs.service - Load Kernel Module configfs...
[56.194] systemd[1]: Starting modprobe@dm_mod.service - Load Kernel Module dm_mod...
[56.281] systemd[1]: Starting modprobe@drm.service - Load Kernel Module drm...
[56.339] systemd[1]: Starting modprobe@fuse.service - Load Kernel Module fuse...
[56.397] systemd[1]: Starting modprobe@loop.service - Load Kernel Module loop...
[!p]104[?7h[6n[32766;32766H[6n[56.445] systemd[1]: systemd-hibernate-clear.service - Clear Stale Hibernate Storage Info skipped, unmet condition check ConditionPathExists=/sys/firmware/efi/efivars/HibernateLocation-8cf2644b-4b0b-428f-9387-6d876050dc67
[56.520] systemd[1]: Starting systemd-journald.service - Journal Service...
[56.592] systemd[1]: Starting systemd-modules-load.service - Load Kernel Modules...
[56.662] systemd[1]: systemd-pcrmachine.service - TPM PCR Machine ID Measurement skipped, unmet condition check ConditionSecurity=measured-uki
[56.735] systemd[1]: Starting systemd-remount-fs.service - Remount Root and Kernel File Systems...
[56.803] systemd-modules-load[37]: Failed to find module 'i2c_dev'
[56.846] systemd[1]: Starting systemd-tmpfiles-setup-dev-early.service - Create Static Device Nodes in /dev gracefully...
[?2004hsh-5.2# [56.915] systemd[1]: systemd-tpm2-setup-early.service - Early TPM SRK Setup skipped, unmet condition check ConditionSecurity=measured-uki
[56.987] systemd[1]: Starting systemd-udev-load-credentials.service - Load udev Rules from Credentials...
[57.013] systemd-journald[36]: Collecting audit messages is enabled.
echo OXIDE-AL"IVE"-OK
[?2004lOXIDE-ALIVE-OK
[?2004hsh-5.2# [57.087] systemd[1]: Starting systemd-udev-trigger.service - Coldplug All udev Devices...
[57.300] systemd-journald[36]: Failed to determine peer security context: Protocol not available
[57.330] systemd[1]: Started systemd-journald.service - Journal Service.
[57.352] systemd-journald[36]: Failed to determine peer security context: Protocol not available
[57.379] systemd-journald[36]: Failed to determine peer security context: Protocol not available
[57.397] systemd[1]: Mounted dev-hugepages.mount - Huge Pages File System.
[57.487] systemd[1]: Mounted dev-mqueue.mount - POSIX Message Queue File System.
[57.524] systemd[1]: Mounted sys-kernel-debug.mount - Kernel Debug File System.
[57.573] systemd[1]: Mounted sys-kernel-tracing.mount - Kernel Trace File System.
[57.617] systemd[1]: modprobe@configfs.service: Deactivated successfully.
[57.633] systemd[1]: Finished modprobe@configfs.service - Load Kernel Module configfs.
[57.669] systemd[1]: modprobe@dm_mod.service: Deactivated successfully.
[57.683] systemd[1]: Finished modprobe@dm_mod.service - Load Kernel Module dm_mod.
[57.717] systemd[1]: modprobe@drm.service: Deactivated successfully.
[57.731] systemd[1]: Finished modprobe@drm.service - Load Kernel Module drm.
[57.764] systemd[1]: modprobe@fuse.service: Deactivated successfully.
[57.778] systemd[1]: Finished modprobe@fuse.service - Load Kernel Module fuse.
[57.812] systemd[1]: modprobe@loop.service: Deactivated successfully.
[57.827] systemd[1]: Finished modprobe@loop.service - Load Kernel Module loop.
[57.857] systemd[1]: Finished systemd-modules-load.service - Load Kernel Modules.
[57.888] systemd[1]: Finished systemd-remount-fs.service - Remount Root and Kernel File Systems.
[57.917] systemd[1]: Finished systemd-udev-load-credentials.service - Load udev Rules from Credentials.
[57.949] systemd[1]: Finished systemd-udev-trigger.service - Coldplug All udev Devices.
[58.189] systemd[1]: sys-fs-fuse-connections.mount - FUSE Control File System skipped, unmet condition check ConditionPathExists=/sys/fs/fuse/connections
[58.220] systemd[1]: Mounting sys-kernel-config.mount - Kernel Configuration File System...
[58.255] systemd[1]: systemd-hwdb-update.service - Rebuild Hardware Database skipped, unmet condition check ConditionNeedsUpdate=/etc
[58.289] systemd[1]: Starting systemd-journal-flush.service - Flush Journal to Persistent Storage...
[58.336] systemd[1]: Starting systemd-random-seed.service - Load/Save OS Random Seed...
[58.376] systemd[1]: systemd-repart.service - Repartition Root Disk skipped, no trigger condition checks were met.
[58.389] systemd-journald[36]: Received client request to flush runtime journal.
[58.420] systemd[1]: Starting systemd-sysctl.service - Apply Kernel Variables...
[58.455] systemd[1]: systemd-tpm2-setup.service - TPM SRK Setup skipped, unmet condition check ConditionSecurity=measured-uki
[58.485] systemd[1]: Starting systemd-userdbd.service - User Database Manager...
[58.520] systemd[1]: Mounted sys-kernel-config.mount - Kernel Configuration File System.
[sysrq] keys: b=reboot c=crash l=backtrace-all-cpus o=poweroff p=registers t=tasks w=blocked-tasks
[59.176] systemd[1]: Finished systemd-journal-flush.service - Flush Journal to Persistent Storage.
[59.229] systemd[1]: Finished systemd-random-seed.service - Load/Save OS Random Seed.
[59.398] systemd[1]: Finished systemd-sysctl.service - Apply Kernel Variables.
[59.494] systemd[1]: Started systemd-userdbd.service - User Database Manager.
[59.832] systemd[1]: Finished systemd-tmpfiles-setup-dev-early.service - Create Static Device Nodes in /dev gracefully.
[59.880] systemd[1]: systemd-sysusers.service - Create System Users skipped, no trigger condition checks were met.
[59.913] systemd[1]: Starting systemd-tmpfiles-setup-dev.service - Create Static Device Nodes in /dev...
[60.356] systemd[1]: Finished systemd-tmpfiles-setup-dev.service - Create Static Device Nodes in /dev.
[60.406] systemd[1]: Reached target local-fs-pre.target - Preparation for Local File Systems.
[60.440] systemd[1]: Reached target local-fs.target - Local File Systems.
[60.475] systemd[1]: systemd-bootctl@internal.service: Failed to read SELinux context of '/usr/lib/systemd/system/systemd-bootctl@.service', ignoring: Operation not permitted
[60.503] systemd[1]: Listening on systemd-bootctl.socket - Boot Entries Service Socket.
[60.539] systemd[1]: systemd-sysext@internal.service: Failed to read SELinux context of '/usr/lib/systemd/system/systemd-sysext@.service', ignoring: Operation not permitted
[60.568] systemd[1]: Listening on systemd-sysext.socket - System Extension Image Management.
[60.614] systemd[1]: Starting plymouth-read-write.service - Tell Plymouth To Write Out Runtime Data...
[60.663] systemd[1]: selinux-autorelabel-mark.service - Mark the need to relabel after reboot skipped, unmet condition check ConditionSecurity=!selinux
[60.690] systemd[1]: systemd-binfmt.service - Set Up Additional Binary Formats skipped, no trigger condition checks were met.
[60.702] systemd[1]: systemd-boot-random-seed.service - Update Boot Loader Random Seed skipped, no trigger condition checks were met.
[60.714] systemd[1]: systemd-confext.service - Merge System Configuration Images into /etc/ skipped, no trigger condition checks were met.
[60.726] systemd[1]: systemd-sysext.service - Merge System Extension Images into /usr/ and /opt/ skipped, no trigger condition checks were met.
[60.752] systemd[1]: Starting systemd-tmpfiles-setup.service - Create System Files and Directories...
[60.817] systemd[1]: Starting systemd-udevd.service - Rule-based Manager for Device Events and Files...
[60.913] systemd[1]: Finished plymouth-read-write.service - Tell Plymouth To Write Out Runtime Data.
