/* _FloatN function aliases (docs/59§9.1) — .set aliases of libm cores;
 * rustc cdylib filter localizes bare asm symbols, so re-promote here.
 * Functions (PLT-resolved) — no copy-reloc concern, unlike data aliases. */
{
  global:
    acosf32;
    acosf64;
    acoshf32;
    acoshf64;
    asinf32;
    asinf64;
    asinhf32;
    asinhf64;
    atan2f32;
    atan2f64;
    atanf32;
    atanf64;
    atanhf32;
    atanhf64;
    cabsf32;
    cabsf64;
    cacosf32;
    cacosf64;
    cacoshf32;
    cacoshf64;
    canonicalizef32;
    canonicalizef64;
    cargf32;
    cargf64;
    casinf32;
    casinf64;
    casinhf32;
    casinhf64;
    catanf32;
    catanf64;
    catanhf32;
    catanhf64;
    cbrtf32;
    cbrtf64;
    ccosf32;
    ccosf64;
    ccoshf32;
    ccoshf64;
    ceilf32;
    ceilf64;
    cexpf32;
    cexpf64;
    cimagf32;
    cimagf64;
    clog10f32;
    clog10f64;
    clogf32;
    clogf64;
    conjf32;
    conjf64;
    copysignf32;
    copysignf64;
    cosf32;
    cosf64;
    coshf32;
    coshf64;
    cpowf32;
    cpowf64;
    cprojf32;
    cprojf64;
    crealf32;
    crealf64;
    csinf32;
    csinf64;
    csinhf32;
    csinhf64;
    csqrtf32;
    csqrtf64;
    ctanf32;
    ctanf64;
    ctanhf32;
    ctanhf64;
    erfcf32;
    erfcf64;
    erff32;
    erff64;
    exp10f32;
    exp10f64;
    exp2f32;
    exp2f64;
    expf32;
    expf64;
    expm1f32;
    expm1f64;
    fabsf32;
    fabsf64;
    fdimf32;
    fdimf64;
    floorf32;
    floorf64;
    fmaf32;
    fmaf64;
    fmaxf32;
    fmaxf64;
    fmaxmagf32;
    fmaxmagf64;
    fminf32;
    fminf64;
    fminmagf32;
    fminmagf64;
    fmodf32;
    fmodf64;
    frexpf32;
    frexpf64;
    fromfpf32;
    fromfpf64;
    fromfpxf32;
    fromfpxf64;
    getpayloadf32;
    getpayloadf64;
    hypotf32;
    hypotf64;
    ilogbf32;
    ilogbf64;
    j0f32;
    j0f64;
    j1f32;
    j1f64;
    jnf32;
    jnf64;
    ldexpf32;
    ldexpf64;
    lgammaf32;
    lgammaf64;
    llogbf32;
    llogbf64;
    llrintf32;
    llrintf64;
    llroundf32;
    llroundf64;
    log10f32;
    log10f64;
    log1pf32;
    log1pf64;
    log2f32;
    log2f64;
    logbf32;
    logbf64;
    logf32;
    logf64;
    lrintf32;
    lrintf64;
    lroundf32;
    lroundf64;
    modff32;
    modff64;
    nanf32;
    nanf64;
    nearbyintf32;
    nearbyintf64;
    nextafterf32;
    nextafterf64;
    nextdownf32;
    nextdownf64;
    nextupf32;
    nextupf64;
    powf32;
    powf64;
    remainderf32;
    remainderf64;
    remquof64;
    rintf32;
    rintf64;
    roundevenf32;
    roundevenf64;
    roundf32;
    roundf64;
    scalblnf32;
    scalblnf64;
    scalbnf32;
    scalbnf64;
    setpayloadf32;
    setpayloadf64;
    setpayloadsigf32;
    setpayloadsigf64;
    sincosf32;
    sincosf64;
    sinf32;
    sinf64;
    sinhf32;
    sinhf64;
    sqrtf32;
    sqrtf64;
    strfromf32;
    strtof32;
    tanf32;
    tanf64;
    tanhf32;
    tanhf64;
    tgammaf32;
    tgammaf64;
    totalorderf32;
    totalorderf64;
    totalordermagf32;
    totalordermagf64;
    truncf32;
    truncf64;
    ufromfpf32;
    ufromfpf64;
    ufromfpxf32;
    ufromfpxf64;
    wcstof32;
    y0f32;
    y0f64;
    y1f32;
    y1f64;
    ynf32;
    ynf64;
    acospif32;
    acospif64;
    asinpif32;
    asinpif64;
    atan2pif32;
    atan2pif64;
    atanpif32;
    atanpif64;
    cospif32;
    cospif64;
    exp10m1f32;
    exp10m1f64;
    exp2m1f32;
    exp2m1f64;
    fmaximumf32;
    fmaximumf64;
    fmaximum_magf32;
    fmaximum_magf64;
    fmaximum_mag_numf32;
    fmaximum_mag_numf64;
    fmaximum_numf32;
    fmaximum_numf64;
    fminimumf32;
    fminimumf64;
    fminimum_magf32;
    fminimum_magf64;
    fminimum_mag_numf32;
    fminimum_mag_numf64;
    fminimum_numf32;
    fminimum_numf64;
    log10p1f32;
    log10p1f64;
    log2p1f32;
    log2p1f64;
    sinpif32;
    sinpif64;
    tanpif32;
    tanpif64;

    /* x86_64 SysV f80 long-double ABI bridge. */
    __finitel;
    __fpclassifyl;
    __isinfl;
    __isnanl;
    __issignalingl;
    __signbitl;
    ceill;
    copysignl;
    fabsl;
    fdiml;
    finitel;
    fmaxl;
    fmaxmagl;
    fmaximum_mag_numl;
    fmaximum_magl;
    fmaximum_numl;
    fmaximuml;
    fminl;
    fminmagl;
    fminimum_mag_numl;
    fminimum_magl;
    fminimum_numl;
    fminimuml;
    cimagl;
    conjl;
    cprojl;
    creall;
    isinfl;
    isnanl;
    llrintl;
    llroundl;
    lrintl;
    lroundl;
    nearbyintl;
    floorl;
    rintl;
    roundl;
    roundevenl;
    sqrtl;
    truncl;};
