/* _FloatN function aliases (docs/59§9.1) — .set aliases of libm cores;
 * rustc cdylib filter localizes bare asm symbols, so re-promote here.
 * Functions (PLT-resolved) — no copy-reloc concern, unlike data aliases. */
{
  global:
    _Fork;
    __acos_finite;
    __acosf_finite;
    __acosh_finite;
    __acoshf_finite;
    __adjtimex;
    __arch_prctl;
    __argz_count;
    __argz_next;
    __argz_stringify;
    __asin_finite;
    __asinf_finite;
    __asprintf;
    __abort_msg;
    __assert;
    __assert_perror_fail;
    __atan2_finite;
    __atan2f_finite;
    __atanh_finite;
    __atanhf_finite;
    __backtrace;
    __backtrace_symbols;
    __backtrace_symbols_fd;
    __b64_ntop;
    __b64_pton;
    __bzero;
    __close;
    __close_nocancel;
    __clone;
    __clog10;
    __clog10f;
    __chk_fail;
    __clock_gettime;
    __connect;
    __cosh_finite;
    __coshf_finite;
    __ctype32_b;
    __ctype32_tolower;
    __ctype32_toupper;
    __ctype_b;
    __ctype_init;
    __ctype_tolower;
    __ctype_toupper;
    __curbrk;
    __daylight;
    __dcgettext;
    __dgettext;
    __duplocale;
    __endmntent;
    __environ;
    __exp10_finite;
    __exp10f_finite;
    __exp2_finite;
    __exp2f_finite;
    __exp_finite;
    __expf_finite;
    __fcntl;
    __ffs;
    __freelocale;
    __fork;
    __fortify_fail;
    __fmod_finite;
    __fmodf_finite;
    __fseeko64;
    __fstat64;
    __ftello64;
    __fxstatat;
    __fxstatat64;
    __gamma_r_finite;
    __gammaf_r_finite;
    __hypot_finite;
    __hypotf_finite;
    __dn_comp;
    __dn_expand;
    __dn_skipname;
    __dup2;
    __getauxval;
    __getdelim;
    __getmntent_r;
    __getpagesize;
    __getpgid;
    __getpid;
    __getrlimit;
    __gettimeofday;
    __gmtime_r;
    __inet_aton_exact;
    __inet_pton_length;
    __isoc23_fscanf;
    __isoc23_scanf;
    __isoc23_vfscanf;
    __isoc23_vfwscanf;
    __isoc23_vscanf;
    __isoc23_vsscanf;
    __isoc23_vswscanf;
    __isoc23_vwscanf;
    __isoc99_fscanf;
    __isoc99_scanf;
    __isoc99_vfscanf;
    __isoc99_vfwscanf;
    __isoc99_vscanf;
    __isoc99_vsscanf;
    __isoc99_vswscanf;
    __isoc99_vwscanf;
    __isalnum_l;
    __isalpha_l;
    __isascii_l;
    __isblank_l;
    __iscntrl_l;
    __isdigit_l;
    __isctype;
    __libc_fork;
    __libc_pread;
    __libc_pwrite;
    __finite;
    __finitef;
    __iseqsig;
    __iseqsigf;
    __isinf;
    __isinff;
    __isnan;
    __isnanf;
    __isgraph_l;
    __islower_l;
    __isprint_l;
    __ispunct_l;
    __isspace_l;
    __issignaling;
    __issignalingf;
    __isupper_l;
    __iswalnum_l;
    __iswalpha_l;
    __iswblank_l;
    __iswcntrl_l;
    __iswctype;
    __iswctype_l;
    __iswdigit_l;
    __iswgraph_l;
    __iswlower_l;
    __iswprint_l;
    __iswpunct_l;
    __iswspace_l;
    __iswupper_l;
    __iswxdigit_l;
    __isxdigit_l;
    __j0_finite;
    __j0f_finite;
    __j1_finite;
    __j1f_finite;
    __jn_finite;
    __jnf_finite;
    __lgamma_r_finite;
    __lgammaf_r_finite;
    __lseek;
    __madvise;
    __mbrlen;
    __mbrtowc;
    __memcmpeq;
    __mprotect;
    __log10_finite;
    __log10f_finite;
    __log2_finite;
    __log2f_finite;
    __log_finite;
    __logf_finite;
    __mempcpy;
    __mmap;
    __munmap;
    __nanosleep;
    __newlocale;
    __mktemp;
    __nl_langinfo_l;
    __open64;
    __open64_nocancel;
    __open_nocancel;
    __pipe;
    __posix_getopt;
    __pow_finite;
    __powf_finite;
    __poll;
    __progname;
    __progname_full;
    __pread64;
    __pread64_nocancel;
    __pwrite64;
    __rawmemchr;
    __read;
    __read_nocancel;
    __register_atfork;
    __remainder_finite;
    __remainderf_finite;
    __scalb_finite;
    __scalbf_finite;
    __sched_get_priority_max;
    __sched_get_priority_min;
    __sched_getparam;
    __sched_getscheduler;
    __sched_setscheduler;
    __sched_yield;
    __sched_cpualloc;
    __sched_cpufree;
    __secure_getenv;
    __select;
    __send;
    __sendmmsg;
    __setpgid;
    __sbrk;
    __sigaction;
    __sigaddset;
    __sigdelset;
    __sigismember;
    __sigpause;
    __sigtimedwait;
    __sigsuspend;
    __sinh_finite;
    __sinhf_finite;
    __signbit;
    __signbitf;
    __signgam;
    __sqrt_finite;
    __sqrtf_finite;
    __strcasecmp_l;
    __strcasestr;
    __strcoll_l;
    __strcspn_c1;
    __strcspn_c2;
    __strcspn_c3;
    __strfmon_l;
    __strpbrk_c2;
    __strpbrk_c3;
    __strsep_1c;
    __strsep_2c;
    __strsep_3c;
    __strsep_g;
    __stpcpy;
    __stpncpy;
    __strcasecmp;
    __strdup;
    __strerror_r;
    __strndup;
    __strncasecmp_l;
    __strspn_c1;
    __strspn_c2;
    __strspn_c3;
    __strtod_l;
    __strtof_l;
    __strtof_internal;
    __strtol_l;
    __strtol_internal;
    __strtoll_l;
    __strtoll_internal;
    __strtod_internal;
    __strtoul_internal;
    __strtoull_internal;
    __strtok_r;
    __strtok_r_1c;
    __strtoul_l;
    __strtoull_l;
    __strverscmp;
    __strxfrm_l;
    __statfs;
    __strftime_l;
    __socket;
    __sysv_signal;
    __sysconf;
    __tdelete;
    __tfind;
    __timezone;
    __toascii_l;
    __tolower_l;
    __towctrans;
    __toupper_l;
    __tsearch;
    __twalk;
    __twalk_r;
    __towctrans_l;
    __towlower_l;
    __towupper_l;
    __tzname;
    __uselocale;
    __y0_finite;
    __y0f_finite;
    __y1_finite;
    __y1f_finite;
    __yn_finite;
    __ynf_finite;
    __vfscanf;
    __vfork;
    __vsnprintf;
    __vsscanf;
    __wait;
    __waitpid;
    __wcscasecmp_l;
    __wcscoll_l;
    __wcsncasecmp_l;
    __wcsftime_l;
    __wcstod_l;
    __wcstof_l;
    __wcstof_internal;
    __wcstol_l;
    __wcstol_internal;
    __wcstoll_l;
    __wcstoll_internal;
    __wcstod_internal;
    __wcstoul_l;
    __wcstoul_internal;
    __wcstoull_l;
    __wcstoull_internal;
    __wctrans_l;
    __wctype_l;
    __wcsxfrm_l;
    __write;
    __write_nocancel;
    __xpg_sigpause;
    acosf32;
    acosf64;
    acoshf32;
    acoshf64;
    asinf32;
    asinf64;
    asinhf32;
    asinhf64;
    atan2f32;
    atan2f64;
    atanf32;
    atanf64;
    atanhf32;
    atanhf64;
    cabsf32;
    cabsf64;
    cacosf32;
    cacosf64;
    cacoshf32;
    cacoshf64;
    canonicalizef32;
    canonicalizef64;
    cargf32;
    cargf64;
    casinf32;
    casinf64;
    casinhf32;
    casinhf64;
    catanf32;
    catanf64;
    catanhf32;
    catanhf64;
    cbrtf32;
    cbrtf64;
    ccosf32;
    ccosf64;
    ccoshf32;
    ccoshf64;
    ceilf32;
    ceilf64;
    cexpf32;
    cexpf64;
    cimagf32;
    cimagf64;
    clog10f32;
    clog10f64;
    clogf32;
    clogf64;
    conjf32;
    conjf64;
    copysignf32;
    copysignf64;
    cosf32;
    cosf64;
    coshf32;
    coshf64;
    cpowf32;
    cpowf64;
    cprojf32;
    cprojf64;
    crealf32;
    crealf64;
    csinf32;
    csinf64;
    csinhf32;
    csinhf64;
    csqrtf32;
    csqrtf64;
    ctanf32;
    ctanf64;
    ctanhf32;
    ctanhf64;
    erfcf32;
    erfcf64;
    erff32;
    erff64;
    exp10f32;
    exp10f64;
    exp2f32;
    exp2f64;
    expf32;
    expf64;
    expm1f32;
    expm1f64;
    fabsf32;
    fabsf64;
    fdimf32;
    fdimf64;
    floorf32;
    floorf64;
    fmaf32;
    fmaf64;
    fmaxf32;
    fmaxf64;
    fmaxmagf32;
    fmaxmagf64;
    fminf32;
    fminf64;
    fminmagf32;
    fminmagf64;
    fmodf32;
    fmodf64;
    frexpf32;
    frexpf64;
    fromfpf32;
    fromfpf64;
    fromfpxf32;
    fromfpxf64;
    getpayloadf32;
    getpayloadf64;
    hypotf32;
    hypotf64;
    ilogbf32;
    ilogbf64;
    j0f32;
    j0f64;
    j1f32;
    j1f64;
    jnf32;
    jnf64;
    ldexpf32;
    ldexpf64;
    lgammaf32;
    lgammaf64;
    llogbf32;
    llogbf64;
    llrintf32;
    llrintf64;
    llroundf32;
    llroundf64;
    log10f32;
    log10f64;
    log1pf32;
    log1pf64;
    log2f32;
    log2f64;
    logbf32;
    logbf64;
    logf32;
    logf64;
    lrintf32;
    lrintf64;
    lroundf32;
    lroundf64;
    modff32;
    modff64;
    nanf32;
    nanf64;
    nearbyintf32;
    nearbyintf64;
    nextafterf32;
    nextafterf64;
    nextdownf32;
    nextdownf64;
    nextupf32;
    nextupf64;
    powf32;
    powf64;
    remainderf32;
    remainderf64;
    remquof64;
    rintf32;
    rintf64;
    roundevenf32;
    roundevenf64;
    roundf32;
    roundf64;
    scalblnf32;
    scalblnf64;
    scalbnf32;
    scalbnf64;
    setpayloadf32;
    setpayloadf64;
    setpayloadsigf32;
    setpayloadsigf64;
    sincosf32;
    sincosf64;
    sinf32;
    sinf64;
    sinhf32;
    sinhf64;
    sqrtf32;
    sqrtf64;
    strfromf32;
    strtof32;
    tanf32;
    tanf64;
    tanhf32;
    tanhf64;
    tgammaf32;
    tgammaf64;
    totalorderf32;
    totalorderf64;
    totalordermagf32;
    totalordermagf64;
    truncf32;
    truncf64;
    ufromfpf32;
    ufromfpf64;
    ufromfpxf32;
    ufromfpxf64;
    wcstof32;
    y0f32;
    y0f64;
    y1f32;
    y1f64;
    ynf32;
    ynf64;
    acospif32;
    acospif64;
    asinpif32;
    asinpif64;
    atan2pif32;
    atan2pif64;
    atanpif32;
    atanpif64;
    cospif32;
    cospif64;
    exp10m1f32;
    exp10m1f64;
    exp2m1f32;
    exp2m1f64;
    fmaximumf32;
    fmaximumf64;
    fmaximum_magf32;
    fmaximum_magf64;
    fmaximum_mag_numf32;
    fmaximum_mag_numf64;
    fmaximum_numf32;
    fmaximum_numf64;
    fminimumf32;
    fminimumf64;
    fminimum_magf32;
    fminimum_magf64;
    fminimum_mag_numf32;
    fminimum_mag_numf64;
    fminimum_numf32;
    fminimum_numf64;
    log10p1f32;
    log10p1f64;
    log2p1f32;
    log2p1f64;
    sinpif32;
    sinpif64;
    tanpif32;
    tanpif64;

    /* x86_64 SysV f80 long-double ABI bridge. */
    __finitel;
    __fpclassifyl;
    __clog10l;
    __iscanonicall;
    __iseqsigl;
    __isinfl;
    __isnanl;
    __issignalingl;
    __signbitl;
    __acoshl_finite;
    __acosl_finite;
    __asinl_finite;
    __atan2l_finite;
    __atanhl_finite;
    __coshl_finite;
    __exp10l_finite;
    __exp2l_finite;
    __expl_finite;
    __fmodl_finite;
    __gammal_r_finite;
    __hypotl_finite;
    __j0l_finite;
    __j1l_finite;
    __jnl_finite;
    __lgammal_r_finite;
    __log10l_finite;
    __log2l_finite;
    __logl_finite;
    __powl_finite;
    __remainderl_finite;
    __scalbl_finite;
    __sinhl_finite;
    __sqrtl_finite;
    __y0l_finite;
    __y1l_finite;
    __ynl_finite;
    acosl;
    asinl;
    atan2l;
    atanl;
    cabsl;
    cargl;
    canonicalizel;
    cbrtl;
    ceill;
    copysignl;
    fabsl;
    dreml;
    erfcl;
    erfl;
    fdiml;
    finitel;
    fmaxl;
    fmaxmagl;
    fmaximum_mag_numl;
    fmaximum_magl;
    fmaximum_numl;
    fmaximuml;
    fminl;
    fminmagl;
    fminimum_mag_numl;
    fminimum_magl;
    fminimum_numl;
    fminimuml;
    fmal;
    fmodl;
    frexpl;
    fromfpl;
    fromfpxl;
    gammal;
    getpayloadl;
    hypotl;
    cacoshl;
    cacosl;
    casinhl;
    casinl;
    cimagl;
    ccoshl;
    ccosl;
    cexpl;
    clog10l;
    clogl;
    conjl;
    cprojl;
    cpowl;
    csinhl;
    csinl;
    csqrtl;
    catanhl;
    catanl;
    ctanhl;
    ctanl;
    creall;
    exp10l;
    exp2l;
    expl;
    expm1l;
    acoshl;
    asinhl;
    atanhl;
    ilogbl;
    isinfl;
    isnanl;
    j0l;
    j1l;
    jnl;
    ldexpl;
    lgammal;
    lgammal_r;
    llogbl;
    logbl;
    log10l;
    log1pl;
    log2l;
    logl;
    llrintl;
    llroundl;
    lrintl;
    lroundl;
    modfl;
    nanl;
    nearbyintl;
    nextafterl;
    nextdownl;
    nexttoward;
    nexttowardf;
    nexttowardl;
    nextupl;
    pow10l;
    powl;
    qecvt;
    qecvt_r;
    qfcvt;
    qfcvt_r;
    qgcvt;
    coshl;
    floorl;
    rintl;
    roundl;
    roundevenl;
    remainderl;
    scalbl;
    scalblnl;
    scalbnl;
    sinhl;
    setpayloadl;
    setpayloadsigl;
    significandl;
    sincosl;
    sinl;
    sqrtl;
    strfroml;
    strtold;
    cosl;
    tanhl;
    tanl;
    tgammal;
    totalorderl;
    totalordermagl;
    ufromfpl;
    ufromfpxl;
    wcstold;
    truncl;
    y0l;
    y1l;
    ynl;};
